Component: ARM Compiler 5.06 update 7 (build 960) Tool: armlink [4d3601]

==============================================================================

Section Cross References

    main.o(.text) refers to rtx_kernel.o(.text) for osKernelGetState
    main.o(.text) refers to stm32f4xx_hal_rcc.o(.text) for HAL_RCC_OscConfig
    main.o(.text) refers to stm32f4xx_hal.o(.text) for HAL_GetREVID
    main.o(.text) refers to system_stm32f4xx.o(.text) for SystemCoreClockUpdate
    main.o(.text) refers to rtx_thread.o(.text) for osThreadNew
    main.o(.text) refers to system_stm32f4xx.o(.data) for SystemCoreClock
    main.o(.text) refers to main.o(.data) for .data
    main.o(.text) refers to http_server.o(.constdata) for app_main_attr
    main.o(.text) refers to http_server.o(.text) for app_main
    http_server.o(.text) refers to adc.o(.text) for ADC_getVoltage
    http_server.o(.text) refers to ffixi.o(.text) for __aeabi_f2iz
    http_server.o(.text) refers to buttons_nucleo_f429zi.o(.text) for Buttons_GetState
    http_server.o(.text) refers to rtx_thread.o(.text) for osThreadFlagsSet
    http_server.o(.text) refers to lcd.o(.text) for LCD_Initialize
    http_server.o(.text) refers to leds.o(.text) for ledsON
    http_server.o(.text) refers to rtx_delay.o(.text) for osDelay
    http_server.o(.text) refers to rtx_timer.o(.text) for osTimerStart
    http_server.o(.text) refers to rtc.o(.text) for RTC_Show
    http_server.o(.text) refers to memcpya.o(.text) for __aeabi_memcpy4
    http_server.o(.text) refers to stm32f4xx_hal_gpio.o(.text) for HAL_GPIO_TogglePin
    http_server.o(.text) refers to sntp.o(.text) for SNTP_Init
    http_server.o(.text) refers to net_sys.o(i.netInitialize) for netInitialize
    http_server.o(.text) refers to http_server.o(.bss) for .bss
    http_server.o(.text) refers to http_server.o(.data) for .data
    http_server.o(.constdata) refers to http_server.o(.bss) for app_main_stk
    http_server_cgi.o(.text) refers to net_http_server.o(i.netCGI_GetEnvVar) for netCGI_GetEnvVar
    http_server_cgi.o(.text) refers to net_addr.o(i.netIP_aton) for netIP_aton
    http_server_cgi.o(.text) refers to net_sys.o(i.netIF_SetOption) for netIF_SetOption
    http_server_cgi.o(.text) refers to strcmp.o(.text) for strcmp
    http_server_cgi.o(.text) refers to strncmp.o(.text) for strncmp
    http_server_cgi.o(.text) refers to leds.o(.text) for ledsON
    http_server_cgi.o(.text) refers to net_http_server.o(i.netHTTPs_LoginActive) for netHTTPs_LoginActive
    http_server_cgi.o(.text) refers to strcpy.o(.text) for strcpy
    http_server_cgi.o(.text) refers to net_http_server.o(i.netHTTPs_SetPassword) for netHTTPs_SetPassword
    http_server_cgi.o(.text) refers to rtx_thread.o(.text) for osThreadFlagsSet
    http_server_cgi.o(.text) refers to net_sys.o(i.netIF_GetOption) for netIF_GetOption
    http_server_cgi.o(.text) refers to net_addr.o(i.netIP_ntoa) for netIP_ntoa
    http_server_cgi.o(.text) refers to printfa.o(i.__0sprintf) for __2sprintf
    http_server_cgi.o(.text) refers to net_tcp.o(i.netTCP_GetState) for netTCP_GetState
    http_server_cgi.o(.text) refers to net_tcp.o(i.netTCP_GetPeer) for netTCP_GetPeer
    http_server_cgi.o(.text) refers to net_tcp.o(i.netTCP_GetTimer) for netTCP_GetTimer
    http_server_cgi.o(.text) refers to net_tcp.o(i.netTCP_GetLocalPort) for netTCP_GetLocalPort
    http_server_cgi.o(.text) refers to net_http_server.o(i.netHTTPs_GetPassword) for netHTTPs_GetPassword
    http_server_cgi.o(.text) refers to net_http_server.o(i.netHTTPs_GetLanguage) for netHTTPs_GetLanguage
    http_server_cgi.o(.text) refers to http_server_cgi.o(.bss) for .bss
    http_server_cgi.o(.text) refers to http_server_cgi.o(.data) for .data
    http_server_cgi.o(.text) refers to http_server.o(.data) for LEDrun
    http_server_cgi.o(.text) refers to http_server_cgi.o(.conststring) for .conststring
    http_server_cgi.o(.text) refers to http_server.o(.text) for AD_in
    http_server_cgi.o(.text) refers to ffltui.o(.text) for __aeabi_ui2f
    http_server_cgi.o(.text) refers to fmul.o(.text) for __aeabi_fmul
    http_server_cgi.o(.text) refers to f2d.o(.text) for __aeabi_f2d
    http_server_cgi.o(.text) refers to dscalb.o(.text) for __ARM_scalbn
    web.o(.text) refers to web.o(.constdata) for .constdata
    web.o(.constdata) refers to web.o(.constdata) for imageFileData
    leds.o(.text) refers to stm32f4xx_hal_gpio.o(.text) for HAL_GPIO_Init
    lcd.o(.text) refers to rtx_thread.o(.text) for osThreadFlagsSet
    lcd.o(.text) refers to stm32f4xx_hal_tim.o(.text) for HAL_TIM_Base_Init
    lcd.o(.text) refers to stm32f4xx_hal_gpio.o(.text) for HAL_GPIO_Init
    lcd.o(.text) refers to printfa.o(i.__0sprintf) for __2sprintf
    lcd.o(.text) refers to f2d.o(.text) for __aeabi_f2d
    lcd.o(.text) refers to http_server.o(.data) for TID_Display
    lcd.o(.text) refers to lcd.o(.bss) for .bss
    lcd.o(.text) refers to lcd.o(.data) for .data
    lcd.o(.text) refers to lcd.o(.constdata) for .constdata
[...]
    netMAC_aton                              0x08013a65   Thumb Code   140  net_addr.o(i.netMAC_aton)
    netSNTPc_GetTime                         0x08013af1   Thumb Code    28  net_sntp_client_core.o(i.netSNTPc_GetTime)
    netTCP_GetLocalPort                      0x08013b0d   Thumb Code     4  net_tcp.o(i.netTCP_GetLocalPort)
    netTCP_GetPeer                           0x08013b11   Thumb Code    32  net_tcp.o(i.netTCP_GetPeer)
    netTCP_GetState                          0x08013b31   Thumb Code     4  net_tcp.o(i.netTCP_GetState)
    netTCP_GetTimer                          0x08013b35   Thumb Code     4  net_tcp.o(i.netTCP_GetTimer)
    net_addr4_aton                           0x08013b39   Thumb Code   124  net_addr.o(i.net_addr4_aton)
    net_addr4_to_mac                         0x08013bb5   Thumb Code    30  net_addr.o(i.net_addr4_to_mac)
    net_addr6_aton                           0x08013bd5   Thumb Code   230  net_addr.o(i.net_addr6_aton)
    net_addr6_comp                           0x08013cbb   Thumb Code    40  net_addr.o(i.net_addr6_comp)
    net_addr6_copy                           0x08013ce3   Thumb Code    18  net_addr.o(i.net_addr6_copy)
    net_addr6_create                         0x08013cf5   Thumb Code    70  net_addr.o(i.net_addr6_create)
    net_addr6_get_solicited                  0x08013d41   Thumb Code    34  net_addr.o(i.net_addr6_get_solicited)
    net_addr6_is_linklocal                   0x08013d69   Thumb Code    24  net_addr.o(i.net_addr6_is_linklocal)
    net_addr6_is_onlink                      0x08013d81   Thumb Code   110  net_addr.o(i.net_addr6_is_onlink)
    net_addr6_is_solicited                   0x08013def   Thumb Code    72  net_addr.o(i.net_addr6_is_solicited)
    net_addr6_is_unspec                      0x08013e37   Thumb Code    24  net_addr.o(i.net_addr6_is_unspec)
    net_addr6_to_mac                         0x08013e4f   Thumb Code    14  net_addr.o(i.net_addr6_to_mac)
    net_addr_comp                            0x08013e5d   Thumb Code    44  net_addr.o(i.net_addr_comp)
    net_addr_copy                            0x08013e89   Thumb Code    38  net_addr.o(i.net_addr_copy)
    net_addr_find_route                      0x08013eaf   Thumb Code    26  net_addr.o(i.net_addr_find_route)
    net_addr_get_local                       0x08013ec9   Thumb Code    26  net_addr.o(i.net_addr_get_local)
    net_addr_is_unspec                       0x08013ee9   Thumb Code    34  net_addr.o(i.net_addr_is_unspec)
    net_arp_cache_add                        0x08013f0d   Thumb Code   276  net_arp.o(i.net_arp_cache_add)
    net_arp_cache_early                      0x08014029   Thumb Code   180  net_arp.o(i.net_arp_cache_early)
    net_arp_cache_find                       0x080140e5   Thumb Code   224  net_arp.o(i.net_arp_cache_find)
    net_arp_cache_init                       0x080141d1   Thumb Code    64  net_arp.o(i.net_arp_cache_init)
    net_arp_cache_run                        0x08014219   Thumb Code    22  net_arp.o(i.net_arp_cache_run)
    net_arp_enqueue                          0x08014235   Thumb Code   114  net_arp.o(i.net_arp_enqueue)
    net_arp_notify                           0x080142ad   Thumb Code    32  net_arp.o(i.net_arp_notify)
    net_arp_process                          0x080142cd   Thumb Code   536  net_arp.o(i.net_arp_process)
    net_atoi                                 0x080144f1   Thumb Code    66  net_common.o(i.net_atoi)
    net_chksum_buf                           0x08014533   Thumb Code    48  net_common.o(i.net_chksum_buf)
    net_crc_buf                              0x08014563   Thumb Code    30  net_common.o(i.net_crc_buf)
    net_eth_callback                         0x08014581   Thumb Code    14  net_eth.o(i.net_eth_callback)
    net_eth_config_mcast                     0x0801458f   Thumb Code   104  net_eth.o(i.net_eth_config_mcast)
    net_eth_get_option                       0x080145f7   Thumb Code   234  net_eth.o(i.net_eth_get_option)
    net_eth_iface_init                       0x080146e1   Thumb Code    22  net_eth.o(i.net_eth_iface_init)
    net_eth_iface_run                        0x080146fd   Thumb Code    22  net_eth.o(i.net_eth_iface_run)
    net_eth_output                           0x08014719   Thumb Code   164  net_eth.o(i.net_eth_output)
    net_eth_send_frame                       0x080147c1   Thumb Code   462  net_eth.o(i.net_eth_send_frame)
    net_eth_set_option                       0x080149a1   Thumb Code   610  net_eth.o(i.net_eth_set_option)
    net_http_server_init                     0x08014c11   Thumb Code   212  net_http_server.o(i.net_http_server_init)
    net_http_server_run                      0x08014cf9   Thumb Code    30  net_http_server.o(i.net_http_server_run)
    net_icmp6_init                           0x08014d21   Thumb Code    20  net_icmp6.o(i.net_icmp6_init)
    net_icmp6_process                        0x08014d39   Thumb Code   542  net_icmp6.o(i.net_icmp6_process)
    net_icmp6_send                           0x08014f71   Thumb Code   122  net_icmp6.o(i.net_icmp6_send)
    net_icmp6_send_echo                      0x08014ff5   Thumb Code    78  net_icmp6.o(i.net_icmp6_send_echo)
    net_icmp_init                            0x0801504d   Thumb Code    20  net_icmp.o(i.net_icmp_init)
    net_icmp_process                         0x08015065   Thumb Code   430  net_icmp.o(i.net_icmp_process)
    net_icmp_send_echo                       0x0801522d   Thumb Code   142  net_icmp.o(i.net_icmp_send_echo)
    net_if_map_all                           0x080152cd   Thumb Code     6  net_sys.o(i.net_if_map_all)
    net_igmp_collect_mcast                   0x080152d9   Thumb Code   104  net_igmp.o(i.net_igmp_collect_mcast)
    net_igmp_host_init                       0x08015345   Thumb Code    68  net_igmp.o(i.net_igmp_host_init)
    net_igmp_host_run                        0x0801538d   Thumb Code    22  net_igmp.o(i.net_igmp_host_run)
    net_igmp_is_member                       0x080153a9   Thumb Code    28  net_igmp.o(i.net_igmp_is_member)
    net_igmp_process                         0x080153c9   Thumb Code   414  net_igmp.o(i.net_igmp_process)
    net_ip4_chk_frame                        0x08015575   Thumb Code   372  net_ip4.o(i.net_ip4_chk_frame)
    net_ip4_chksum                           0x08015701   Thumb Code    44  net_ip4.o(i.net_ip4_chksum)
    net_ip4_chksum_buf                       0x0801572d   Thumb Code     6  net_ip4.o(i.net_ip4_chksum_buf)
    net_ip4_find_route                       0x08015735   Thumb Code   104  net_ip4.o(i.net_ip4_find_route)
    net_ip4_frag_add                         0x080157b5   Thumb Code   284  net_ip4_frag.o(i.net_ip4_frag_add)
    net_ip4_frag_get                         0x080158d9   Thumb Code   168  net_ip4_frag.o(i.net_ip4_frag_get)
    net_ip4_frag_init                        0x08015985   Thumb Code    12  net_ip4_frag.o(i.net_ip4_frag_init)
    net_ip4_frag_run                         0x08015995   Thumb Code    50  net_ip4_frag.o(i.net_ip4_frag_run)
    net_ip4_get_local                        0x080159d1   Thumb Code    40  net_ip4.o(i.net_ip4_get_local)
    net_ip4_init                             0x080159fd   Thumb Code    22  net_ip4.o(i.net_ip4_init)
    net_ip4_is_onlink                        0x08015a21   Thumb Code    32  net_ip4.o(i.net_ip4_is_onlink)
    net_ip4_is_subcast                       0x08015a41   Thumb Code    38  net_ip4.o(i.net_ip4_is_subcast)
    net_ip4_reass_frame                      0x08015a67   Thumb Code    14  net_ip4.o(i.net_ip4_reass_frame)
    net_ip4_send_frame                       0x08015a75   Thumb Code   340  net_ip4.o(i.net_ip4_send_frame)
    net_ip4_tx_offl_hl                       0x08015bd9   Thumb Code    42  net_ip4.o(i.net_ip4_tx_offl_hl)
    net_ip6_chk_frame                        0x08015c05   Thumb Code   236  net_ip6.o(i.net_ip6_chk_frame)
    net_ip6_chksum                           0x08015d05   Thumb Code    50  net_ip6.o(i.net_ip6_chksum)
    net_ip6_collect_mcast                    0x08015d39   Thumb Code   118  net_ip6.o(i.net_ip6_collect_mcast)
    net_ip6_find_route                       0x08015db5   Thumb Code    56  net_ip6.o(i.net_ip6_find_route)
    net_ip6_get_local                        0x08015dfd   Thumb Code    74  net_ip6.o(i.net_ip6_get_local)
    net_ip6_init                             0x08015e51   Thumb Code    20  net_ip6.o(i.net_ip6_init)
    net_ip6_send_frame                       0x08015e6d   Thumb Code   192  net_ip6.o(i.net_ip6_send_frame)
    net_ip6_tx_offl_hl                       0x08015f39   Thumb Code    30  net_ip6.o(i.net_ip6_tx_offl_hl)
    net_itoa                                 0x08015f57   Thumb Code     8  net_common.o(i.net_itoa)
    net_itoa_n0                              0x08015f5f   Thumb Code     6  net_common.o(i.net_itoa_n0)
    net_loop_iface_init                      0x08015f65   Thumb Code    40  net_loopback.o(i.net_loop_iface_init)
    net_loop_iface_run                       0x08015f95   Thumb Code   176  net_loopback.o(i.net_loop_iface_run)
    net_loop_send_frame                      0x08016051   Thumb Code   104  net_loopback.o(i.net_loop_send_frame)
    net_mem_alloc                            0x080160c1   Thumb Code   178  net_mem.o(i.net_mem_alloc)
    net_mem_avail                            0x08016181   Thumb Code    22  net_mem.o(i.net_mem_avail)
    net_mem_free                             0x0801619d   Thumb Code   152  net_mem.o(i.net_mem_free)
    net_mem_init                             0x08016241   Thumb Code    98  net_mem.o(i.net_mem_init)
    net_mem_shrink                           0x080162b1   Thumb Code    62  net_mem.o(i.net_mem_shrink)
    net_nbns_client_init                     0x080162f9   Thumb Code    82  net_nbns_client.o(i.net_nbns_client_init)
    net_ndp_cache_find                       0x0801635d   Thumb Code   438  net_ndp.o(i.net_ndp_cache_find)
    net_ndp_cache_refresh                    0x08016521   Thumb Code   112  net_ndp.o(i.net_ndp_cache_refresh)
    net_ndp_enqueue                          0x08016599   Thumb Code   108  net_ndp.o(i.net_ndp_enqueue)
    net_ndp_process                          0x08016609   Thumb Code   872  net_ndp.o(i.net_ndp_process)
    net_path                                 0x0801697d   Thumb Code    52  net_sys.o(i.net_path)
    net_ping_client_init                     0x080169b5   Thumb Code    22  net_ping_core.o(i.net_ping_client_init)
    net_ping_client_run                      0x080169d5   Thumb Code   110  net_ping_core.o(i.net_ping_client_run)
    net_rand32                               0x08016a55   Thumb Code    18  net_sys.o(i.net_rand32)
    net_sntp_client_init                     0x08016a71   Thumb Code    80  net_sntp_client_core.o(i.net_sntp_client_init)
    net_sntp_client_run                      0x08016acd   Thumb Code    76  net_sntp_client_core.o(i.net_sntp_client_run)
    net_sntp_client_start                    0x08016b25   Thumb Code   312  net_sntp_client_core.o(i.net_sntp_client_start)
    net_strcasecmp                           0x08016c6d   Thumb Code    46  net_common.o(i.net_strcasecmp)
    net_strcmp                               0x08016c9b   Thumb Code    26  net_common.o(i.net_strcmp)
    net_strcpy                               0x08016cb5   Thumb Code    18  net_common.o(i.net_strcpy)
    net_strnchr                              0x08016cc7   Thumb Code    28  net_common.o(i.net_strnchr)
    net_strncpy                              0x08016ce3   Thumb Code    26  net_common.o(i.net_strncpy)
    net_strtoupper                           0x08016cfd   Thumb Code    32  net_common.o(i.net_strtoupper)
    net_sys_lock                             0x08016d1d   Thumb Code     8  net_sys.o(i.net_sys_lock)
    net_sys_resume                           0x08016d29   Thumb Code    22  net_sys.o(i.net_sys_resume)
    net_sys_tick                             0x08016d41   Thumb Code    16  net_sys.o(i.net_sys_tick)
    net_sys_unlock                           0x08016d55   Thumb Code     8  net_sys.o(i.net_sys_unlock)
    net_sys_wakeup                           0x08016d61   Thumb Code    26  net_sys.o(i.net_sys_wakeup)
    net_tcp_abort                            0x08016d81   Thumb Code   122  net_tcp.o(i.net_tcp_abort)
    net_tcp_close                            0x08016e05   Thumb Code   218  net_tcp.o(i.net_tcp_close)
    net_tcp_get_buf                          0x08016ee9   Thumb Code    46  net_tcp.o(i.net_tcp_get_buf)
    net_tcp_get_local_port                   0x08016f19   Thumb Code    48  net_tcp.o(i.net_tcp_get_local_port)
    net_tcp_get_mss                          0x08016f4d   Thumb Code    34  net_tcp.o(i.net_tcp_get_mss)
    net_tcp_get_peer                         0x08016f75   Thumb Code    80  net_tcp.o(i.net_tcp_get_peer)
    net_tcp_get_socket                       0x08016fc9   Thumb Code   104  net_tcp.o(i.net_tcp_get_socket)
    net_tcp_get_state                        0x08017039   Thumb Code    40  net_tcp.o(i.net_tcp_get_state)
    net_tcp_get_timer                        0x08017065   Thumb Code    48  net_tcp.o(i.net_tcp_get_timer)
    net_tcp_listen                           0x08017099   Thumb Code   168  net_tcp.o(i.net_tcp_listen)
    net_tcp_process                          0x08017149   Thumb Code  1956  net_tcp.o(i.net_tcp_process)
    net_tcp_send                             0x080178f1   Thumb Code   336  net_tcp.o(i.net_tcp_send)
    net_tcp_set_option                       0x08017a4d   Thumb Code   288  net_tcp.o(i.net_tcp_set_option)
    net_tcp_socket_init                      0x08017b79   Thumb Code    30  net_tcp.o(i.net_tcp_socket_init)
    net_tcp_socket_run                       0x08017ba1   Thumb Code   938  net_tcp.o(i.net_tcp_socket_run)
    net_udp_close                            0x08017f61   Thumb Code    62  net_udp.o(i.net_udp_close)
    net_udp_get_buf                          0x08017fa9   Thumb Code    46  net_udp.o(i.net_udp_get_buf)
    net_udp_get_socket                       0x08017fd9   Thumb Code   102  net_udp.o(i.net_udp_get_socket)
    net_udp_open                             0x08018049   Thumb Code   160  net_udp.o(i.net_udp_open)
    net_udp_process                          0x080180f5   Thumb Code   322  net_udp.o(i.net_udp_process)
    net_udp_send                             0x0801824d   Thumb Code    18  net_udp.o(i.net_udp_send)
    net_udp_send_if                          0x08018261   Thumb Code   540  net_udp.o(i.net_udp_send_if)
    net_udp_socket_init                      0x0801848d   Thumb Code    30  net_udp.o(i.net_udp_socket_init)
    net_ultoa                                0x080184b1   Thumb Code     8  net_common.o(i.net_ultoa)
    net_ultox                                0x080184b9   Thumb Code    44  net_common.o(i.net_ultox)
    net_xtoul                                0x080184e9   Thumb Code    76  net_common.o(i.net_xtoul)
    app_main_attr                            0x08019190   Data          36  http_server.o(.constdata)
    imageLastModified                        0x080191b4   Data           4  web.o(.constdata)
    Arial12x12                               0x080203a0   Data        2400  lcd.o(.constdata)
    osRtxUserSVC                             0x08020d68   Data           4  rtx_lib.o(.constdata)
    Driver_ETH_PHY0                          0x08020d70   Data          32  phy_lan8742a.o(.constdata)
    Driver_ETH_MAC0                          0x08020de0   Data          68  emac_stm32f4xx.o(.constdata)
    Driver_SPI1                              0x08020e78   Data          44  spi_stm32f4xx.o(.constdata)
    EventRecorderInfo                        0x08020ea4   Data          24  eventrecorder.o(.constdata)
    AHBPrescTable                            0x08020ec4   Data          16  system_stm32f4xx.o(.constdata)
    APBPrescTable                            0x08020ed4   Data           8  system_stm32f4xx.o(.constdata)
    net_sys_config                           0x08020f84   Data          28  net_config.o(.constdata)
    net_eth0_if_config                       0x08020ff8   Data          44  net_config.o(.constdata)
    net_eth_list                             0x08021024   Data           8  net_config.o(.constdata)
    net_if_list_lan                          0x0802102c   Data           8  net_config.o(.constdata)
    net_if_list_all                          0x08021034   Data           8  net_config.o(.constdata)
    net_if_inet_def                          0x0802103c   Data           8  net_config.o(.constdata)
    net_if_link_def                          0x08021044   Data           8  net_config.o(.constdata)
    net_arp_list                             0x0802104c   Data           8  net_config.o(.constdata)
    net_icmp_list                            0x08021054   Data           8  net_config.o(.constdata)
    net_igmp_list                            0x0802105c   Data           8  net_config.o(.constdata)
    net_icmp6_list                           0x08021064   Data           4  net_config.o(.constdata)
    net_ip4_frag_config                      0x08021068   Data           8  net_config.o(.constdata)
    net_udp_config                           0x08021070   Data          12  net_config.o(.constdata)
    net_tcp_config                           0x0802107c   Data          24  net_config.o(.constdata)
    net_http_config                          0x08021094   Data          52  net_config.o(.constdata)
    net_sntp_config                          0x080210c8   Data           8  net_config.o(.constdata)
    netif_getopt_func                        0x08021128   Data          16  net_config.o(.constdata)
    netif_setopt_func                        0x08021138   Data          16  net_config.o(.constdata)
    net_loop_if_config                       0x08021150   Data          44  net_loopback.o(.constdata)
    net_ping_payload                         0x0802128a   Data          18  net_ping_core.o(.constdata)
    net_addr_unspec                          0x0802129c   Data          16  net_addr.o(.constdata)
    net_addr_bcast                           0x080212ac   Data           6  net_addr.o(.constdata)
    net_addr4_loopback                       0x080212b2   Data           4  net_ip4.o(.constdata)
    net_addr6_all_nodes                      0x080212b6   Data          16  net_ip6.o(.constdata)
    net_addr6_loopback                       0x080212c6   Data          16  net_ip6.o(.constdata)
    net_http_error                           0x080212d8   Data          24  net_http_server_err.o(.constdata)
    net_lib_version                          0x08021300   Data           4  net_version.o(.constdata)
    network_ip4ip6_debug_v7.15.0             0x08021300   Data           4  net_version.o(.constdata)
    osRtxConfig                              0x080216d4   Data         112  rtx_lib.o(.rodata)
    os_cb_sections                           0x08021744   Data          56  rtx_lib.o(.rodata)
    Region$$Table$$Base                      0x0802177c   Number         0  anon$$obj.o(Region$$Table)
    Region$$Table$$Limit                     0x080217ac   Number         0  anon$$obj.o(Region$$Table)
    .bss.os.msgqueue.cb$$Base                0x20008044   Number         0  rtx_lib.o(.bss.os.msgqueue.cb)
    .bss.os.msgqueue.cb$$Limit               0x20008078   Number         0  rtx_lib.o(.bss.os.msgqueue.cb)
    .bss.os.mutex.cb$$Base                   0x200080c8   Number         0  net_config.o(.bss.os.mutex.cb)
    .bss.os.mutex.cb$$Limit                  0x20008100   Number         0  net_config.o(.bss.os.mutex.cb)
    .bss.os.semaphore.cb$$Base               0x20008100   Number         0  net_config.o(.bss.os.semaphore.cb)
    .bss.os.semaphore.cb$$Limit              0x20008110   Number         0  net_config.o(.bss.os.semaphore.cb)
    .bss.os.thread.cb$$Base                  0x20008110   Number         0  rtx_lib.o(.bss.os.thread.cb)
    .bss.os.thread.cb$$Limit                 0x20008220   Number         0  net_config.o(.bss.os.thread.cb)
    .bss.os.timer.cb$$Base                   0x20008620   Number         0  net_config.o(.bss.os.timer.cb)
    .bss.os.timer.cb$$Limit                  0x20008640   Number         0  net_config.o(.bss.os.timer.cb)
    cincoSeg                                 0x20008644   Data           1  http_server.o(.data)
    tim_1s                                   0x20008645   Data           1  http_server.o(.data)
    timersError                              0x20008646   Data           1  http_server.o(.data)
    LEDrun                                   0x20008647   Data           1  http_server.o(.data)
    TID_Display                              0x20008648   Data           4  http_server.o(.data)
    TID_Led                                  0x2000864c   Data           4  http_server.o(.data)
    TID_RTC                                  0x20008650   Data           4  http_server.o(.data)
    TID_Alarm                                0x20008654   Data           4  http_server.o(.data)
    TID_User                                 0x20008658   Data           4  http_server.o(.data)
    id_tim_1s                                0x2000865c   Data           4  http_server.o(.data)
    status_1s                                0x20008660   Data           4  http_server.o(.data)
    id_tim_6s                                0x20008664   Data           4  http_server.o(.data)
    status_6s                                0x20008668   Data           4  http_server.o(.data)
    id_tim_3m                                0x2000866c   Data           4  http_server.o(.data)
    status_3m                                0x20008670   Data           4  http_server.o(.data)
    lcd_text                                 0x20008674   Data          42  http_server.o(.data)
    positionL1                               0x200086a8   Data           2  lcd.o(.data)
    positionL2                               0x200086aa   Data           2  lcd.o(.data)
    SPIdrv                                   0x200086ac   Data           4  lcd.o(.data)
    v1                                       0x200086b0   Data           4  lcd.o(.data)
    v2                                       0x200086b4   Data           4  lcd.o(.data)
    i                                        0x200086b8   Data           4  lcd.o(.data)
    errorDia                                 0x200086bc   Data           1  rtc.o(.data)
    errorHora                                0x200086bd   Data           1  rtc.o(.data)
    errorLSE                                 0x200086be   Data           1  rtc.o(.data)
    errorPeriferico                          0x200086bf   Data           1  rtc.o(.data)
    rtcDateConfig                            0x200086c0   Data           4  rtc.o(.data)
    errorSNTP                                0x200086c4   Data           1  sntp.o(.data)
    errorSNTP_2                              0x200086c5   Data           1  sntp.o(.data)
    errorHora_sntp                           0x200086c6   Data           1  sntp.o(.data)
    errorDia_sntp                            0x200086c7   Data           1  sntp.o(.data)
    SNTP_OK                                  0x200086c8   Data           1  sntp.o(.data)
    uwTickFreq                               0x200086cc   Data           1  stm32f4xx_hal.o(.data)
    uwTickPrio                               0x200086d0   Data           4  stm32f4xx_hal.o(.data)
    uwTick                                   0x200086d4   Data           4  stm32f4xx_hal.o(.data)
    SystemCoreClock                          0x200086d8   Data           4  system_stm32f4xx.o(.data)
    net_eth0_igmp_control                    0x200086ea   Data           4  net_igmp.o(.data)
    net_eth0_icmp_control                    0x200086f8   Data           1  net_icmp.o(.data)
    osRtxInfo                                0x2000871c   Data         164  rtx_kernel.o(.data.os)
    aShowTime                                0x200087c0   Data          10  http_server.o(.bss)
    aShowDate                                0x200087ca   Data          10  http_server.o(.bss)
    adchandle                                0x200087d4   Data          72  http_server.o(.bss)
    app_main_stk                             0x20008820   Data        1024  http_server.o(.bss)
    tim7                                     0x20008c58   Data          64  lcd.o(.bss)
    buffer                                   0x20008c98   Data         512  lcd.o(.bss)
    linea1                                   0x20008e98   Data          19  lcd.o(.bss)
    linea2                                   0x20008eab   Data          23  lcd.o(.bss)
    rtcTimeConfig                            0x20008ec4   Data          20  rtc.o(.bss)
    alarmConfig                              0x20008ed8   Data          40  rtc.o(.bss)
    rtchandler                               0x20008f00   Data          32  rtc.o(.bss)
    t_StructSNTP                             0x20008f20   Data          44  sntp.o(.bss)
    net_eth0_if_control                      0x2000f028   Data         160  net_eth.o(.bss)
    net_eth0_arp_control                     0x2000f0c8   Data          24  net_arp.o(.bss)
    net_http_control                         0x2000f180   Data          20  net_http_server.o(.bss)
    net_sntp_control                         0x2000f194   Data          44  net_sntp_client_core.o(.bss)
    net_ping_control                         0x2000f1c0   Data          44  net_ping_core.o(.bss)
    net_sys_control                          0x2000f1fc   Data          28  net_sys.o(.bss)
    net_dbg_buf                              0x2000f224   Data          36  net_sys.o(.bss)
    __initial_sp                             0x2000f6e8   Data           0  startup_stm32f429xx.o(STACK)



==============================================================================

Memory Map of the image

  Image Entry point : 0x080001ad

  Load Region LR_IROM1 (Base: 0x08000000, Size: 0x00029f6c, Max: 0x00200000, ABSOLUTE, COMPRESSED[0x000218ec])

    Execution Region ER_IROM1 (Exec base: 0x08000000, Load base: 0x08000000, Size: 0x000217ac, Max: 0x00200000, ABSOLUTE)

    Exec Addr    Load Addr    Size         Type   Attr      Idx    E Section Name        Object

    0x08000000   0x08000000   0x000001ac   Data   RO         1637    RESET               startup_stm32f429xx.o
    0x080001ac   0x080001ac   0x00000000   Code   RO         2743  * .ARM.Collect$$$$00000000  mc_w.l(entry.o)
    0x080001ac   0x080001ac   0x00000004   Code   RO         3039    .ARM.Collect$$$$00000001  mc_w.l(entry2.o)
    0x080001b0   0x080001b0   0x00000004   Code   RO         3042    .ARM.Collect$$$$00000004  mc_w.l(entry5.o)
    0x080001b4   0x080001b4   0x00000000   Code   RO         3044    .ARM.Collect$$$$00000008  mc_w.l(entry7b.o)
    0x080001b4   0x080001b4   0x00000000   Code   RO         3046    .ARM.Collect$$$$0000000A  mc_w.l(entry8b.o)
    0x080001b4   0x080001b4   0x00000008   Code   RO         3047    .ARM.Collect$$$$0000000B  mc_w.l(entry9a.o)
    0x080001bc   0x080001bc   0x00000004   Code   RO         3054    .ARM.Collect$$$$0000000E  mc_w.l(entry12b.o)
    0x080001c0   0x080001c0   0x00000000   Code   RO         3049    .ARM.Collect$$$$0000000F  mc_w.l(entry10a.o)
    0x080001c0   0x080001c0   0x00000000   Code   RO         3051    .ARM.Collect$$$$00000011  mc_w.l(entry11a.o)
    0x080001c0   0x080001c0   0x00000004   Code   RO         3040    .ARM.Collect$$$$00002712  mc_w.l(entry2.o)
    0x080001c4   0x080001c4   0x00000148   Code   RO          778    .emb_text           rtx_mempool.o
    0x0800030c   0x0800030c   0x00000148   Code   RO          809    .emb_text           rtx_msgqueue.o
    0x08000454   0x08000454   0x00000148   Code   RO          874    .emb_text           rtx_semaphore.o
    0x0800059c   0x0800059c   0x00000148   Code   RO          905    .emb_text           rtx_system.o
    0x080006e4   0x080006e4   0x00000148   Code   RO          939    .emb_text           rtx_thread.o
    0x0800082c   0x0800082c   0x00000074   Code   RO         1160    .emb_text           eventrecorder.o
    0x080008a0   0x080008a0   0x00000110   Code   RO            4    .text               main.o
    0x080009b0   0x080009b0   0x000002cc   Code   RO          150    .text               http_server.o
    0x08000c7c   0x08000c7c   0x00000784   Code   RO          238    .text               http_server_cgi.o
    0x08001400   0x08001400   0x00000078   Code   RO          270    .text               web.o
    0x08001478   0x08001478   0x0000019c   Code   RO          290    .text               leds.o
    0x08001614   0x08001614   0x00000524   Code   RO          314    .text               lcd.o
    0x08001b38   0x08001b38   0x00000054   Code   RO          361    .text               stm32f4xx_it.o
    0x08001b8c   0x08001b8c   0x000000d0   Code   RO          392    .text               adc.o
    0x08001c5c   0x08001c5c   0x000001d4   Code   RO          420    .text               rtc.o
    0x08001e30   0x08001e30   0x00000110   Code   RO          455    .text               sntp.o
    0x08001f40   0x08001f40   0x000000a4   Code   RO          496    .text               buttons_nucleo_f429zi.o
    0x08001fe4   0x08001fe4   0x00000094   Code   RO          520    .text               irq_armv7m.o
    0x08002078   0x08002078   0x00000104   Code   RO          528    .text               rtx_delay.o
    0x0800217c   0x0800217c   0x00000958   Code   RO          626    .text               rtx_evr.o
    0x08002ad4   0x08002ad4   0x000006cc   Code   RO          651    .text               rtx_kernel.o
    0x080031a0   0x080031a0   0x00000018   Code   RO          699    .text               rtx_lib.o
    0x080031b8   0x080031b8   0x00000124   Code   RO          748    .text               rtx_memory.o
    0x080032dc   0x080032dc   0x00000678   Code   RO          779    .text               rtx_mempool.o
    0x08003954   0x08003954   0x000009bc   Code   RO          810    .text               rtx_msgqueue.o
    0x08004310   0x08004310   0x00000558   Code   RO          844    .text               rtx_mutex.o
    0x08004868   0x08004868   0x00000450   Code   RO          875    .text               rtx_semaphore.o
    0x08004cb8   0x08004cb8   0x00000154   Code   RO          906    .text               rtx_system.o
    0x08004e0c   0x08004e0c   0x000011d4   Code   RO          940    .text               rtx_thread.o
    0x08005fe0   0x08005fe0   0x00000480   Code   RO          974    .text               rtx_timer.o
    0x08006460   0x08006460   0x000000c4   Code   RO         1004    .text               os_systick.o
    0x08006524   0x08006524   0x00000004   Code   RO         1030    .text               rtx_config.o
    0x08006528   0x08006528   0x000001ac   Code   RO         1051    .text               phy_lan8742a.o
    0x080066d4   0x080066d4   0x000009e8   Code   RO         1079    .text               emac_stm32f4xx.o
    0x080070bc   0x080070bc   0x00000c5c   Code   RO         1121    .text               spi_stm32f4xx.o
    0x08007d18   0x08007d18   0x00000538   Code   RO         1161    .text               eventrecorder.o
    0x08008250   0x08008250   0x000001c8   Code   RO         1195    .text               stm32f4xx_hal.o
    0x08008418   0x08008418   0x00000ab8   Code   RO         1225    .text               stm32f4xx_hal_adc.o
    0x08008ed0   0x08008ed0   0x00000724   Code   RO         1249    .text               stm32f4xx_hal_adc_ex.o
    0x080095f4   0x080095f4   0x00000298   Code   RO         1273    .text               stm32f4xx_hal_cortex.o
    0x0800988c   0x0800988c   0x00000718   Code   RO         1301    .text               stm32f4xx_hal_dma.o
    0x08009fa4   0x08009fa4   0x00000364   Code   RO         1350    .text               stm32f4xx_hal_gpio.o
    0x0800a308   0x0800a308   0x00000760   Code   RO         1422    .text               stm32f4xx_hal_rcc.o
    0x0800aa68   0x0800aa68   0x000005e4   Code   RO         1446    .text               stm32f4xx_hal_rcc_ex.o
    0x0800b04c   0x0800b04c   0x00000970   Code   RO         1470    .text               stm32f4xx_hal_rtc.o
    0x0800b9bc   0x0800b9bc   0x00000b0c   Code   RO         1494    .text               stm32f4xx_hal_rtc_ex.o
    0x0800c4c8   0x0800c4c8   0x000023d2   Code   RO         1566    .text               stm32f4xx_hal_tim.o
    0x0800e89a   0x0800e89a   0x00000002   PAD
    0x0800e89c   0x0800e89c   0x00000bb0   Code   RO         1590    .text               stm32f4xx_hal_tim_ex.o
    0x0800f44c   0x0800f44c   0x00000024   Code   RO         1638    .text               startup_stm32f429xx.o
    0x0800f470   0x0800f470   0x00000094   Code   RO         1645    .text               system_stm32f4xx.o
    0x0800f504   0x0800f504   0x00000164   Code   RO         1674    .text               net_config.o
    0x0800f668   0x0800f668   0x00000152   Code   RO         1769    .text               net_debug.o
    0x0800f7ba   0x0800f7ba   0x00000062   Code   RO         2746    .text               mc_w.l(uldiv.o)
    0x0800f81c   0x0800f81c   0x00000094   Code   RO         2748    .text               mc_w.l(localtime.o)
    0x0800f8b0   0x0800f8b0   0x00000024   Code   RO         2752    .text               mc_w.l(memcpya.o)
    0x0800f8d4   0x0800f8d4   0x00000024   Code   RO         2754    .text               mc_w.l(memseta.o)
    0x0800f8f8   0x0800f8f8   0x0000000e   Code   RO         2756    .text               mc_w.l(strlen.o)
    0x0800f906   0x0800f906   0x0000001c   Code   RO         2758    .text               mc_w.l(strcmp.o)
    0x0800f922   0x0800f922   0x0000001a   Code   RO         2760    .text               mc_w.l(memcmp.o)
    0x0800f93c   0x0800f93c   0x00000012   Code   RO         2762    .text               mc_w.l(strcpy.o)
    0x0800f94e   0x0800f94e   0x0000001e   Code   RO         2764    .text               mc_w.l(strncmp.o)
    0x0800f96c   0x0800f96c   0x00000064   Code   RO         3029    .text               mf_w.l(fmul.o)
    0x0800f9d0   0x0800f9d0   0x0000002e   Code   RO         3031    .text               mf_w.l(dscalb.o)
    0x0800f9fe   0x0800f9fe   0x0000000a   Code   RO         3033    .text               mf_w.l(ffltui.o)
    0x0800fa08   0x0800fa08   0x00000032   Code   RO         3035    .text               mf_w.l(ffixi.o)
    0x0800fa3a   0x0800fa3a   0x00000026   Code   RO         3037    .text               mf_w.l(f2d.o)
    0x0800fa60   0x0800fa60   0x0000002c   Code   RO         3058    .text               mc_w.l(uidiv.o)
    0x0800fa8c   0x0800fa8c   0x0000001e   Code   RO         3060    .text               mc_w.l(llshl.o)
    0x0800faaa   0x0800faaa   0x00000020   Code   RO         3062    .text               mc_w.l(llushr.o)
    0x0800faca   0x0800faca   0x00000000   Code   RO         3064    .text               mc_w.l(iusefp.o)
    0x0800faca   0x0800faca   0x0000006e   Code   RO         3065    .text               mf_w.l(fepilogue.o)
    0x0800fb38   0x0800fb38   0x0000014e   Code   RO         3067    .text               mf_w.l(dadd.o)
    0x0800fc86   0x0800fc86   0x000000e4   Code   RO         3069    .text               mf_w.l(dmul.o)
    0x0800fd6a   0x0800fd6a   0x000000de   Code   RO         3071    .text               mf_w.l(ddiv.o)
    0x0800fe48   0x0800fe48   0x00000030   Code   RO         3073    .text               mf_w.l(dfixul.o)
    0x0800fe78   0x0800fe78   0x00000030   Code   RO         3075    .text               mf_w.l(cdrcmple.o)
    0x0800fea8   0x0800fea8   0x00000024   Code   RO         3077    .text               mc_w.l(init.o)
    0x0800fecc   0x0800fecc   0x00000024   Code   RO         3080    .text               mc_w.l(llsshr.o)
    0x0800fef0   0x0800fef0   0x000000ba   Code   RO         3083    .text               mf_w.l(depilogue.o)
    0x0800ffaa   0x0800ffaa   0x00000056   Code   RO         3092    .text               mc_w.l(__dczerorl2.o)
    0x08010000   0x08010000   0x00000028   Code   RO         3003    i.__0sprintf        mc_w.l(printfa.o)
    0x08010028   0x08010028   0x0000000e   Code   RO         3086    i.__scatterload_copy  mc_w.l(handlers.o)
    0x08010036   0x08010036   0x00000002   Code   RO         3087    i.__scatterload_null  mc_w.l(handlers.o)
    0x08010038   0x08010038   0x0000000e   Code   RO         3088    i.__scatterload_zeroinit  mc_w.l(handlers.o)
    0x08010046   0x08010046   0x00000002   PAD
    0x08010048   0x08010048   0x00000184   Code   RO         3008    i._fp_digits        mc_w.l(printfa.o)
    0x080101cc   0x080101cc   0x000006b4   Code   RO         3009    i._printf_core      mc_w.l(printfa.o)
    0x08010880   0x08010880   0x00000024   Code   RO         3010    i._printf_post_padding  mc_w.l(printfa.o)
    0x080108a4   0x080108a4   0x0000002e   Code   RO         3011    i._printf_pre_padding  mc_w.l(printfa.o)
    0x080108d2   0x080108d2   0x0000000a   Code   RO         3013    i._sputc            mc_w.l(printfa.o)
    0x080108dc   0x080108dc   0x00000054   Code   RO         2204    i.add_server_id     Net_Dbg_CM3_L.lib(net_http_server.o)
    0x08010930   0x08010930   0x0000005c   Code   RO         1851    i.arp_cache_alloc   Net_Dbg_CM3_L.lib(net_arp.o)
    0x0801098c   0x0801098c   0x00000170   Code   RO         1852    i.arp_cache_run     Net_Dbg_CM3_L.lib(net_arp.o)
    0x08010afc   0x08010afc   0x00000038   Code   RO         1853    i.arp_is_cacheable  Net_Dbg_CM3_L.lib(net_arp.o)
    0x08010b34   0x08010b34   0x00000088   Code   RO         1854    i.arp_probe_run     Net_Dbg_CM3_L.lib(net_arp.o)
    0x08010bbc   0x08010bbc   0x000000d8   Code   RO         1856    i.arp_proc_response  Net_Dbg_CM3_L.lib(net_arp.o)
    0x08010c94   0x08010c94   0x0000001a   Code   RO         1857    i.arp_que_free      Net_Dbg_CM3_L.lib(net_arp.o)
    0x08010cae   0x08010cae   0x00000002   PAD
    0x08010cb0   0x08010cb0   0x000000a0   Code   RO         1858    i.arp_send_reply    Net_Dbg_CM3_L.lib(net_arp.o)
    0x08010d50   0x08010d50   0x000000d0   Code   RO         1859    i.arp_send_request  Net_Dbg_CM3_L.lib(net_arp.o)
    0x08010e20   0x08010e20   0x00000068   Code   RO         1860    i.arp_sender_valid  Net_Dbg_CM3_L.lib(net_arp.o)
    0x08010e88   0x08010e88   0x0000018c   Code   RO         2205    i.chk_post_req      Net_Dbg_CM3_L.lib(net_http_server.o)
    0x08011014   0x08011014   0x00000028   Code   RO         2683    i.crc32_8bit        Net_Dbg_CM3_L.lib(net_common.o)
    0x0801103c   0x0801103c   0x0000009a   Code   RO         1795    i.eth_check_link    Net_Dbg_CM3_L.lib(net_eth.o)
    0x080110d6   0x080110d6   0x00000002   PAD
    0x080110d8   0x080110d8   0x00000020   Code   RO         1796    i.eth_if_map        Net_Dbg_CM3_L.lib(net_eth.o)
    0x080110f8   0x080110f8   0x00000304   Code   RO         1797    i.eth_iface_init    Net_Dbg_CM3_L.lib(net_eth.o)
    0x080113fc   0x080113fc   0x00000290   Code   RO         1798    i.eth_iface_run     Net_Dbg_CM3_L.lib(net_eth.o)
    0x0801168c   0x0801168c   0x00000008   Code   RO         1800    i.eth_lock          Net_Dbg_CM3_L.lib(net_eth.o)
    0x08011694   0x08011694   0x0000001c   Code   RO         1801    i.eth_mtu_limit     Net_Dbg_CM3_L.lib(net_eth.o)
    0x080116b0   0x080116b0   0x00000048   Code   RO         1802    i.eth_opt_len       Net_Dbg_CM3_L.lib(net_eth.o)
    0x080116f8   0x080116f8   0x00000088   Code   RO         1803    i.eth_receive       Net_Dbg_CM3_L.lib(net_eth.o)
    0x08011780   0x08011780   0x00000008   Code   RO         1804    i.eth_unlock        Net_Dbg_CM3_L.lib(net_eth.o)
    0x08011788   0x08011788   0x0000007c   Code   RO         1968    i.frag_map_session  Net_Dbg_CM3_L.lib(net_ip4_frag.o)
    0x08011804   0x08011804   0x00000028   Code   RO         2206    i.get_next_field    Net_Dbg_CM3_L.lib(net_http_server.o)
    0x0801182c   0x0801182c   0x00000032   Code   RO         2207    i.get_next_par      Net_Dbg_CM3_L.lib(net_http_server.o)
    0x0801185e   0x0801185e   0x00000022   Code   RO         2208    i.hex2byte          Net_Dbg_CM3_L.lib(net_http_server.o)
    0x08011880   0x08011880   0x0000036c   Code   RO         2209    i.http_add_header   Net_Dbg_CM3_L.lib(net_http_server.o)
    0x08011bec   0x08011bec   0x000001cc   Code   RO         2210    i.http_error_msg    Net_Dbg_CM3_L.lib(net_http_server.o)
    0x08011db8   0x08011db8   0x00000078   Code   RO         2211    i.http_get_ftype    Net_Dbg_CM3_L.lib(net_http_server.o)
    0x08011e30   0x08011e30   0x0000005e   Code   RO         2212    i.http_kill_session  Net_Dbg_CM3_L.lib(net_http_server.o)
    0x08011e8e   0x08011e8e   0x00000002   PAD
    0x08011e90   0x08011e90   0x000002a8   Code   RO         2213    i.http_listener     Net_Dbg_CM3_L.lib(net_http_server.o)
    0x08012138   0x08012138   0x00000184   Code   RO         2214    i.http_open_file    Net_Dbg_CM3_L.lib(net_http_server.o)
    0x080122bc   0x080122bc   0x0000011c   Code   RO         2215    i.http_parse_header  Net_Dbg_CM3_L.lib(net_http_server.o)
    0x080123d8   0x080123d8   0x000001a8   Code   RO         2216    i.http_proc_multipart  Net_Dbg_CM3_L.lib(net_http_server.o)
    0x08012580   0x08012580   0x00000138   Code   RO         2217    i.http_proc_post    Net_Dbg_CM3_L.lib(net_http_server.o)
    0x080126b8   0x080126b8   0x00000468   Code   RO         2218    i.http_server_run   Net_Dbg_CM3_L.lib(net_http_server.o)
    0x08012b20   0x08012b20   0x00000060   Code   RO         2219    i.http_server_start  Net_Dbg_CM3_L.lib(net_http_server.o)
    0x08012b80   0x08012b80   0x00000020   Code   RO         2221    i.http_strcpy       Net_Dbg_CM3_L.lib(net_http_server.o)
    0x08012ba0   0x08012ba0   0x000000ac   Code   RO         2222    i.http_to_utc       Net_Dbg_CM3_L.lib(net_http_server.o)
    0x08012c4c   0x08012c4c   0x0000001a   Code   RO         2684    i.i2str             Net_Dbg_CM3_L.lib(net_common.o)
    0x08012c66   0x08012c66   0x00000002   PAD
    0x08012c68   0x08012c68   0x0000009c   Code   RO         1918    i.igmp_host_run     Net_Dbg_CM3_L.lib(net_igmp.o)
    0x08012d04   0x08012d04   0x00000024   Code   RO         1919    i.igmp_map_group    Net_Dbg_CM3_L.lib(net_igmp.o)
    0x08012d28   0x08012d28   0x00000070   Code   RO         1920    i.igmp_send_report  Net_Dbg_CM3_L.lib(net_igmp.o)
    0x08012d98   0x08012d98   0x0000000c   Code   RO         2561    i.ip4_get_chksum    Net_Dbg_CM3_L.lib(net_ip4.o)
    0x08012da4   0x08012da4   0x00000028   Code   RO         2562    i.ip4_get_mtu       Net_Dbg_CM3_L.lib(net_ip4.o)
    0x08012dcc   0x08012dcc   0x00000040   Code   RO         2424    i.ip4_ntoa          Net_Dbg_CM3_L.lib(net_addr.o)
    0x08012e0c   0x08012e0c   0x000000ca   Code   RO         2425    i.ip6_ntoa          Net_Dbg_CM3_L.lib(net_addr.o)
    0x08012ed6   0x08012ed6   0x00000002   PAD
    0x08012ed8   0x08012ed8   0x0000000c   Code   RO         2660    i.mem_lock          Net_Dbg_CM3_L.lib(net_mem.o)
    0x08012ee4   0x08012ee4   0x0000000c   Code   RO         2661    i.mem_unlock        Net_Dbg_CM3_L.lib(net_mem.o)
    0x08012ef0   0x08012ef0   0x000001a4   Code   RO         2190    i.nbns_listener     Net_Dbg_CM3_L.lib(net_nbns_client.o)
    0x08013094   0x08013094   0x00000120   Code   RO         2491    i.ndp_cache_add     Net_Dbg_CM3_L.lib(net_ndp.o)
    0x080131b4   0x080131b4   0x00000072   Code   RO         2492    i.ndp_cache_alloc   Net_Dbg_CM3_L.lib(net_ndp.o)
    0x08013226   0x08013226   0x00000002   PAD
    0x08013228   0x08013228   0x00000078   Code   RO         2493    i.ndp_cache_delete  Net_Dbg_CM3_L.lib(net_ndp.o)
    0x080132a0   0x080132a0   0x0000002c   Code   RO         2495    i.ndp_check_frame   Net_Dbg_CM3_L.lib(net_ndp.o)
    0x080132cc   0x080132cc   0x00000012   Code   RO         2496    i.ndp_next_opt      Net_Dbg_CM3_L.lib(net_ndp.o)
    0x080132de   0x080132de   0x00000002   PAD
    0x080132e0   0x080132e0   0x000000e4   Code   RO         2497    i.ndp_prefix_add    Net_Dbg_CM3_L.lib(net_ndp.o)
    0x080133c4   0x080133c4   0x000000fc   Code   RO         2500    i.ndp_proc_response  Net_Dbg_CM3_L.lib(net_ndp.o)
    0x080134c0   0x080134c0   0x0000001a   Code   RO         2501    i.ndp_que_free      Net_Dbg_CM3_L.lib(net_ndp.o)
    0x080134da   0x080134da   0x00000002   PAD
    0x080134dc   0x080134dc   0x00000038   Code   RO         2502    i.ndp_router_remove  Net_Dbg_CM3_L.lib(net_ndp.o)
    0x08013514   0x08013514   0x0000009c   Code   RO         2503    i.ndp_send_reply    Net_Dbg_CM3_L.lib(net_ndp.o)
    0x080135b0   0x080135b0   0x000000bc   Code   RO         2504    i.ndp_send_request  Net_Dbg_CM3_L.lib(net_ndp.o)
    0x0801366c   0x0801366c   0x00000004   Code   RO         2223    i.netCGI_Charset    Net_Dbg_CM3_L.lib(net_http_server.o)
    0x08013670   0x08013670   0x00000004   Code   RO         2224    i.netCGI_ContentType  Net_Dbg_CM3_L.lib(net_http_server.o)
    0x08013674   0x08013674   0x00000004   Code   RO         2225    i.netCGI_CustomHeader  Net_Dbg_CM3_L.lib(net_http_server.o)
    0x08013678   0x08013678   0x0000006c   Code   RO         2226    i.netCGI_GetEnvVar  Net_Dbg_CM3_L.lib(net_http_server.o)
    0x080136e4   0x080136e4   0x00000004   Code   RO         2229    i.netCGI_Redirect   Net_Dbg_CM3_L.lib(net_http_server.o)
    0x080136e8   0x080136e8   0x00000004   Code   RO         2231    i.netCGX_ContentType  Net_Dbg_CM3_L.lib(net_http_server.o)
    0x080136ec   0x080136ec   0x00000064   Code   RO         2374    i.netCore_Thread    Net_Dbg_CM3_L.lib(net_sys.o)
    0x08013750   0x08013750   0x00000002   Code   RO         1805    i.netETH_Notify     Net_Dbg_CM3_L.lib(net_eth.o)
    0x08013752   0x08013752   0x00000002   Code   RO         1806    i.netETH_ReceiveRaw  Net_Dbg_CM3_L.lib(net_eth.o)
    0x08013754   0x08013754   0x00000072   Code   RO         1808    i.netETH_Thread     Net_Dbg_CM3_L.lib(net_eth.o)
    0x080137c6   0x080137c6   0x00000004   Code   RO         2232    i.netHTTPs_AcceptClient  Net_Dbg_CM3_L.lib(net_http_server.o)
    0x080137ca   0x080137ca   0x00000004   Code   RO         2234    i.netHTTPs_FileAccess  Net_Dbg_CM3_L.lib(net_http_server.o)
    0x080137ce   0x080137ce   0x00000002   PAD
    0x080137d0   0x080137d0   0x00000020   Code   RO         2237    i.netHTTPs_GetLanguage  Net_Dbg_CM3_L.lib(net_http_server.o)
    0x080137f0   0x080137f0   0x0000000c   Code   RO         2238    i.netHTTPs_GetPassword  Net_Dbg_CM3_L.lib(net_http_server.o)
    0x080137fc   0x080137fc   0x0000000c   Code   RO         2244    i.netHTTPs_LoginActive  Net_Dbg_CM3_L.lib(net_http_server.o)
    0x08013808   0x08013808   0x00000058   Code   RO         2247    i.netHTTPs_SetPassword  Net_Dbg_CM3_L.lib(net_http_server.o)
    0x08013860   0x08013860   0x00000088   Code   RO         2375    i.netIF_GetOption   Net_Dbg_CM3_L.lib(net_sys.o)
    0x080138e8   0x080138e8   0x00000084   Code   RO         2377    i.netIF_SetOption   Net_Dbg_CM3_L.lib(net_sys.o)
    0x0801396c   0x0801396c   0x0000001a   Code   RO         2427    i.netIP_aton        Net_Dbg_CM3_L.lib(net_addr.o)
    0x08013986   0x08013986   0x00000032   Code   RO         2428    i.netIP_ntoa        Net_Dbg_CM3_L.lib(net_addr.o)
    0x080139b8   0x080139b8   0x000000ac   Code   RO         2378    i.netInitialize     Net_Dbg_CM3_L.lib(net_sys.o)
    0x08013a64   0x08013a64   0x0000008c   Code   RO         2429    i.netMAC_aton       Net_Dbg_CM3_L.lib(net_addr.o)
    0x08013af0   0x08013af0   0x0000001c   Code   RO         2327    i.netSNTPc_GetTime  Net_Dbg_CM3_L.lib(net_sntp_client_core.o)
    0x08013b0c   0x08013b0c   0x00000004   Code   RO         2071    i.netTCP_GetLocalPort  Net_Dbg_CM3_L.lib(net_tcp.o)
    0x08013b10   0x08013b10   0x00000020   Code   RO         2073    i.netTCP_GetPeer    Net_Dbg_CM3_L.lib(net_tcp.o)
    0x08013b30   0x08013b30   0x00000004   Code   RO         2075    i.netTCP_GetState   Net_Dbg_CM3_L.lib(net_tcp.o)
    0x08013b34   0x08013b34   0x00000004   Code   RO         2076    i.netTCP_GetTimer   Net_Dbg_CM3_L.lib(net_tcp.o)
    0x08013b38   0x08013b38   0x0000007c   Code   RO         2431    i.net_addr4_aton    Net_Dbg_CM3_L.lib(net_addr.o)
    0x08013bb4   0x08013bb4   0x0000001e   Code   RO         2433    i.net_addr4_to_mac  Net_Dbg_CM3_L.lib(net_addr.o)
    0x08013bd2   0x08013bd2   0x00000002   PAD
    0x08013bd4   0x08013bd4   0x000000e6   Code   RO         2434    i.net_addr6_aton    Net_Dbg_CM3_L.lib(net_addr.o)
    0x08013cba   0x08013cba   0x00000028   Code   RO         2435    i.net_addr6_comp    Net_Dbg_CM3_L.lib(net_addr.o)
    0x08013ce2   0x08013ce2   0x00000012   Code   RO         2436    i.net_addr6_copy    Net_Dbg_CM3_L.lib(net_addr.o)
    0x08013cf4   0x08013cf4   0x0000004c   Code   RO         2437    i.net_addr6_create  Net_Dbg_CM3_L.lib(net_addr.o)
    0x08013d40   0x08013d40   0x00000028   Code   RO         2438    i.net_addr6_get_solicited  Net_Dbg_CM3_L.lib(net_addr.o)
    0x08013d68   0x08013d68   0x00000018   Code   RO         2439    i.net_addr6_is_linklocal  Net_Dbg_CM3_L.lib(net_addr.o)
    0x08013d80   0x08013d80   0x0000006e   Code   RO         2440    i.net_addr6_is_onlink  Net_Dbg_CM3_L.lib(net_addr.o)
    0x08013dee   0x08013dee   0x00000048   Code   RO         2441    i.net_addr6_is_solicited  Net_Dbg_CM3_L.lib(net_addr.o)
    0x08013e36   0x08013e36   0x00000018   Code   RO         2442    i.net_addr6_is_unspec  Net_Dbg_CM3_L.lib(net_addr.o)
    0x08013e4e   0x08013e4e   0x0000000e   Code   RO         2444    i.net_addr6_to_mac  Net_Dbg_CM3_L.lib(net_addr.o)
    0x08013e5c   0x08013e5c   0x0000002c   Code   RO         2445    i.net_addr_comp     Net_Dbg_CM3_L.lib(net_addr.o)
    0x08013e88   0x08013e88   0x00000026   Code   RO         2446    i.net_addr_copy     Net_Dbg_CM3_L.lib(net_addr.o)
    0x08013eae   0x08013eae   0x0000001a   Code   RO         2447    i.net_addr_find_route  Net_Dbg_CM3_L.lib(net_addr.o)
    0x08013ec8   0x08013ec8   0x00000020   Code   RO         2449    i.net_addr_get_local  Net_Dbg_CM3_L.lib(net_addr.o)
    0x08013ee8   0x08013ee8   0x00000022   Code   RO         2450    i.net_addr_is_unspec  Net_Dbg_CM3_L.lib(net_addr.o)
    0x08013f0a   0x08013f0a   0x00000002   PAD
    0x08013f0c   0x08013f0c   0x0000011c   Code   RO         1868    i.net_arp_cache_add  Net_Dbg_CM3_L.lib(net_arp.o)
    0x08014028   0x08014028   0x000000bc   Code   RO         1869    i.net_arp_cache_early  Net_Dbg_CM3_L.lib(net_arp.o)
    0x080140e4   0x080140e4   0x000000ec   Code   RO         1870    i.net_arp_cache_find  Net_Dbg_CM3_L.lib(net_arp.o)
    0x080141d0   0x080141d0   0x00000048   Code   RO         1871    i.net_arp_cache_init  Net_Dbg_CM3_L.lib(net_arp.o)
    0x08014218   0x08014218   0x0000001c   Code   RO         1872    i.net_arp_cache_run  Net_Dbg_CM3_L.lib(net_arp.o)
    0x08014234   0x08014234   0x00000078   Code   RO         1874    i.net_arp_enqueue   Net_Dbg_CM3_L.lib(net_arp.o)
    0x080142ac   0x080142ac   0x00000020   Code   RO         1876    i.net_arp_notify    Net_Dbg_CM3_L.lib(net_arp.o)
    0x080142cc   0x080142cc   0x00000224   Code   RO         1878    i.net_arp_process   Net_Dbg_CM3_L.lib(net_arp.o)
    0x080144f0   0x080144f0   0x00000042   Code   RO         2685    i.net_atoi          Net_Dbg_CM3_L.lib(net_common.o)
    0x08014532   0x08014532   0x00000030   Code   RO         2687    i.net_chksum_buf    Net_Dbg_CM3_L.lib(net_common.o)
    0x08014562   0x08014562   0x0000001e   Code   RO         2688    i.net_crc_buf       Net_Dbg_CM3_L.lib(net_common.o)
    0x08014580   0x08014580   0x0000000e   Code   RO         1809    i.net_eth_callback  Net_Dbg_CM3_L.lib(net_eth.o)
    0x0801458e   0x0801458e   0x00000068   Code   RO         1810    i.net_eth_config_mcast  Net_Dbg_CM3_L.lib(net_eth.o)
    0x080145f6   0x080145f6   0x000000ea   Code   RO         1812    i.net_eth_get_option  Net_Dbg_CM3_L.lib(net_eth.o)
    0x080146e0   0x080146e0   0x0000001c   Code   RO         1813    i.net_eth_iface_init  Net_Dbg_CM3_L.lib(net_eth.o)
    0x080146fc   0x080146fc   0x0000001c   Code   RO         1814    i.net_eth_iface_run  Net_Dbg_CM3_L.lib(net_eth.o)
    0x08014718   0x08014718   0x000000a8   Code   RO         1816    i.net_eth_output    Net_Dbg_CM3_L.lib(net_eth.o)
    0x080147c0   0x080147c0   0x000001e0   Code   RO         1817    i.net_eth_send_frame  Net_Dbg_CM3_L.lib(net_eth.o)
    0x080149a0   0x080149a0   0x00000270   Code   RO         1818    i.net_eth_set_option  Net_Dbg_CM3_L.lib(net_eth.o)
    0x08014c10   0x08014c10   0x000000e8   Code   RO         2253    i.net_http_server_init  Net_Dbg_CM3_L.lib(net_http_server.o)
    0x08014cf8   0x08014cf8   0x00000028   Code   RO         2254    i.net_http_server_run  Net_Dbg_CM3_L.lib(net_http_server.o)
    0x08014d20   0x08014d20   0x00000018   Code   RO         2633    i.net_icmp6_init    Net_Dbg_CM3_L.lib(net_icmp6.o)
    0x08014d38   0x08014d38   0x00000238   Code   RO         2634    i.net_icmp6_process  Net_Dbg_CM3_L.lib(net_icmp6.o)
    0x08014f70   0x08014f70   0x00000084   Code   RO         2635    i.net_icmp6_send    Net_Dbg_CM3_L.lib(net_icmp6.o)
    0x08014ff4   0x08014ff4   0x00000058   Code   RO         2636    i.net_icmp6_send_echo  Net_Dbg_CM3_L.lib(net_icmp6.o)
    0x0801504c   0x0801504c   0x00000018   Code   RO         1990    i.net_icmp_init     Net_Dbg_CM3_L.lib(net_icmp.o)
    0x08015064   0x08015064   0x000001c8   Code   RO         1991    i.net_icmp_process  Net_Dbg_CM3_L.lib(net_icmp.o)
    0x0801522c   0x0801522c   0x000000a0   Code   RO         1992    i.net_icmp_send_echo  Net_Dbg_CM3_L.lib(net_icmp.o)
    0x080152cc   0x080152cc   0x0000000c   Code   RO         2382    i.net_if_map_all    Net_Dbg_CM3_L.lib(net_sys.o)
    0x080152d8   0x080152d8   0x0000006c   Code   RO         1923    i.net_igmp_collect_mcast  Net_Dbg_CM3_L.lib(net_igmp.o)
    0x08015344   0x08015344   0x00000048   Code   RO         1924    i.net_igmp_host_init  Net_Dbg_CM3_L.lib(net_igmp.o)
    0x0801538c   0x0801538c   0x0000001c   Code   RO         1925    i.net_igmp_host_run  Net_Dbg_CM3_L.lib(net_igmp.o)
    0x080153a8   0x080153a8   0x00000020   Code   RO         1927    i.net_igmp_is_member  Net_Dbg_CM3_L.lib(net_igmp.o)
    0x080153c8   0x080153c8   0x000001ac   Code   RO         1928    i.net_igmp_process  Net_Dbg_CM3_L.lib(net_igmp.o)
    0x08015574   0x08015574   0x0000018c   Code   RO         2563    i.net_ip4_chk_frame  Net_Dbg_CM3_L.lib(net_ip4.o)
    0x08015700   0x08015700   0x0000002c   Code   RO         2564    i.net_ip4_chksum    Net_Dbg_CM3_L.lib(net_ip4.o)
    0x0801572c   0x0801572c   0x00000006   Code   RO         2565    i.net_ip4_chksum_buf  Net_Dbg_CM3_L.lib(net_ip4.o)
    0x08015732   0x08015732   0x00000002   PAD
    0x08015734   0x08015734   0x00000080   Code   RO         2567    i.net_ip4_find_route  Net_Dbg_CM3_L.lib(net_ip4.o)
    0x080157b4   0x080157b4   0x00000124   Code   RO         1969    i.net_ip4_frag_add  Net_Dbg_CM3_L.lib(net_ip4_frag.o)
    0x080158d8   0x080158d8   0x000000ac   Code   RO         1970    i.net_ip4_frag_get  Net_Dbg_CM3_L.lib(net_ip4_frag.o)
    0x08015984   0x08015984   0x00000010   Code   RO         1971    i.net_ip4_frag_init  Net_Dbg_CM3_L.lib(net_ip4_frag.o)
    0x08015994   0x08015994   0x0000003c   Code   RO         1972    i.net_ip4_frag_run  Net_Dbg_CM3_L.lib(net_ip4_frag.o)
    0x080159d0   0x080159d0   0x0000002c   Code   RO         2568    i.net_ip4_get_local  Net_Dbg_CM3_L.lib(net_ip4.o)
    0x080159fc   0x080159fc   0x00000024   Code   RO         2569    i.net_ip4_init      Net_Dbg_CM3_L.lib(net_ip4.o)
    0x08015a20   0x08015a20   0x00000020   Code   RO         2570    i.net_ip4_is_onlink  Net_Dbg_CM3_L.lib(net_ip4.o)
    0x08015a40   0x08015a40   0x00000026   Code   RO         2571    i.net_ip4_is_subcast  Net_Dbg_CM3_L.lib(net_ip4.o)
    0x08015a66   0x08015a66   0x0000000e   Code   RO         2572    i.net_ip4_reass_frame  Net_Dbg_CM3_L.lib(net_ip4.o)
    0x08015a74   0x08015a74   0x00000164   Code   RO         2573    i.net_ip4_send_frame  Net_Dbg_CM3_L.lib(net_ip4.o)
    0x08015bd8   0x08015bd8   0x0000002a   Code   RO         2575    i.net_ip4_tx_offl_hl  Net_Dbg_CM3_L.lib(net_ip4.o)
    0x08015c02   0x08015c02   0x00000002   PAD
    0x08015c04   0x08015c04   0x00000100   Code   RO         2601    i.net_ip6_chk_frame  Net_Dbg_CM3_L.lib(net_ip6.o)
    0x08015d04   0x08015d04   0x00000032   Code   RO         2602    i.net_ip6_chksum    Net_Dbg_CM3_L.lib(net_ip6.o)
    0x08015d36   0x08015d36   0x00000002   PAD
    0x08015d38   0x08015d38   0x0000007c   Code   RO         2603    i.net_ip6_collect_mcast  Net_Dbg_CM3_L.lib(net_ip6.o)
    0x08015db4   0x08015db4   0x00000048   Code   RO         2605    i.net_ip6_find_route  Net_Dbg_CM3_L.lib(net_ip6.o)
    0x08015dfc   0x08015dfc   0x00000054   Code   RO         2606    i.net_ip6_get_local  Net_Dbg_CM3_L.lib(net_ip6.o)
    0x08015e50   0x08015e50   0x0000001c   Code   RO         2607    i.net_ip6_init      Net_Dbg_CM3_L.lib(net_ip6.o)
    0x08015e6c   0x08015e6c   0x000000cc   Code   RO         2608    i.net_ip6_send_frame  Net_Dbg_CM3_L.lib(net_ip6.o)
    0x08015f38   0x08015f38   0x0000001e   Code   RO         2610    i.net_ip6_tx_offl_hl  Net_Dbg_CM3_L.lib(net_ip6.o)
    0x08015f56   0x08015f56   0x00000008   Code   RO         2689    i.net_itoa          Net_Dbg_CM3_L.lib(net_common.o)
    0x08015f5e   0x08015f5e   0x00000006   Code   RO         2691    i.net_itoa_n0       Net_Dbg_CM3_L.lib(net_common.o)
    0x08015f64   0x08015f64   0x00000030   Code   RO         1951    i.net_loop_iface_init  Net_Dbg_CM3_L.lib(net_loopback.o)
    0x08015f94   0x08015f94   0x000000bc   Code   RO         1952    i.net_loop_iface_run  Net_Dbg_CM3_L.lib(net_loopback.o)
    0x08016050   0x08016050   0x00000070   Code   RO         1954    i.net_loop_send_frame  Net_Dbg_CM3_L.lib(net_loopback.o)
    0x080160c0   0x080160c0   0x000000c0   Code   RO         2662    i.net_mem_alloc     Net_Dbg_CM3_L.lib(net_mem.o)
    0x08016180   0x08016180   0x0000001c   Code   RO         2663    i.net_mem_avail     Net_Dbg_CM3_L.lib(net_mem.o)
    0x0801619c   0x0801619c   0x000000a4   Code   RO         2664    i.net_mem_free      Net_Dbg_CM3_L.lib(net_mem.o)
    0x08016240   0x08016240   0x00000070   Code   RO         2665    i.net_mem_init      Net_Dbg_CM3_L.lib(net_mem.o)
    0x080162b0   0x080162b0   0x00000048   Code   RO         2666    i.net_mem_shrink    Net_Dbg_CM3_L.lib(net_mem.o)
    0x080162f8   0x080162f8   0x00000064   Code   RO         2191    i.net_nbns_client_init  Net_Dbg_CM3_L.lib(net_nbns_client.o)
    0x0801635c   0x0801635c   0x000001c4   Code   RO         2512    i.net_ndp_cache_find  Net_Dbg_CM3_L.lib(net_ndp.o)
    0x08016520   0x08016520   0x00000078   Code   RO         2515    i.net_ndp_cache_refresh  Net_Dbg_CM3_L.lib(net_ndp.o)
    0x08016598   0x08016598   0x00000070   Code   RO         2518    i.net_ndp_enqueue   Net_Dbg_CM3_L.lib(net_ndp.o)
    0x08016608   0x08016608   0x00000374   Code   RO         2520    i.net_ndp_process   Net_Dbg_CM3_L.lib(net_ndp.o)
    0x0801697c   0x0801697c   0x00000038   Code   RO         2384    i.net_path          Net_Dbg_CM3_L.lib(net_sys.o)
    0x080169b4   0x080169b4   0x00000020   Code   RO         2355    i.net_ping_client_init  Net_Dbg_CM3_L.lib(net_ping_core.o)
    0x080169d4   0x080169d4   0x00000080   Code   RO         2356    i.net_ping_client_run  Net_Dbg_CM3_L.lib(net_ping_core.o)
    0x08016a54   0x08016a54   0x0000001c   Code   RO         2385    i.net_rand32        Net_Dbg_CM3_L.lib(net_sys.o)
    0x08016a70   0x08016a70   0x0000005c   Code   RO         2329    i.net_sntp_client_init  Net_Dbg_CM3_L.lib(net_sntp_client_core.o)
    0x08016acc   0x08016acc   0x00000058   Code   RO         2330    i.net_sntp_client_run  Net_Dbg_CM3_L.lib(net_sntp_client_core.o)
    0x08016b24   0x08016b24   0x00000148   Code   RO         2331    i.net_sntp_client_start  Net_Dbg_CM3_L.lib(net_sntp_client_core.o)
    0x08016c6c   0x08016c6c   0x0000002e   Code   RO         2692    i.net_strcasecmp    Net_Dbg_CM3_L.lib(net_common.o)
    0x08016c9a   0x08016c9a   0x0000001a   Code   RO         2694    i.net_strcmp        Net_Dbg_CM3_L.lib(net_common.o)
    0x08016cb4   0x08016cb4   0x00000012   Code   RO         2695    i.net_strcpy        Net_Dbg_CM3_L.lib(net_common.o)
    0x08016cc6   0x08016cc6   0x0000001c   Code   RO         2697    i.net_strnchr       Net_Dbg_CM3_L.lib(net_common.o)
    0x08016ce2   0x08016ce2   0x0000001a   Code   RO         2698    i.net_strncpy       Net_Dbg_CM3_L.lib(net_common.o)
    0x08016cfc   0x08016cfc   0x00000020   Code   RO         2699    i.net_strtoupper    Net_Dbg_CM3_L.lib(net_common.o)
    0x08016d1c   0x08016d1c   0x0000000c   Code   RO         2386    i.net_sys_lock      Net_Dbg_CM3_L.lib(net_sys.o)
    0x08016d28   0x08016d28   0x00000016   Code   RO         2387    i.net_sys_resume    Net_Dbg_CM3_L.lib(net_sys.o)
    0x08016d3e   0x08016d3e   0x00000002   PAD
    0x08016d40   0x08016d40   0x00000014   Code   RO         2389    i.net_sys_tick      Net_Dbg_CM3_L.lib(net_sys.o)
    0x08016d54   0x08016d54   0x0000000c   Code   RO         2390    i.net_sys_unlock    Net_Dbg_CM3_L.lib(net_sys.o)
    0x08016d60   0x08016d60   0x00000020   Code   RO         2392    i.net_sys_wakeup    Net_Dbg_CM3_L.lib(net_sys.o)
    0x08016d80   0x08016d80   0x00000084   Code   RO         2083    i.net_tcp_abort     Net_Dbg_CM3_L.lib(net_tcp.o)
    0x08016e04   0x08016e04   0x000000e4   Code   RO         2086    i.net_tcp_close     Net_Dbg_CM3_L.lib(net_tcp.o)
    0x08016ee8   0x08016ee8   0x0000002e   Code   RO         2089    i.net_tcp_get_buf   Net_Dbg_CM3_L.lib(net_tcp.o)
    0x08016f16   0x08016f16   0x00000002   PAD
    0x08016f18   0x08016f18   0x00000034   Code   RO         2091    i.net_tcp_get_local_port  Net_Dbg_CM3_L.lib(net_tcp.o)
    0x08016f4c   0x08016f4c   0x00000028   Code   RO         2092    i.net_tcp_get_mss   Net_Dbg_CM3_L.lib(net_tcp.o)
    0x08016f74   0x08016f74   0x00000054   Code   RO         2094    i.net_tcp_get_peer  Net_Dbg_CM3_L.lib(net_tcp.o)
    0x08016fc8   0x08016fc8   0x00000070   Code   RO         2096    i.net_tcp_get_socket  Net_Dbg_CM3_L.lib(net_tcp.o)
    0x08017038   0x08017038   0x0000002c   Code   RO         2097    i.net_tcp_get_state  Net_Dbg_CM3_L.lib(net_tcp.o)
    0x08017064   0x08017064   0x00000034   Code   RO         2098    i.net_tcp_get_timer  Net_Dbg_CM3_L.lib(net_tcp.o)
    0x08017098   0x08017098   0x000000b0   Code   RO         2099    i.net_tcp_listen    Net_Dbg_CM3_L.lib(net_tcp.o)
    0x08017148   0x08017148   0x000007a8   Code   RO         2101    i.net_tcp_process   Net_Dbg_CM3_L.lib(net_tcp.o)
    0x080178f0   0x080178f0   0x0000015c   Code   RO         2105    i.net_tcp_send      Net_Dbg_CM3_L.lib(net_tcp.o)
    0x08017a4c   0x08017a4c   0x0000012c   Code   RO         2107    i.net_tcp_set_option  Net_Dbg_CM3_L.lib(net_tcp.o)
    0x08017b78   0x08017b78   0x00000028   Code   RO         2108    i.net_tcp_socket_init  Net_Dbg_CM3_L.lib(net_tcp.o)
    0x08017ba0   0x08017ba0   0x000003c0   Code   RO         2109    i.net_tcp_socket_run  Net_Dbg_CM3_L.lib(net_tcp.o)
    0x08017f60   0x08017f60   0x00000048   Code   RO         2017    i.net_udp_close     Net_Dbg_CM3_L.lib(net_udp.o)
    0x08017fa8   0x08017fa8   0x0000002e   Code   RO         2020    i.net_udp_get_buf   Net_Dbg_CM3_L.lib(net_udp.o)
    0x08017fd6   0x08017fd6   0x00000002   PAD
    0x08017fd8   0x08017fd8   0x00000070   Code   RO         2023    i.net_udp_get_socket  Net_Dbg_CM3_L.lib(net_udp.o)
    0x08018048   0x08018048   0x000000ac   Code   RO         2025    i.net_udp_open      Net_Dbg_CM3_L.lib(net_udp.o)
    0x080180f4   0x080180f4   0x00000158   Code   RO         2026    i.net_udp_process   Net_Dbg_CM3_L.lib(net_udp.o)
    0x0801824c   0x0801824c   0x00000012   Code   RO         2028    i.net_udp_send      Net_Dbg_CM3_L.lib(net_udp.o)
    0x0801825e   0x0801825e   0x00000002   PAD
    0x08018260   0x08018260   0x0000022c   Code   RO         2029    i.net_udp_send_if   Net_Dbg_CM3_L.lib(net_udp.o)
    0x0801848c   0x0801848c   0x00000024   Code   RO         2031    i.net_udp_socket_init  Net_Dbg_CM3_L.lib(net_udp.o)
    0x080184b0   0x080184b0   0x00000008   Code   RO         2700    i.net_ultoa         Net_Dbg_CM3_L.lib(net_common.o)
    0x080184b8   0x080184b8   0x00000030   Code   RO         2703    i.net_ultox         Net_Dbg_CM3_L.lib(net_common.o)
    0x080184e8   0x080184e8   0x0000004c   Code   RO         2704    i.net_xtoul         Net_Dbg_CM3_L.lib(net_common.o)
    0x08018534   0x08018534   0x0000001c   Code   RO         2359    i.ping_send_req     Net_Dbg_CM3_L.lib(net_ping_core.o)
    0x08018550   0x08018550   0x00000058   Code   RO         2257    i.proc_req_line     Net_Dbg_CM3_L.lib(net_http_server.o)
    0x080185a8   0x080185a8   0x0000001a   Code   RO         1974    i.que_free_list     Net_Dbg_CM3_L.lib(net_ip4_frag.o)
    0x080185c2   0x080185c2   0x000000a0   Code   RO         2258    i.read_script_line  Net_Dbg_CM3_L.lib(net_http_server.o)
    0x08018662   0x08018662   0x00000048   Code   RO         2259    i.search_delim      Net_Dbg_CM3_L.lib(net_http_server.o)
    0x080186aa   0x080186aa   0x00000002   PAD
    0x080186ac   0x080186ac   0x000000fc   Code   RO         2333    i.sntp_listener     Net_Dbg_CM3_L.lib(net_sntp_client_core.o)
    0x080187a8   0x080187a8   0x0000003c   Code   RO         2334    i.sntp_send_message  Net_Dbg_CM3_L.lib(net_sntp_client_core.o)
    0x080187e4   0x080187e4   0x00000018   Code   RO         2336    i.sntp_stop         Net_Dbg_CM3_L.lib(net_sntp_client_core.o)
    0x080187fc   0x080187fc   0x00000018   Code   RO         2393    i.sys_map_if        Net_Dbg_CM3_L.lib(net_sys.o)
    0x08018814   0x08018814   0x0000004c   Code   RO         2394    i.sys_proc_tick     Net_Dbg_CM3_L.lib(net_sys.o)
    0x08018860   0x08018860   0x00000110   Code   RO         2111    i.tcp_map_socket    Net_Dbg_CM3_L.lib(net_tcp.o)
    0x08018970   0x08018970   0x00000084   Code   RO         2112    i.tcp_parse_opt     Net_Dbg_CM3_L.lib(net_tcp.o)
    0x080189f4   0x080189f4   0x0000011c   Code   RO         2113    i.tcp_proc_acknr    Net_Dbg_CM3_L.lib(net_tcp.o)
    0x08018b10   0x08018b10   0x000000ac   Code   RO         2114    i.tcp_proc_dupack   Net_Dbg_CM3_L.lib(net_tcp.o)
    0x08018bbc   0x08018bbc   0x0000001a   Code   RO         2115    i.tcp_que_free      Net_Dbg_CM3_L.lib(net_tcp.o)
    0x08018bd6   0x08018bd6   0x0000001a   Code   RO         2116    i.tcp_que_init      Net_Dbg_CM3_L.lib(net_tcp.o)
    0x08018bf0   0x08018bf0   0x000000ac   Code   RO         2117    i.tcp_que_resend    Net_Dbg_CM3_L.lib(net_tcp.o)
    0x08018c9c   0x08018c9c   0x00000090   Code   RO         2118    i.tcp_send_ctrl     Net_Dbg_CM3_L.lib(net_tcp.o)
    0x08018d2c   0x08018d2c   0x0000007c   Code   RO         2119    i.tcp_send_data     Net_Dbg_CM3_L.lib(net_tcp.o)
    0x08018da8   0x08018da8   0x00000090   Code   RO         2120    i.tcp_send_reset    Net_Dbg_CM3_L.lib(net_tcp.o)
    0x08018e38   0x08018e38   0x00000044   Code   RO         2121    i.tcp_set_cwnd      Net_Dbg_CM3_L.lib(net_tcp.o)
    0x08018e7c   0x08018e7c   0x00000074   Code   RO         2122    i.tcp_transit       Net_Dbg_CM3_L.lib(net_tcp.o)
    0x08018ef0   0x08018ef0   0x0000010c   Code   RO         2123    i.tcp_write         Net_Dbg_CM3_L.lib(net_tcp.o)
    0x08018ffc   0x08018ffc   0x0000002c   Code   RO         2033    i.udp_port_in_use   Net_Dbg_CM3_L.lib(net_udp.o)
    0x08019028   0x08019028   0x00000044   Code   RO         2705    i.ul2str            Net_Dbg_CM3_L.lib(net_common.o)
    0x0801906c   0x0801906c   0x00000124   Code   RO         2260    i.utc_to_http       Net_Dbg_CM3_L.lib(net_http_server.o)
    0x08019190   0x08019190   0x00000024   Data   RO          154    .constdata          http_server.o
    0x080191b4   0x080191b4   0x00000004   Data   RO          271    .constdata          web.o
    0x080191b8   0x080191b8   0x00007137   Data   RO          272    .constdata          web.o
    0x080202ef   0x080202ef   0x00000001   PAD
    0x080202f0   0x080202f0   0x000000b0   Data   RO          273    .constdata          web.o
    0x080203a0   0x080203a0   0x00000960   Data   RO          317    .constdata          lcd.o
    0x08020d00   0x08020d00   0x00000008   Data   RO          497    .constdata          buttons_nucleo_f429zi.o
    0x08020d08   0x08020d08   0x00000024   Data   RO          708    .constdata          rtx_lib.o
    0x08020d2c   0x08020d2c   0x00000024   Data   RO          709    .constdata          rtx_lib.o
    0x08020d50   0x08020d50   0x00000018   Data   RO          710    .constdata          rtx_lib.o
    0x08020d68   0x08020d68   0x00000004   Data   RO          712    .constdata          rtx_lib.o
    0x08020d6c   0x08020d6c   0x00000004   Data   RO         1053    .constdata          phy_lan8742a.o
    0x08020d70   0x08020d70   0x00000020   Data   RO         1054    .constdata          phy_lan8742a.o
    0x08020d90   0x08020d90   0x00000050   Data   RO         1081    .constdata          emac_stm32f4xx.o
    0x08020de0   0x08020de0   0x00000044   Data   RO         1082    .constdata          emac_stm32f4xx.o
    0x08020e24   0x08020e24   0x00000034   Data   RO         1124    .constdata          spi_stm32f4xx.o
    0x08020e58   0x08020e58   0x00000010   Data   RO         1125    .constdata          spi_stm32f4xx.o
    0x08020e68   0x08020e68   0x00000010   Data   RO         1126    .constdata          spi_stm32f4xx.o
    0x08020e78   0x08020e78   0x0000002c   Data   RO         1127    .constdata          spi_stm32f4xx.o
    0x08020ea4   0x08020ea4   0x00000018   Data   RO         1163    .constdata          eventrecorder.o
    0x08020ebc   0x08020ebc   0x00000008   Data   RO         1302    .constdata          stm32f4xx_hal_dma.o
    0x08020ec4   0x08020ec4   0x00000010   Data   RO         1646    .constdata          system_stm32f4xx.o
    0x08020ed4   0x08020ed4   0x00000008   Data   RO         1647    .constdata          system_stm32f4xx.o
    0x08020edc   0x08020edc   0x000000a8   Data   RO         1691    .constdata          net_config.o
    0x08020f84   0x08020f84   0x0000001c   Data   RO         1692    .constdata          net_config.o
    0x08020fa0   0x08020fa0   0x00000014   Data   RO         1693    .constdata          net_config.o
    0x08020fb4   0x08020fb4   0x0000000c   Data   RO         1694    .constdata          net_config.o
    0x08020fc0   0x08020fc0   0x00000010   Data   RO         1695    .constdata          net_config.o
    0x08020fd0   0x08020fd0   0x00000028   Data   RO         1696    .constdata          net_config.o
    0x08020ff8   0x08020ff8   0x0000002c   Data   RO         1697    .constdata          net_config.o
    0x08021024   0x08021024   0x00000008   Data   RO         1698    .constdata          net_config.o
    0x0802102c   0x0802102c   0x00000008   Data   RO         1699    .constdata          net_config.o
    0x08021034   0x08021034   0x00000008   Data   RO         1700    .constdata          net_config.o
    0x0802103c   0x0802103c   0x00000008   Data   RO         1701    .constdata          net_config.o
    0x08021044   0x08021044   0x00000008   Data   RO         1702    .constdata          net_config.o
    0x0802104c   0x0802104c   0x00000008   Data   RO         1703    .constdata          net_config.o
    0x08021054   0x08021054   0x00000008   Data   RO         1704    .constdata          net_config.o
    0x0802105c   0x0802105c   0x00000008   Data   RO         1705    .constdata          net_config.o
    0x08021064   0x08021064   0x00000004   Data   RO         1707    .constdata          net_config.o
    0x08021068   0x08021068   0x00000008   Data   RO         1708    .constdata          net_config.o
    0x08021070   0x08021070   0x0000000c   Data   RO         1709    .constdata          net_config.o
    0x0802107c   0x0802107c   0x00000018   Data   RO         1710    .constdata          net_config.o
    0x08021094   0x08021094   0x00000034   Data   RO         1711    .constdata          net_config.o
    0x080210c8   0x080210c8   0x00000008   Data   RO         1712    .constdata          net_config.o
    0x080210d0   0x080210d0   0x00000030   Data   RO         1713    .constdata          net_config.o
    0x08021100   0x08021100   0x00000028   Data   RO         1714    .constdata          net_config.o
    0x08021128   0x08021128   0x00000010   Data   RO         1716    .constdata          net_config.o
    0x08021138   0x08021138   0x00000010   Data   RO         1717    .constdata          net_config.o
    0x08021148   0x08021148   0x00000008   Data   RO         1929    .constdata          Net_Dbg_CM3_L.lib(net_igmp.o)
    0x08021150   0x08021150   0x0000002c   Data   RO         1955    .constdata          Net_Dbg_CM3_L.lib(net_loopback.o)
    0x0802117c   0x0802117c   0x0000000c   Data   RO         1956    .constdata          Net_Dbg_CM3_L.lib(net_loopback.o)
    0x08021188   0x08021188   0x00000008   Data   RO         2193    .constdata          Net_Dbg_CM3_L.lib(net_nbns_client.o)
    0x08021190   0x08021190   0x000000fa   Data   RO         2262    .constdata          Net_Dbg_CM3_L.lib(net_http_server.o)
    0x0802128a   0x0802128a   0x00000012   Data   RO         2361    .constdata          Net_Dbg_CM3_L.lib(net_ping_core.o)
    0x0802129c   0x0802129c   0x00000010   Data   RO         2454    .constdata          Net_Dbg_CM3_L.lib(net_addr.o)
    0x080212ac   0x080212ac   0x00000006   Data   RO         2455    .constdata          Net_Dbg_CM3_L.lib(net_addr.o)
    0x080212b2   0x080212b2   0x00000004   Data   RO         2577    .constdata          Net_Dbg_CM3_L.lib(net_ip4.o)
    0x080212b6   0x080212b6   0x00000020   Data   RO         2612    .constdata          Net_Dbg_CM3_L.lib(net_ip6.o)
    0x080212d6   0x080212d6   0x00000002   PAD
    0x080212d8   0x080212d8   0x00000018   Data   RO         2652    .constdata          Net_Dbg_CM3_L.lib(net_http_server_err.o)
    0x080212f0   0x080212f0   0x00000010   Data   RO         2706    .constdata          Net_Dbg_CM3_L.lib(net_common.o)
    0x08021300   0x08021300   0x00000004   Data   RO         2736    .constdata          Net_Dbg_CM3_L.lib(net_version.o)
    0x08021304   0x08021304   0x0000000c   Data   RO         2750    .constdata          mc_w.l(localtime.o)
    0x08021310   0x08021310   0x000000da   Data   RO          240    .conststring        http_server_cgi.o
    0x080213ea   0x080213ea   0x00000002   PAD
    0x080213ec   0x080213ec   0x00000078   Data   RO         1718    .conststring        net_config.o
    0x08021464   0x08021464   0x0000000d   Data   RO         1719    .conststring        net_config.o
    0x08021471   0x08021471   0x00000003   PAD
    0x08021474   0x08021474   0x0000003c   Data   RO         1720    .conststring        net_config.o
    0x080214b0   0x080214b0   0x00000001   Data   RO         1721    .conststring        net_config.o
    0x080214b1   0x080214b1   0x00000003   PAD
    0x080214b4   0x080214b4   0x0000000f   Data   RO         1722    .conststring        net_config.o
    0x080214c3   0x080214c3   0x00000001   PAD
    0x080214c4   0x080214c4   0x00000203   Data   RO         2653    .conststring        Net_Dbg_CM3_L.lib(net_http_server_err.o)
    0x080216c7   0x080216c7   0x00000001   PAD
    0x080216c8   0x080216c8   0x0000000b   Data   RO          652    .conststrlit        rtx_kernel.o
    0x080216d3   0x080216d3   0x00000001   PAD
    0x080216d4   0x080216d4   0x000000a8   Data   RO          713    .rodata             rtx_lib.o
    0x0802177c   0x0802177c   0x00000030   Data   RO         3085    Region$$Table       anon$$obj.o


    Execution Region RW_IRAM2 (Exec base: 0x10000000, Load base: 0x080218ec, Size: 0x000004a4, Max: 0x00010000, ABSOLUTE)

    Exec Addr    Load Addr    Size         Type   Attr      Idx    E Section Name        Object

    0x10000000        -       0x000004a4   Zero   RW         1162    .bss.noinit         eventrecorder.o


    Execution Region RW_IRAM1 (Exec base: 0x20000000, Load base: 0x080217ac, Size: 0x0000f6e8, Max: 0x00030000, ABSOLUTE, COMPRESSED[0x00000140])

    Exec Addr    Load Addr    Size         Type   Attr      Idx    E Section Name        Object

    0x20000000   COMPRESSED   0x00008000   Data   RW          700    .bss.os             rtx_lib.o
    0x20008000   COMPRESSED   0x00000040   Data   RW          701    .bss.os             rtx_lib.o
    0x20008040   COMPRESSED   0x00000001   Data   RW         1005    .bss.os             os_systick.o
    0x20008041   COMPRESSED   0x00000003   PAD
    0x20008044   COMPRESSED   0x00000034   Data   RW          702    .bss.os.msgqueue.cb  rtx_lib.o
    0x20008078   COMPRESSED   0x00000050   Data   RW          703    .bss.os.msgqueue.mem  rtx_lib.o
    0x200080c8   COMPRESSED   0x0000001c   Data   RW         1685    .bss.os.mutex.cb    net_config.o
    0x200080e4   COMPRESSED   0x0000001c   Data   RW         1686    .bss.os.mutex.cb    net_config.o
    0x20008100   COMPRESSED   0x00000010   Data   RW         1687    .bss.os.semaphore.cb  net_config.o
    0x20008110   COMPRESSED   0x00000044   Data   RW          704    .bss.os.thread.cb   rtx_lib.o
    0x20008154   COMPRESSED   0x00000044   Data   RW          705    .bss.os.thread.cb   rtx_lib.o
    0x20008198   COMPRESSED   0x00000044   Data   RW         1688    .bss.os.thread.cb   net_config.o
    0x200081dc   COMPRESSED   0x00000044   Data   RW         1689    .bss.os.thread.cb   net_config.o
    0x20008220   COMPRESSED   0x00000200   Data   RW          706    .bss.os.thread.idle.stack  rtx_lib.o
    0x20008420   COMPRESSED   0x00000200   Data   RW          707    .bss.os.thread.timer.stack  rtx_lib.o
    0x20008620   COMPRESSED   0x00000020   Data   RW         1690    .bss.os.timer.cb    net_config.o
    0x20008640   COMPRESSED   0x00000004   Data   RW            5    .data               main.o
    0x20008644   COMPRESSED   0x0000005a   Data   RW          155    .data               http_server.o
    0x2000869e   COMPRESSED   0x00000002   PAD
    0x200086a0   COMPRESSED   0x00000008   Data   RW          241    .data               http_server_cgi.o
    0x200086a8   COMPRESSED   0x00000014   Data   RW          318    .data               lcd.o
    0x200086bc   COMPRESSED   0x00000008   Data   RW          423    .data               rtc.o
    0x200086c4   COMPRESSED   0x00000005   Data   RW          457    .data               sntp.o
    0x200086c9   COMPRESSED   0x00000003   PAD
    0x200086cc   COMPRESSED   0x0000000c   Data   RW         1196    .data               stm32f4xx_hal.o
    0x200086d8   COMPRESSED   0x00000004   Data   RW         1648    .data               system_stm32f4xx.o
    0x200086dc   COMPRESSED   0x00000004   Data   RW         1723    .data               net_config.o
    0x200086e0   COMPRESSED   0x00000006   Data   RW         1724    .data               net_config.o
    0x200086e6   COMPRESSED   0x00000004   Data   RW         1725    .data               net_config.o
    0x200086ea   COMPRESSED   0x00000004   Data   RW         1930    .data               Net_Dbg_CM3_L.lib(net_igmp.o)
    0x200086ee   COMPRESSED   0x00000002   PAD
    0x200086f0   COMPRESSED   0x00000004   Data   RW         1957    .data               Net_Dbg_CM3_L.lib(net_loopback.o)
    0x200086f4   COMPRESSED   0x00000004   Data   RW         1975    .data               Net_Dbg_CM3_L.lib(net_ip4_frag.o)
    0x200086f8   COMPRESSED   0x00000001   Data   RW         1993    .data               Net_Dbg_CM3_L.lib(net_icmp.o)
    0x200086f9   COMPRESSED   0x00000001   PAD
    0x200086fa   COMPRESSED   0x00000002   Data   RW         2035    .data               Net_Dbg_CM3_L.lib(net_udp.o)
    0x200086fc   COMPRESSED   0x00000004   Data   RW         2126    .data               Net_Dbg_CM3_L.lib(net_tcp.o)
    0x20008700   COMPRESSED   0x00000001   Data   RW         2194    .data               Net_Dbg_CM3_L.lib(net_nbns_client.o)
    0x20008701   COMPRESSED   0x00000003   PAD
    0x20008704   COMPRESSED   0x0000000c   Data   RW         2263    .data               Net_Dbg_CM3_L.lib(net_http_server.o)
    0x20008710   COMPRESSED   0x00000008   Data   RW         2578    .data               Net_Dbg_CM3_L.lib(net_ip4.o)
    0x20008718   COMPRESSED   0x00000004   Data   RW         2614    .data               Net_Dbg_CM3_L.lib(net_ip6.o)
    0x2000871c   COMPRESSED   0x000000a4   Data   RW          653    .data.os            rtx_kernel.o
    0x200087c0        -       0x0000005c   Zero   RW          152    .bss                http_server.o
    0x2000881c   COMPRESSED   0x00000004   PAD
    0x20008820        -       0x00000400   Zero   RW          153    .bss                http_server.o
    0x20008c20        -       0x00000038   Zero   RW          239    .bss                http_server_cgi.o
    0x20008c58        -       0x0000026a   Zero   RW          315    .bss                lcd.o
    0x20008ec2   COMPRESSED   0x00000002   PAD
    0x20008ec4        -       0x0000005c   Zero   RW          421    .bss                rtc.o
    0x20008f20        -       0x0000002c   Zero   RW          456    .bss                sntp.o
    0x20008f4c        -       0x0000000c   Zero   RW         1052    .bss                phy_lan8742a.o
    0x20008f58        -       0x000024cc   Zero   RW         1080    .bss                emac_stm32f4xx.o
    0x2000b424        -       0x00000010   Zero   RW         1122    .bss                spi_stm32f4xx.o
    0x2000b434        -       0x0000001c   Zero   RW         1123    .bss                spi_stm32f4xx.o
    0x2000b450        -       0x00000400   Zero   RW         1675    .bss                net_config.o
    0x2000b850        -       0x00000400   Zero   RW         1676    .bss                net_config.o
    0x2000bc50        -       0x00002ee0   Zero   RW         1677    .bss                net_config.o
    0x2000eb30        -       0x000000c8   Zero   RW         1678    .bss                net_config.o
    0x2000ebf8        -       0x00000028   Zero   RW         1679    .bss                net_config.o
    0x2000ec20        -       0x00000018   Zero   RW         1680    .bss                net_config.o
    0x2000ec38        -       0x00000028   Zero   RW         1681    .bss                net_config.o
    0x2000ec60        -       0x00000050   Zero   RW         1682    .bss                net_config.o
    0x2000ecb0        -       0x00000228   Zero   RW         1683    .bss                net_config.o
    0x2000eed8        -       0x00000150   Zero   RW         1684    .bss                net_config.o
    0x2000f028        -       0x000000a0   Zero   RW         1819    .bss                Net_Dbg_CM3_L.lib(net_eth.o)
    0x2000f0c8        -       0x00000018   Zero   RW         1879    .bss                Net_Dbg_CM3_L.lib(net_arp.o)
    0x2000f0e0        -       0x0000001c   Zero   RW         2034    .bss                Net_Dbg_CM3_L.lib(net_udp.o)
    0x2000f0fc        -       0x00000098   Zero   RW         2261    .bss                Net_Dbg_CM3_L.lib(net_http_server.o)
    0x2000f194        -       0x0000002c   Zero   RW         2337    .bss                Net_Dbg_CM3_L.lib(net_sntp_client_core.o)
    0x2000f1c0        -       0x0000002c   Zero   RW         2360    .bss                Net_Dbg_CM3_L.lib(net_ping_core.o)
    0x2000f1ec        -       0x00000038   Zero   RW         2395    .bss                Net_Dbg_CM3_L.lib(net_sys.o)
    0x2000f224        -       0x00000024   Zero   RW         2396    .bss                Net_Dbg_CM3_L.lib(net_sys.o)
    0x2000f248        -       0x0000005c   Zero   RW         2453    .bss                Net_Dbg_CM3_L.lib(net_addr.o)
    0x2000f2a4        -       0x00000014   Zero   RW         2668    .bss                Net_Dbg_CM3_L.lib(net_mem.o)
    0x2000f2b8        -       0x0000002c   Zero   RW         2749    .bss                mc_w.l(localtime.o)
    0x2000f2e4   COMPRESSED   0x00000004   PAD
    0x2000f2e8        -       0x00000400   Zero   RW         1635    STACK               startup_stm32f429xx.o


==============================================================================

Image component sizes


      Code (inc. data)   RO Data    RW Data    ZI Data      Debug   Object Name

       208         16          0          0          0       1864   adc.o
       164         10          8          0          0       2420   buttons_nucleo_f429zi.o
      2536        156        148          0       9420      47678   emac_stm32f4xx.o
      1452         40         24          0       1188      17480   eventrecorder.o
       716         58         36         90       1116      17714   http_server.o
      1924        332        218          8         56       8086   http_server_cgi.o
       148          8          0          0          0        656   irq_armv7m.o
      1316         92       2400         20        618       6865   lcd.o
       412         14          0          0          0       1244   leds.o
       272         28          0          4          0     794383   main.o
       356         26        829        254      15320      32045   net_config.o
       338          0          0          0          0        866   net_debug.o
       196         12          0          1          0       1992   os_systick.o
       428         10         36          0         12       6970   phy_lan8742a.o
       468         56          0          8         92       3413   rtc.o
         4          0          0          0          0        611   rtx_config.o
       260         14          0          0          0      17930   rtx_delay.o
      2392         88          0          0          0      45217   rtx_evr.o
      1740         96         11        164          0      28084   rtx_kernel.o
        24          0        268      34124          0       9883   rtx_lib.o
       292          0          0          0          0       3847   rtx_memory.o
      1984         48          0          0          0      15256   rtx_mempool.o
      2820         58          0          0          0      23780   rtx_msgqueue.o
      1368         30          0          0          0      10178   rtx_mutex.o
      1432         34          0          0          0      11984   rtx_semaphore.o
       668         18          0          0          0       8565   rtx_system.o
      4892        124          0          0          0      33717   rtx_thread.o
      1152         34          0          0          0      10285   rtx_timer.o
       272         36          0          5         44       2596   sntp.o
      3164         98        128          0         44      44963   spi_stm32f4xx.o
        36          8        428          0       1024        848   startup_stm32f429xx.o
       456         38          0         12          0      11471   stm32f4xx_hal.o
      2744         92          0          0          0       8855   stm32f4xx_hal_adc.o
      1828         42          0          0          0       6570   stm32f4xx_hal_adc_ex.o
       664         10          0          0          0      36162   stm32f4xx_hal_cortex.o
      1816         28          8          0          0       7669   stm32f4xx_hal_dma.o
       868         54          0          0          0       4023   stm32f4xx_hal_gpio.o
      1888         66          0          0          0       6175   stm32f4xx_hal_rcc.o
      1508         80          0          0          0       4733   stm32f4xx_hal_rcc_ex.o
      2416         24          0          0          0       8737   stm32f4xx_hal_rtc.o
      2828         22          0          0          0      13729   stm32f4xx_hal_rtc_ex.o
      9170        166          0          0          0      37672   stm32f4xx_hal_tim.o
      2992         62          0          0          0      13696   stm32f4xx_hal_tim_ex.o
        84         14          0          0          0       1957   stm32f4xx_it.o
       148         20         24          4          0       1837   system_stm32f4xx.o
       120         10      29163          0          0       1776   web.o

    ----------------------------------------------------------------------
     62966       2272      33788      34702      28940    1376482   Object Totals
         0          0         48          0          0          0   (incl. Generated)
         2          0         11          8          6          0   (incl. Padding)

    ----------------------------------------------------------------------

      Code (inc. data)   RO Data    RW Data    ZI Data      Debug   Library Member Name

      1458         18         22          0         92       1624   net_addr.o
      2874        144          0          0         24       1548   net_arp.o
       600         10         16          0          0       1272   net_common.o
      3664        138          0          0        160       1600   net_eth.o
      6834       1268        250         12        152       2852   net_http_server.o
         0          0        539          0          0          0   net_http_server_err.o
       640         48          0          1          0        236   net_icmp.o
       812         60          0          0          0        332   net_icmp6.o
       972         46          8          4          0        680   net_igmp.o
      1188         82          4          8          0        956   net_ip4.o
       690         30          0          4          0        476   net_ip4_frag.o
       848         72         32          4          0        644   net_ip6.o
       348         28         56          4          0        256   net_loopback.o
       592         64          0          0         20        564   net_mem.o
       520         44          8          1          0        188   net_nbns_client.o
      3058        106          0          0          0       1404   net_ndp.o
       188         32         18          0         44        220   net_ping_core.o
       872         70          0          0         44        584   net_sntp_client_core.o
       834         84          0          0         92       1012   net_sys.o
      6566        282          0          4          0       2728   net_tcp.o
      1400         80          0          2         28        772   net_udp.o
         0          0          4          0          0          0   net_version.o
        86          0          0          0          0          0   __dczerorl2.o
         0          0          0          0          0          0   entry.o
         0          0          0          0          0          0   entry10a.o
         0          0          0          0          0          0   entry11a.o
         4          0          0          0          0          0   entry12b.o
         8          4          0          0          0          0   entry2.o
         4          0          0          0          0          0   entry5.o
         0          0          0          0          0          0   entry7b.o
         0          0          0          0          0          0   entry8b.o
         8          4          0          0          0          0   entry9a.o
        30          0          0          0          0          0   handlers.o
        36          8          0          0          0         68   init.o
         0          0          0          0          0          0   iusefp.o
        30          0          0          0          0         68   llshl.o
        36          0          0          0          0         68   llsshr.o
        32          0          0          0          0         68   llushr.o
       148         10         12          0         44         76   localtime.o
        26          0          0          0          0         80   memcmp.o
        36          0          0          0          0         68   memcpya.o
        36          0          0          0          0        108   memseta.o
      2236         86          0          0          0        532   printfa.o
        28          0          0          0          0         76   strcmp.o
        18          0          0          0          0         68   strcpy.o
        14          0          0          0          0         68   strlen.o
        30          0          0          0          0         80   strncmp.o
        44          0          0          0          0         80   uidiv.o
        98          0          0          0          0         92   uldiv.o
        48          0          0          0          0         68   cdrcmple.o
       334          0          0          0          0        148   dadd.o
       222          0          0          0          0        100   ddiv.o
       186          0          0          0          0        176   depilogue.o
        48          0          0          0          0         68   dfixul.o
       228          0          0          0          0         96   dmul.o
        46          0          0          0          0         80   dscalb.o
        38          0          0          0          0         68   f2d.o
       110          0          0          0          0        168   fepilogue.o
        50          0          0          0          0         68   ffixi.o
        10          0          0          0          0         68   ffltui.o
       100          0          0          0          0         76   fmul.o

    ----------------------------------------------------------------------
     39406       2818        972         50        704      22732   Library Totals
        40          0          3          6          4          0   (incl. Padding)

    ----------------------------------------------------------------------

      Code (inc. data)   RO Data    RW Data    ZI Data      Debug   Library Name

     34958       2706        957         44        656      19948   Net_Dbg_CM3_L.lib
      2988        112         12          0         44       1600   mc_w.l
      1420          0          0          0          0       1184   mf_w.l

    ----------------------------------------------------------------------
     39406       2818        972         50        704      22732   Library Totals

    ----------------------------------------------------------------------

==============================================================================


      Code (inc. data)   RO Data    RW Data    ZI Data      Debug   

    102372       5090      34760      34752      29644    1380830   Grand Totals
    102372       5090      34760        320      29644    1380830   ELF Image Totals (compressed)
    102372       5090      34760        320          0          0   ROM Totals

==============================================================================

    Total RO  Size (Code + RO Data)               137132 ( 133.92kB)
    Total RW  Size (RW Data + ZI Data)             64396 (  62.89kB)
    Total ROM Size (Code + RO Data + RW Data)     137452 ( 134.23kB)

==============================================================================

