Component: ARM Compiler 6.16 Tool: armlink [5dfeaa00]

==============================================================================

Section Cross References

    main.o(.text.HAL_GetTick) refers to rtx_kernel.o(.text.osKernelGetState) for osKernelGetState
    main.o(.text.HAL_GetTick) refers to rtx_kernel.o(.text.osKernelGetTickCount) for osKernelGetTickCount
    main.o(.text.HAL_GetTick) refers to system_stm32f4xx.o(.data.SystemCoreClock) for SystemCoreClock
    main.o(.text.HAL_GetTick) refers to main.o(.bss.HAL_GetTick.ticks) for HAL_GetTick.ticks
    main.o(.ARM.exidx.text.HAL_GetTick) refers to main.o(.text.HAL_GetTick) for [Anonymous Symbol]
    main.o(.text.main) refers to stm32f4xx_hal.o(.text.HAL_Init) for HAL_Init
    main.o(.text.main) refers to main.o(.text.SystemClock_Config) for SystemClock_Config
    main.o(.text.main) refers to system_stm32f4xx.o(.text.SystemCoreClockUpdate) for SystemCoreClockUpdate
    main.o(.text.main) refers to rtx_kernel.o(.text.osKernelInitialize) for osKernelInitialize
    main.o(.text.main) refers to rfid.o(.text.Init_RFID) for Init_RFID
    main.o(.text.main) refers to speaker.o(.text.Init_Altavoz) for Init_Altavoz
    main.o(.text.main) refers to rtx_kernel.o(.text.osKernelStart) for osKernelStart
    main.o(.ARM.exidx.text.main) refers to main.o(.text.main) for [Anonymous Symbol]
    main.o(.text.SystemClock_Config) refers to stm32f4xx_hal_rcc.o(.text.HAL_RCC_OscConfig) for HAL_RCC_OscConfig
    main.o(.text.SystemClock_Config) refers to stm32f4xx_hal_rcc.o(.text.HAL_RCC_ClockConfig) for HAL_RCC_ClockConfig
    main.o(.text.SystemClock_Config) refers to stm32f4xx_hal.o(.text.HAL_GetREVID) for HAL_GetREVID
    main.o(.ARM.exidx.text.SystemClock_Config) refers to main.o(.text.SystemClock_Config) for [Anonymous Symbol]
    stm32f4xx_it.o(.ARM.exidx.text.NMI_Handler) refers to stm32f4xx_it.o(.text.NMI_Handler) for [Anonymous Symbol]
    stm32f4xx_it.o(.ARM.exidx.text.HardFault_Handler) refers to stm32f4xx_it.o(.text.HardFault_Handler) for [Anonymous Symbol]
    stm32f4xx_it.o(.ARM.exidx.text.MemManage_Handler) refers to stm32f4xx_it.o(.text.MemManage_Handler) for [Anonymous Symbol]
    stm32f4xx_it.o(.ARM.exidx.text.BusFault_Handler) refers to stm32f4xx_it.o(.text.BusFault_Handler) for [Anonymous Symbol]
    stm32f4xx_it.o(.ARM.exidx.text.UsageFault_Handler) refers to stm32f4xx_it.o(.text.UsageFault_Handler) for [Anonymous Symbol]
    stm32f4xx_it.o(.ARM.exidx.text.DebugMon_Handler) refers to stm32f4xx_it.o(.text.DebugMon_Handler) for [Anonymous Symbol]
    rfid.o(.text) refers (Special) to _printf_hex_int.o(.text) for _printf_longlong_hex
    rfid.o(.text) refers (Special) to _printf_percent.o(.ARM.Collect$$_printf_percent$$00000000) for _printf_percent
    rfid.o(.text) refers (Special) to _printf_pad.o(.text) for _printf_pre_padding
    rfid.o(.text) refers (Special) to _printf_x.o(.ARM.Collect$$_printf_percent$$0000000C) for _printf_x
    rfid.o(.text.Init_RFID) refers (Special) to _printf_hex_int.o(.text) for _printf_longlong_hex
    rfid.o(.text.Init_RFID) refers (Special) to _printf_percent.o(.ARM.Collect$$_printf_percent$$00000000) for _printf_percent
    rfid.o(.text.Init_RFID) refers (Special) to _printf_pad.o(.text) for _printf_pre_padding
    rfid.o(.text.Init_RFID) refers (Special) to _printf_x.o(.ARM.Collect$$_printf_percent$$0000000C) for _printf_x
    rfid.o(.text.Init_RFID) refers to rfid.o(.text.Th_RFID) for Th_RFID
    rfid.o(.text.Init_RFID) refers to rtx_thread.o(.text.osThreadNew) for osThreadNew
    rfid.o(.text.Init_RFID) refers to rfid.o(.bss.TID_RFID) for TID_RFID
    rfid.o(.ARM.exidx.text.Init_RFID) refers (Special) to _printf_hex_int.o(.text) for _printf_longlong_hex
    rfid.o(.ARM.exidx.text.Init_RFID) refers (Special) to _printf_percent.o(.ARM.Collect$$_printf_percent$$00000000) for _printf_percent
    rfid.o(.ARM.exidx.text.Init_RFID) refers (Special) to _printf_pad.o(.text) for _printf_pre_padding
    rfid.o(.ARM.exidx.text.Init_RFID) refers (Special) to _printf_x.o(.ARM.Collect$$_printf_percent$$0000000C) for _printf_x
    rfid.o(.ARM.exidx.text.Init_RFID) refers to rfid.o(.text.Init_RFID) for [Anonymous Symbol]
    rfid.o(.text.Th_RFID) refers (Special) to _printf_hex_int.o(.text) for _printf_longlong_hex
    rfid.o(.text.Th_RFID) refers (Special) to _printf_percent.o(.ARM.Collect$$_printf_percent$$00000000) for _printf_percent
    rfid.o(.text.Th_RFID) refers (Special) to _printf_pad.o(.text) for _printf_pre_padding
    rfid.o(.text.Th_RFID) refers (Special) to _printf_x.o(.ARM.Collect$$_printf_percent$$0000000C) for _printf_x
    rfid.o(.text.Th_RFID) refers to rfid.o(.text.initMBED_leds) for initMBED_leds
    rfid.o(.text.Th_RFID) refers to rfid.o(.text.TM_MFRC522_Init) for TM_MFRC522_Init
    rfid.o(.text.Th_RFID) refers to rfid.o(.text.initTim_Meas) for initTim_Meas
    rfid.o(.text.Th_RFID) refers to rfid.o(.text.take_meas) for take_meas
    rfid.o(.text.Th_RFID) refers to rfid.o(.bss.id) for id
[...]
    __rt_lib_init_atexit_1                   0x08000235   Thumb Code     0  libinit2.o(.ARM.Collect$$libinit$$0000001B)
    __rt_lib_init_clock_1                    0x08000235   Thumb Code     0  libinit2.o(.ARM.Collect$$libinit$$00000021)
    __rt_lib_init_fp_trap_1                  0x08000235   Thumb Code     0  libinit2.o(.ARM.Collect$$libinit$$0000001F)
    __rt_lib_init_getenv_1                   0x08000235   Thumb Code     0  libinit2.o(.ARM.Collect$$libinit$$00000023)
    __rt_lib_init_heap_1                     0x08000235   Thumb Code     0  libinit2.o(.ARM.Collect$$libinit$$0000000A)
    __rt_lib_init_lc_collate_1               0x08000235   Thumb Code     0  libinit2.o(.ARM.Collect$$libinit$$00000011)
    __rt_lib_init_lc_ctype_1                 0x08000235   Thumb Code     0  libinit2.o(.ARM.Collect$$libinit$$00000013)
    __rt_lib_init_lc_monetary_1              0x08000235   Thumb Code     0  libinit2.o(.ARM.Collect$$libinit$$00000015)
    __rt_lib_init_lc_numeric_1               0x08000235   Thumb Code     0  libinit2.o(.ARM.Collect$$libinit$$00000017)
    __rt_lib_init_lc_time_1                  0x08000235   Thumb Code     0  libinit2.o(.ARM.Collect$$libinit$$00000019)
    __rt_lib_init_rand_1                     0x08000235   Thumb Code     0  libinit2.o(.ARM.Collect$$libinit$$0000000E)
    __rt_lib_init_signal_1                   0x08000235   Thumb Code     0  libinit2.o(.ARM.Collect$$libinit$$0000001D)
    __rt_lib_init_stdio_2                    0x08000235   Thumb Code     0  libinit2.o(.ARM.Collect$$libinit$$00000024)
    __rt_lib_init_user_alloc_1               0x08000235   Thumb Code     0  libinit2.o(.ARM.Collect$$libinit$$0000000C)
    __rt_lib_init_alloca_1                   0x08000239   Thumb Code     0  libinit2.o(.ARM.Collect$$libinit$$0000002E)
    __rt_lib_init_argv_1                     0x08000239   Thumb Code     0  libinit2.o(.ARM.Collect$$libinit$$0000002C)
    __rt_lib_init_cpp_1                      0x08000239   Thumb Code     0  libinit2.o(.ARM.Collect$$libinit$$00000032)
    __rt_lib_init_exceptions_1               0x08000239   Thumb Code     0  libinit2.o(.ARM.Collect$$libinit$$00000030)
    __rt_lib_init_return                     0x08000239   Thumb Code     0  libinit2.o(.ARM.Collect$$libinit$$00000033)
    __rt_lib_init_stdio_1                    0x08000239   Thumb Code     0  libinit2.o(.ARM.Collect$$libinit$$00000025)
    __rt_lib_shutdown                        0x0800023b   Thumb Code     0  libshutdown.o(.ARM.Collect$$libshutdown$$00000000)
    __rt_lib_shutdown_cpp_1                  0x0800023d   Thumb Code     0  libshutdown2.o(.ARM.Collect$$libshutdown$$00000002)
    __rt_lib_shutdown_stdio_2                0x0800023d   Thumb Code     0  libshutdown2.o(.ARM.Collect$$libshutdown$$00000003)
    __rt_lib_shutdown_fp_trap_1              0x08000241   Thumb Code     0  libshutdown2.o(.ARM.Collect$$libshutdown$$00000007)
    __rt_lib_shutdown_heap_2                 0x08000241   Thumb Code     0  libshutdown2.o(.ARM.Collect$$libshutdown$$0000000D)
    __rt_lib_shutdown_signal_1               0x08000241   Thumb Code     0  libshutdown2.o(.ARM.Collect$$libshutdown$$0000000A)
    __rt_lib_shutdown_stdio_1                0x08000241   Thumb Code     0  libshutdown2.o(.ARM.Collect$$libshutdown$$00000004)
    __rt_lib_shutdown_user_alloc_1           0x08000241   Thumb Code     0  libshutdown2.o(.ARM.Collect$$libshutdown$$0000000C)
    __rt_lib_shutdown_heap_1                 0x08000245   Thumb Code     0  libshutdown2.o(.ARM.Collect$$libshutdown$$0000000F)
    __rt_lib_shutdown_return                 0x08000245   Thumb Code     0  libshutdown2.o(.ARM.Collect$$libshutdown$$00000010)
    __rt_entry                               0x08000247   Thumb Code     0  __rtentry.o(.ARM.Collect$$rtentry$$00000000)
    __rt_entry_presh_1                       0x08000247   Thumb Code     0  __rtentry2.o(.ARM.Collect$$rtentry$$00000002)
    __rt_entry_sh                            0x08000247   Thumb Code     0  __rtentry4.o(.ARM.Collect$$rtentry$$00000004)
    __rt_entry_postsh_1                      0x0800024d   Thumb Code     0  __rtentry2.o(.ARM.Collect$$rtentry$$00000008)
    __rt_entry_li                            0x08000255   Thumb Code     0  __rtentry2.o(.ARM.Collect$$rtentry$$0000000A)
    __rt_entry_main                          0x08000259   Thumb Code     0  __rtentry2.o(.ARM.Collect$$rtentry$$0000000D)
    __rt_entry_postli_1                      0x08000259   Thumb Code     0  __rtentry2.o(.ARM.Collect$$rtentry$$0000000C)
    __rt_exit                                0x08000261   Thumb Code     0  rtexit.o(.ARM.Collect$$rtexit$$00000000)
    __rt_exit_ls                             0x08000263   Thumb Code     0  rtexit2.o(.ARM.Collect$$rtexit$$00000003)
    __rt_exit_prels_1                        0x08000263   Thumb Code     0  rtexit2.o(.ARM.Collect$$rtexit$$00000002)
    __rt_exit_exit                           0x08000267   Thumb Code     0  rtexit2.o(.ARM.Collect$$rtexit$$00000004)
    Reset_Handler                            0x0800026d   Thumb Code     8  startup_stm32f429xx.o(.text)
    ADC_IRQHandler                           0x08000287   Thumb Code     0  startup_stm32f429xx.o(.text)
    CAN1_RX0_IRQHandler                      0x08000287   Thumb Code     0  startup_stm32f429xx.o(.text)
    CAN1_RX1_IRQHandler                      0x08000287   Thumb Code     0  startup_stm32f429xx.o(.text)
    CAN1_SCE_IRQHandler                      0x08000287   Thumb Code     0  startup_stm32f429xx.o(.text)
    CAN1_TX_IRQHandler                       0x08000287   Thumb Code     0  startup_stm32f429xx.o(.text)
    CAN2_RX0_IRQHandler                      0x08000287   Thumb Code     0  startup_stm32f429xx.o(.text)
    CAN2_RX1_IRQHandler                      0x08000287   Thumb Code     0  startup_stm32f429xx.o(.text)
    CAN2_SCE_IRQHandler                      0x08000287   Thumb Code     0  startup_stm32f429xx.o(.text)
    CAN2_TX_IRQHandler                       0x08000287   Thumb Code     0  startup_stm32f429xx.o(.text)
    DCMI_IRQHandler                          0x08000287   Thumb Code     0  startup_stm32f429xx.o(.text)
    DMA1_Stream0_IRQHandler                  0x08000287   Thumb Code     0  startup_stm32f429xx.o(.text)
    DMA1_Stream1_IRQHandler                  0x08000287   Thumb Code     0  startup_stm32f429xx.o(.text)
    DMA1_Stream2_IRQHandler                  0x08000287   Thumb Code     0  startup_stm32f429xx.o(.text)
    DMA1_Stream3_IRQHandler                  0x08000287   Thumb Code     0  startup_stm32f429xx.o(.text)
    DMA1_Stream4_IRQHandler                  0x08000287   Thumb Code     0  startup_stm32f429xx.o(.text)
    DMA1_Stream5_IRQHandler                  0x08000287   Thumb Code     0  startup_stm32f429xx.o(.text)
    DMA1_Stream6_IRQHandler                  0x08000287   Thumb Code     0  startup_stm32f429xx.o(.text)
    DMA1_Stream7_IRQHandler                  0x08000287   Thumb Code     0  startup_stm32f429xx.o(.text)
    DMA2D_IRQHandler                         0x08000287   Thumb Code     0  startup_stm32f429xx.o(.text)
    DMA2_Stream0_IRQHandler                  0x08000287   Thumb Code     0  startup_stm32f429xx.o(.text)
    DMA2_Stream1_IRQHandler                  0x08000287   Thumb Code     0  startup_stm32f429xx.o(.text)
    DMA2_Stream2_IRQHandler                  0x08000287   Thumb Code     0  startup_stm32f429xx.o(.text)
    DMA2_Stream3_IRQHandler                  0x08000287   Thumb Code     0  startup_stm32f429xx.o(.text)
    DMA2_Stream4_IRQHandler                  0x08000287   Thumb Code     0  startup_stm32f429xx.o(.text)
    DMA2_Stream5_IRQHandler                  0x08000287   Thumb Code     0  startup_stm32f429xx.o(.text)
    DMA2_Stream6_IRQHandler                  0x08000287   Thumb Code     0  startup_stm32f429xx.o(.text)
    DMA2_Stream7_IRQHandler                  0x08000287   Thumb Code     0  startup_stm32f429xx.o(.text)
    ETH_IRQHandler                           0x08000287   Thumb Code     0  startup_stm32f429xx.o(.text)
    ETH_WKUP_IRQHandler                      0x08000287   Thumb Code     0  startup_stm32f429xx.o(.text)
    EXTI0_IRQHandler                         0x08000287   Thumb Code     0  startup_stm32f429xx.o(.text)
    EXTI15_10_IRQHandler                     0x08000287   Thumb Code     0  startup_stm32f429xx.o(.text)
    EXTI1_IRQHandler                         0x08000287   Thumb Code     0  startup_stm32f429xx.o(.text)
    EXTI2_IRQHandler                         0x08000287   Thumb Code     0  startup_stm32f429xx.o(.text)
    EXTI3_IRQHandler                         0x08000287   Thumb Code     0  startup_stm32f429xx.o(.text)
    EXTI4_IRQHandler                         0x08000287   Thumb Code     0  startup_stm32f429xx.o(.text)
    EXTI9_5_IRQHandler                       0x08000287   Thumb Code     0  startup_stm32f429xx.o(.text)
    FLASH_IRQHandler                         0x08000287   Thumb Code     0  startup_stm32f429xx.o(.text)
    FMC_IRQHandler                           0x08000287   Thumb Code     0  startup_stm32f429xx.o(.text)
    FPU_IRQHandler                           0x08000287   Thumb Code     0  startup_stm32f429xx.o(.text)
    HASH_RNG_IRQHandler                      0x08000287   Thumb Code     0  startup_stm32f429xx.o(.text)
    I2C1_ER_IRQHandler                       0x08000287   Thumb Code     0  startup_stm32f429xx.o(.text)
    I2C1_EV_IRQHandler                       0x08000287   Thumb Code     0  startup_stm32f429xx.o(.text)
    I2C2_ER_IRQHandler                       0x08000287   Thumb Code     0  startup_stm32f429xx.o(.text)
    I2C2_EV_IRQHandler                       0x08000287   Thumb Code     0  startup_stm32f429xx.o(.text)
    I2C3_ER_IRQHandler                       0x08000287   Thumb Code     0  startup_stm32f429xx.o(.text)
    I2C3_EV_IRQHandler                       0x08000287   Thumb Code     0  startup_stm32f429xx.o(.text)
    LTDC_ER_IRQHandler                       0x08000287   Thumb Code     0  startup_stm32f429xx.o(.text)
    LTDC_IRQHandler                          0x08000287   Thumb Code     0  startup_stm32f429xx.o(.text)
    OTG_FS_IRQHandler                        0x08000287   Thumb Code     0  startup_stm32f429xx.o(.text)
    OTG_FS_WKUP_IRQHandler                   0x08000287   Thumb Code     0  startup_stm32f429xx.o(.text)
    OTG_HS_EP1_IN_IRQHandler                 0x08000287   Thumb Code     0  startup_stm32f429xx.o(.text)
    OTG_HS_EP1_OUT_IRQHandler                0x08000287   Thumb Code     0  startup_stm32f429xx.o(.text)
    OTG_HS_IRQHandler                        0x08000287   Thumb Code     0  startup_stm32f429xx.o(.text)
    OTG_HS_WKUP_IRQHandler                   0x08000287   Thumb Code     0  startup_stm32f429xx.o(.text)
    PVD_IRQHandler                           0x08000287   Thumb Code     0  startup_stm32f429xx.o(.text)
    RCC_IRQHandler                           0x08000287   Thumb Code     0  startup_stm32f429xx.o(.text)
    RTC_Alarm_IRQHandler                     0x08000287   Thumb Code     0  startup_stm32f429xx.o(.text)
    RTC_WKUP_IRQHandler                      0x08000287   Thumb Code     0  startup_stm32f429xx.o(.text)
    SAI1_IRQHandler                          0x08000287   Thumb Code     0  startup_stm32f429xx.o(.text)
    SDIO_IRQHandler                          0x08000287   Thumb Code     0  startup_stm32f429xx.o(.text)
    SPI1_IRQHandler                          0x08000287   Thumb Code     0  startup_stm32f429xx.o(.text)
    SPI3_IRQHandler                          0x08000287   Thumb Code     0  startup_stm32f429xx.o(.text)
    SPI4_IRQHandler                          0x08000287   Thumb Code     0  startup_stm32f429xx.o(.text)
    SPI5_IRQHandler                          0x08000287   Thumb Code     0  startup_stm32f429xx.o(.text)
    SPI6_IRQHandler                          0x08000287   Thumb Code     0  startup_stm32f429xx.o(.text)
    TAMP_STAMP_IRQHandler                    0x08000287   Thumb Code     0  startup_stm32f429xx.o(.text)
    TIM1_BRK_TIM9_IRQHandler                 0x08000287   Thumb Code     0  startup_stm32f429xx.o(.text)
    TIM1_CC_IRQHandler                       0x08000287   Thumb Code     0  startup_stm32f429xx.o(.text)
    TIM1_TRG_COM_TIM11_IRQHandler            0x08000287   Thumb Code     0  startup_stm32f429xx.o(.text)
    TIM1_UP_TIM10_IRQHandler                 0x08000287   Thumb Code     0  startup_stm32f429xx.o(.text)
    TIM2_IRQHandler                          0x08000287   Thumb Code     0  startup_stm32f429xx.o(.text)
    TIM3_IRQHandler                          0x08000287   Thumb Code     0  startup_stm32f429xx.o(.text)
    TIM4_IRQHandler                          0x08000287   Thumb Code     0  startup_stm32f429xx.o(.text)
    TIM5_IRQHandler                          0x08000287   Thumb Code     0  startup_stm32f429xx.o(.text)
    TIM6_DAC_IRQHandler                      0x08000287   Thumb Code     0  startup_stm32f429xx.o(.text)
    TIM7_IRQHandler                          0x08000287   Thumb Code     0  startup_stm32f429xx.o(.text)
    TIM8_BRK_TIM12_IRQHandler                0x08000287   Thumb Code     0  startup_stm32f429xx.o(.text)
    TIM8_CC_IRQHandler                       0x08000287   Thumb Code     0  startup_stm32f429xx.o(.text)
    TIM8_TRG_COM_TIM14_IRQHandler            0x08000287   Thumb Code     0  startup_stm32f429xx.o(.text)
    TIM8_UP_TIM13_IRQHandler                 0x08000287   Thumb Code     0  startup_stm32f429xx.o(.text)
    UART4_IRQHandler                         0x08000287   Thumb Code     0  startup_stm32f429xx.o(.text)
    UART5_IRQHandler                         0x08000287   Thumb Code     0  startup_stm32f429xx.o(.text)
    UART7_IRQHandler                         0x08000287   Thumb Code     0  startup_stm32f429xx.o(.text)
    UART8_IRQHandler                         0x08000287   Thumb Code     0  startup_stm32f429xx.o(.text)
    USART1_IRQHandler                        0x08000287   Thumb Code     0  startup_stm32f429xx.o(.text)
    USART2_IRQHandler                        0x08000287   Thumb Code     0  startup_stm32f429xx.o(.text)
    USART3_IRQHandler                        0x08000287   Thumb Code     0  startup_stm32f429xx.o(.text)
    USART6_IRQHandler                        0x08000287   Thumb Code     0  startup_stm32f429xx.o(.text)
    WWDG_IRQHandler                          0x08000287   Thumb Code     0  startup_stm32f429xx.o(.text)
    __user_initial_stackheap                 0x08000289   Thumb Code     0  startup_stm32f429xx.o(.text)
    SVC_Handler                              0x080002ad   Thumb Code   108  irq_armv7m.o(.text)
    PendSV_Handler                           0x08000319   Thumb Code    16  irq_armv7m.o(.text)
    SysTick_Handler                          0x08000329   Thumb Code    16  irq_armv7m.o(.text)
    __aeabi_uldivmod                         0x08000341   Thumb Code     0  lludivv7m.o(.text)
    _ll_udiv                                 0x08000341   Thumb Code   240  lludivv7m.o(.text)
    __2printf                                0x08000431   Thumb Code    20  noretval__2printf.o(.text)
    _printf_pre_padding                      0x08000449   Thumb Code    44  _printf_pad.o(.text)
    _printf_post_padding                     0x08000475   Thumb Code    34  _printf_pad.o(.text)
    _printf_int_hex                          0x08000499   Thumb Code    84  _printf_hex_int.o(.text)
    _printf_longlong_hex                     0x08000499   Thumb Code     0  _printf_hex_int.o(.text)
    __printf                                 0x080004f1   Thumb Code   308  __printf_flags_wp.o(.text)
    __aeabi_memcpy                           0x08000629   Thumb Code     0  rt_memcpy_v6.o(.text)
    __rt_memcpy                              0x08000629   Thumb Code   138  rt_memcpy_v6.o(.text)
    _memcpy_lastbytes                        0x0800068f   Thumb Code     0  rt_memcpy_v6.o(.text)
    __aeabi_memclr                           0x080006b3   Thumb Code     0  rt_memclr.o(.text)
    __rt_memclr                              0x080006b3   Thumb Code     0  rt_memclr.o(.text)
    _memset                                  0x080006b7   Thumb Code    64  rt_memclr.o(.text)
    __aeabi_memclr4                          0x080006f7   Thumb Code     0  rt_memclr_w.o(.text)
    __aeabi_memclr8                          0x080006f7   Thumb Code     0  rt_memclr_w.o(.text)
    __rt_memclr_w                            0x080006f7   Thumb Code     0  rt_memclr_w.o(.text)
    _memset_w                                0x080006fb   Thumb Code    74  rt_memclr_w.o(.text)
    strcmp                                   0x08000749   Thumb Code   124  strcmpv7em.o(.text)
    __use_two_region_memory                  0x080007c5   Thumb Code     2  heapauxi.o(.text)
    __rt_heap_escrow                         0x080007c7   Thumb Code     2  heapauxi.o(.text)
    __rt_heap_expand                         0x080007c9   Thumb Code     2  heapauxi.o(.text)
    _printf_int_common                       0x080007cb   Thumb Code   178  _printf_intcommon.o(.text)
    __aeabi_memcpy4                          0x0800087d   Thumb Code     0  rt_memcpy_w.o(.text)
    __aeabi_memcpy8                          0x0800087d   Thumb Code     0  rt_memcpy_w.o(.text)
    __rt_memcpy_w                            0x0800087d   Thumb Code   100  rt_memcpy_w.o(.text)
    _memcpy_lastbytes_aligned                0x080008c5   Thumb Code     0  rt_memcpy_w.o(.text)
    _printf_char_common                      0x080008eb   Thumb Code    32  _printf_char_common.o(.text)
    __flsbuf                                 0x08000911   Thumb Code   470  flsbuf.o(.text)
    __flsbuf_byte                            0x08000911   Thumb Code     0  flsbuf.o(.text)
    __flsbuf_wide                            0x08000911   Thumb Code     0  flsbuf.o(.text)
    _initio                                  0x08000ae9   Thumb Code   240  initio_locked.o(.text)
    _terminateio                             0x08000bd9   Thumb Code   168  initio_locked.o(.text)
    __user_setup_stackheap                   0x08000cb1   Thumb Code    74  sys_stackheap_outer.o(.text)
    malloc_internal$concurrent               0x08000d0b   Thumb Code   130  h1_alloc_threads.o(.text)
    malloc                                   0x08000d8d   Thumb Code    20  h1_alloc_threads.o(.text)
    free_internal$concurrent                 0x08000da1   Thumb Code    98  h1_free_threads.o(.text)
    free                                     0x08000e03   Thumb Code    20  h1_free_threads.o(.text)
    _printf_char_file                        0x08000e19   Thumb Code    58  _printf_char_file_locked.o(.text)
    _seterr                                  0x08000e59   Thumb Code    20  stdio.o(.text)
    _writebuf                                0x08000e6d   Thumb Code    84  stdio.o(.text)
    _fflush                                  0x08000ec1   Thumb Code    70  stdio.o(.text)
    _deferredlazyseek                        0x08000f07   Thumb Code    60  stdio.o(.text)
    _fclose_internal                         0x08000f49   Thumb Code    76  fclose.o(.text)
    fclose                                   0x08000f49   Thumb Code     0  fclose.o(.text)
    puts                                     0x08000f95   Thumb Code    58  puts_locked.o(.text)
    setvbuf                                  0x08000fd5   Thumb Code   104  setvbuf_locked.o(.text)
    freopen                                  0x080010f1   Thumb Code    42  fopen_locked.o(.text)
    _fopen$locked                            0x0800111b   Thumb Code   100  fopen_locked.o(.text)
    exit                                     0x08001189   Thumb Code    18  exit.o(.text)
    __rt_SIGRTRED                            0x0800119b   Thumb Code    14  defsig_rtred_outer.o(.text)
    __user_libspace                          0x080011a9   Thumb Code     8  libspace.o(.text)
    __user_perproc_libspace                  0x080011a9   Thumb Code     0  libspace.o(.text)
    __rt_heap_descriptor                     0x080011b1   Thumb Code    10  rt_heap_descriptor_twolibspace.o(.text)
    __use_no_heap                            0x080011bb   Thumb Code     2  hguard.o(.text)
    __heap$guard                             0x080011bd   Thumb Code     2  hguard.o(.text)
    _terminate_user_alloc                    0x080011bf   Thumb Code     2  init_alloc.o(.text)
    _init_user_alloc                         0x080011c1   Thumb Code     2  init_alloc.o(.text)
    __Heap_Full                              0x080011c3   Thumb Code    34  init_alloc.o(.text)
    __Heap_Broken                            0x080011e5   Thumb Code     6  init_alloc.o(.text)
    _init_alloc                              0x080011eb   Thumb Code    94  init_alloc.o(.text)
    __Heap_Initialize                        0x08001249   Thumb Code    14  h1_init_threads.o(.text)
    __Heap_DescSize                          0x08001257   Thumb Code     4  h1_init_threads.o(.text)
    _fseek                                   0x0800125d   Thumb Code   242  fseek.o(.text)
    fseek                                    0x0800125d   Thumb Code     0  fseek.o(.text)
    __sig_exit                               0x08001355   Thumb Code    10  defsig_exit.o(.text)
    __rt_SIGRTRED_inner                      0x08001361   Thumb Code    14  defsig_rtred_inner.o(.text)
    _sys_exit                                0x08001395   Thumb Code     8  sys_exit.o(.text)
    _maybe_terminate_alloc                   0x080013a1   Thumb Code     0  maybetermalloc2.o(.text)
    __Heap_ProvideMemory                     0x080013af   Thumb Code    68  h1_extend_threads.o(.text)
    _ftell_internal                          0x080013f3   Thumb Code    66  ftell.o(.text)
    ftell                                    0x080013f3   Thumb Code     0  ftell.o(.text)
    __default_signal_display                 0x08001435   Thumb Code    50  defsig_general.o(.text)
    __rt_SIGRTMEM                            0x08001467   Thumb Code    14  defsig_rtmem_outer.o(.text)
    _ttywrch                                 0x08001475   Thumb Code    14  sys_wrch.o(.text)
    __I$use$semihosting                      0x08001483   Thumb Code     0  use_no_semi.o(.text)
    __use_no_semihosting_swi                 0x08001483   Thumb Code     2  use_no_semi.o(.text)
    __aeabi_errno_addr                       0x08001485   Thumb Code     4  rt_errno_addr_twolibspace.o(.text)
    __errno$twolibspace                      0x08001485   Thumb Code     0  rt_errno_addr_twolibspace.o(.text)
    __rt_errno_addr$twolibspace              0x08001485   Thumb Code     0  rt_errno_addr_twolibspace.o(.text)
    __semihosting_library_function           0x08001485   Thumb Code     0  indicate_semi.o(.text)
    _terminate_alloc                         0x08001489   Thumb Code    16  term_alloc.o(.text)
    __rt_SIGRTMEM_inner                      0x08001499   Thumb Code    22  defsig_rtmem_inner.o(.text)
    __Heap_Finalize                          0x080014e9   Thumb Code    10  h1_final_threads.o(.text)
    AuthID                                   0x080014f5   Thumb Code    62  rfid.o(.text.AuthID)
    BusFault_Handler                         0x08001535   Thumb Code     2  stm32f4xx_it.o(.text.BusFault_Handler)
    DebugMon_Handler                         0x08001539   Thumb Code     2  stm32f4xx_it.o(.text.DebugMon_Handler)
    HAL_GPIO_DeInit                          0x080016d9   Thumb Code   262  stm32f4xx_hal_gpio.o(.text.HAL_GPIO_DeInit)
    HAL_GPIO_Init                            0x080017e1   Thumb Code   410  stm32f4xx_hal_gpio.o(.text.HAL_GPIO_Init)
    HAL_GPIO_WritePin                        0x0800197d   Thumb Code    10  stm32f4xx_hal_gpio.o(.text.HAL_GPIO_WritePin)
    HAL_GetREVID                             0x08001989   Thumb Code    14  stm32f4xx_hal.o(.text.HAL_GetREVID)
    HAL_GetTick                              0x08001999   Thumb Code    80  main.o(.text.HAL_GetTick)
    HAL_Init                                 0x080019e9   Thumb Code    46  stm32f4xx_hal.o(.text.HAL_Init)
    HAL_InitTick                             0x08001a19   Thumb Code    80  stm32f4xx_hal.o(.text.HAL_InitTick)
    HAL_MspInit                              0x08001a69   Thumb Code     2  stm32f4xx_hal.o(.text.HAL_MspInit)
    HAL_NVIC_DisableIRQ                      0x08001a6d   Thumb Code     8  stm32f4xx_hal_cortex.o(.text.HAL_NVIC_DisableIRQ)
    HAL_NVIC_SetPriority                     0x08001a75   Thumb Code    30  stm32f4xx_hal_cortex.o(.text.HAL_NVIC_SetPriority)
    HAL_NVIC_SetPriorityGrouping             0x08001a95   Thumb Code     8  stm32f4xx_hal_cortex.o(.text.HAL_NVIC_SetPriorityGrouping)
    HAL_RCC_ClockConfig                      0x08001a9d   Thumb Code   352  stm32f4xx_hal_rcc.o(.text.HAL_RCC_ClockConfig)
    HAL_RCC_GetHCLKFreq                      0x08001bfd   Thumb Code    12  stm32f4xx_hal_rcc.o(.text.HAL_RCC_GetHCLKFreq)
    HAL_RCC_GetPCLK1Freq                     0x08001c09   Thumb Code    34  stm32f4xx_hal_rcc.o(.text.HAL_RCC_GetPCLK1Freq)
    HAL_RCC_GetSysClockFreq                  0x08001c2d   Thumb Code   106  stm32f4xx_hal_rcc.o(.text.HAL_RCC_GetSysClockFreq)
    HAL_RCC_OscConfig                        0x08001c99   Thumb Code   820  stm32f4xx_hal_rcc.o(.text.HAL_RCC_OscConfig)
    HAL_SYSTICK_Config                       0x08001fcd   Thumb Code     8  stm32f4xx_hal_cortex.o(.text.HAL_SYSTICK_Config)
    HAL_TIM_OC_ConfigChannel                 0x08001fd5   Thumb Code    86  stm32f4xx_hal_tim.o(.text.HAL_TIM_OC_ConfigChannel)
    HAL_TIM_OC_Init                          0x0800202d   Thumb Code    54  stm32f4xx_hal_tim.o(.text.HAL_TIM_OC_Init)
    HAL_TIM_OC_MspInit                       0x08002065   Thumb Code     2  stm32f4xx_hal_tim.o(.text.HAL_TIM_OC_MspInit)
    HAL_TIM_OC_Start                         0x08002069   Thumb Code    60  stm32f4xx_hal_tim.o(.text.HAL_TIM_OC_Start)
    HAL_TIM_OC_Stop                          0x080020a5   Thumb Code    94  stm32f4xx_hal_tim.o(.text.HAL_TIM_OC_Stop)
    HardFault_Handler                        0x08002105   Thumb Code     2  stm32f4xx_it.o(.text.HardFault_Handler)
    ITM_SendChar                             0x08002109   Thumb Code    46  retarget_io.o(.text.ITM_SendChar)
    Init_Altavoz                             0x08002139   Thumb Code    44  speaker.o(.text.Init_Altavoz)
    Init_RFID                                0x08002165   Thumb Code    44  rfid.o(.text.Init_RFID)
    MemManage_Handler                        0x08002191   Thumb Code     2  stm32f4xx_it.o(.text.MemManage_Handler)
    NMI_Handler                              0x08002249   Thumb Code     2  stm32f4xx_it.o(.text.NMI_Handler)
    OS_Tick_AcknowledgeIRQ                   0x08002279   Thumb Code     8  os_systick.o(.text.OS_Tick_AcknowledgeIRQ)
    OS_Tick_Enable                           0x08002281   Thumb Code    32  os_systick.o(.text.OS_Tick_Enable)
    OS_Tick_GetIRQn                          0x080022a5   Thumb Code     6  os_systick.o(.text.OS_Tick_GetIRQn)
    OS_Tick_Setup                            0x080022ad   Thumb Code    48  os_systick.o(.text.OS_Tick_Setup)
    SPI2_IRQHandler                          0x08002395   Thumb Code     8  spi_stm32f4xx.o(.text.SPI2_IRQHandler)
    SystemCoreClockUpdate                    0x08002cd9   Thumb Code   126  system_stm32f4xx.o(.text.SystemCoreClockUpdate)
    SystemInit                               0x08002d59   Thumb Code    16  system_stm32f4xx.o(.text.SystemInit)
    TIM_Base_SetConfig                       0x08002d69   Thumb Code   292  stm32f4xx_hal_tim.o(.text.TIM_Base_SetConfig)
    TIM_CCxChannelCmd                        0x08002e8d   Thumb Code    36  stm32f4xx_hal_tim.o(.text.TIM_CCxChannelCmd)
    TIM_OC2_SetConfig                        0x08002f15   Thumb Code   106  stm32f4xx_hal_tim.o(.text.TIM_OC2_SetConfig)
    UsageFault_Handler                       0x08003609   Thumb Code     2  stm32f4xx_it.o(.text.UsageFault_Handler)
    __user_perthread_libspace                0x080036a9   Thumb Code    86  rtx_lib.o(.text.__user_perthread_libspace)
    _mutex_acquire                           0x08003701   Thumb Code    26  rtx_lib.o(.text._mutex_acquire)
    _mutex_free                              0x0800371d   Thumb Code    10  rtx_lib.o(.text._mutex_free)
    _mutex_initialize                        0x08003729   Thumb Code    32  rtx_lib.o(.text._mutex_initialize)
    _mutex_release                           0x08003749   Thumb Code    22  rtx_lib.o(.text._mutex_release)
    _platform_post_stackheap_init            0x08003761   Thumb Code     8  rtx_lib.o(.text._platform_post_stackheap_init)
    _sys_close                               0x08003769   Thumb Code    18  retarget_io.o(.text._sys_close)
    _sys_flen                                0x0800377d   Thumb Code     4  retarget_io.o(.text._sys_flen)
    _sys_istty                               0x08003781   Thumb Code    16  retarget_io.o(.text._sys_istty)
    _sys_open                                0x08003791   Thumb Code    76  retarget_io.o(.text._sys_open)
    _sys_seek                                0x080037f5   Thumb Code     6  retarget_io.o(.text._sys_seek)
    _sys_write                               0x080037fd   Thumb Code    46  retarget_io.o(.text._sys_write)
    initTimer2_OC                            0x080038e5   Thumb Code   134  speaker.o(.text.initTimer2_OC)
    main                                     0x0800396d   Thumb Code    30  main.o(.text.main)
    osDelay                                  0x0800398d   Thumb Code    32  rtx_delay.o(.text.osDelay)
    osKernelGetState                         0x080039b1   Thumb Code    40  rtx_kernel.o(.text.osKernelGetState)
    osKernelGetTickCount                     0x080039e1   Thumb Code    32  rtx_kernel.o(.text.osKernelGetTickCount)
    osKernelInitialize                       0x08003a09   Thumb Code    40  rtx_kernel.o(.text.osKernelInitialize)
    osKernelStart                            0x08003a35   Thumb Code    32  rtx_kernel.o(.text.osKernelStart)
    osMessageQueueGet                        0x08003a59   Thumb Code   108  rtx_msgqueue.o(.text.osMessageQueueGet)
    osMessageQueuePut                        0x08003ac9   Thumb Code   124  rtx_msgqueue.o(.text.osMessageQueuePut)
    osMutexAcquire                           0x08003b49   Thumb Code    32  rtx_mutex.o(.text.osMutexAcquire)
    osMutexDelete                            0x08003b6d   Thumb Code    32  rtx_mutex.o(.text.osMutexDelete)
    osMutexNew                               0x08003b91   Thumb Code    32  rtx_mutex.o(.text.osMutexNew)
    osMutexRelease                           0x08003bb5   Thumb Code    32  rtx_mutex.o(.text.osMutexRelease)
    osRtxErrorNotify                         0x08003bd9   Thumb Code     2  rtx_config.o(.text.osRtxErrorNotify)
    osRtxIdleThread                          0x08003bdd   Thumb Code     2  rtx_config.o(.text.osRtxIdleThread)
    osRtxKernelErrorNotify                   0x08003bdf   Thumb Code     4  rtx_kernel.o(.text.osRtxKernelErrorNotify)
    osRtxKernelPreInit                       0x08003be3   Thumb Code     2  rtx_kernel.o(.text.osRtxKernelPreInit)
    osRtxMemoryAlloc                         0x08003be5   Thumb Code   108  rtx_memory.o(.text.osRtxMemoryAlloc)
    osRtxMemoryFree                          0x08003c51   Thumb Code    66  rtx_memory.o(.text.osRtxMemoryFree)
    osRtxMemoryInit                          0x08003c93   Thumb Code    54  rtx_memory.o(.text.osRtxMemoryInit)
    osRtxMemoryPoolAlloc                     0x08003cc9   Thumb Code    58  rtx_mempool.o(.text.osRtxMemoryPoolAlloc)
    osRtxMemoryPoolFree                      0x08003d03   Thumb Code    74  rtx_mempool.o(.text.osRtxMemoryPoolFree)
    osRtxMemoryPoolInit                      0x08003d4d   Thumb Code    56  rtx_mempool.o(.text.osRtxMemoryPoolInit)
    osRtxMessageQueueTimerSetup              0x08003e31   Thumb Code    32  rtx_msgqueue.o(.text.osRtxMessageQueueTimerSetup)
    osRtxMutexOwnerRelease                   0x08003e55   Thumb Code    72  rtx_mutex.o(.text.osRtxMutexOwnerRelease)
    osRtxMutexOwnerRestore                   0x08003e9d   Thumb Code    66  rtx_mutex.o(.text.osRtxMutexOwnerRestore)
    osRtxPendSV_Handler                      0x08003ee1   Thumb Code   136  rtx_system.o(.text.osRtxPendSV_Handler)
    osRtxPostProcess                         0x08003f69   Thumb Code   108  rtx_system.o(.text.osRtxPostProcess)
    osRtxThreadDelayTick                     0x080040c5   Thumb Code    72  rtx_thread.o(.text.osRtxThreadDelayTick)
    osRtxThreadDispatch                      0x0800412d   Thumb Code    80  rtx_thread.o(.text.osRtxThreadDispatch)
    osRtxThreadListGet                       0x080041f3   Thumb Code    18  rtx_thread.o(.text.osRtxThreadListGet)
    osRtxThreadListPut                       0x08004205   Thumb Code    44  rtx_thread.o(.text.osRtxThreadListPut)
    osRtxThreadListRemove                    0x08004231   Thumb Code    20  rtx_thread.o(.text.osRtxThreadListRemove)
    osRtxThreadListSort                      0x08004251   Thumb Code    38  rtx_thread.o(.text.osRtxThreadListSort)
    osRtxThreadReadyPut                      0x080042a1   Thumb Code    16  rtx_thread.o(.text.osRtxThreadReadyPut)
    osRtxThreadRegPtr                        0x080042b5   Thumb Code     6  rtx_thread.o(.text.osRtxThreadRegPtr)
    osRtxThreadStartup                       0x080042bd   Thumb Code    48  rtx_thread.o(.text.osRtxThreadStartup)
    osRtxThreadSwitch                        0x080042f5   Thumb Code    12  rtx_thread.o(.text.osRtxThreadSwitch)
    osRtxThreadWaitEnter                     0x08004301   Thumb Code    56  rtx_thread.o(.text.osRtxThreadWaitEnter)
    osRtxThreadWaitExit                      0x0800433d   Thumb Code    34  rtx_thread.o(.text.osRtxThreadWaitExit)
    osRtxTick_Handler                        0x08004361   Thumb Code   116  rtx_system.o(.text.osRtxTick_Handler)
    osRtxTimerSetup                          0x080043d5   Thumb Code    24  rtx_timer.o(.text.osRtxTimerSetup)
    osRtxTimerThread                         0x080043f5   Thumb Code    32  rtx_timer.o(.text.osRtxTimerThread)
    osThreadExit                             0x08004485   Thumb Code     8  rtx_thread.o(.text.osThreadExit)
    osThreadFlagsSet                         0x08004491   Thumb Code    84  rtx_thread.o(.text.osThreadFlagsSet)
    osThreadFlagsWait                        0x080044e9   Thumb Code    32  rtx_thread.o(.text.osThreadFlagsWait)
    osThreadGetId                            0x0800450d   Thumb Code    32  rtx_thread.o(.text.osThreadGetId)
    osThreadNew                              0x08004535   Thumb Code    32  rtx_thread.o(.text.osThreadNew)
    osTimerNew                               0x08004559   Thumb Code    32  rtx_timer.o(.text.osTimerNew)
    osTimerStart                             0x0800457d   Thumb Code    32  rtx_timer.o(.text.osTimerStart)
    speaker                                  0x080045c1   Thumb Code    38  speaker.o(.text.speaker)
    _is_digit                                0x08005099   Thumb Code    14  __printf_wp.o(i._is_digit)
    _fputc$unlocked                          0x080050a7   Thumb Code    26  fputc.o(i.fputc)
    osRtxConfig                              0x080050fc   Data         112  rtx_lib.o(.rodata)
    os_cb_sections                           0x0800516c   Data          56  rtx_lib.o(.rodata)
    AHBPrescTable                            0x080051a4   Data          16  system_stm32f4xx.o(.rodata.AHBPrescTable)
    APBPrescTable                            0x080051b4   Data           8  system_stm32f4xx.o(.rodata.APBPrescTable)
    Driver_SPI2                              0x080051bc   Data          44  spi_stm32f4xx.o(.rodata.Driver_SPI2)
    __stderr_name                            0x080051e8   Data           8  retarget_io.o(.rodata.__stderr_name)
    __stdin_name                             0x080051f0   Data           7  retarget_io.o(.rodata.__stdin_name)
    __stdout_name                            0x080051f7   Data           8  retarget_io.o(.rodata.__stdout_name)
    osRtxUserSVC                             0x08005200   Data           4  rtx_lib.o(.rodata.osRtxUserSVC)
    valid_cards                              0x0800526f   Data           8  rfid.o(.rodata.valid_cards)
    Region$$Table$$Base                      0x08005278   Number         0  anon$$obj.o(Region$$Table)
    Region$$Table$$Limit                     0x08005298   Number         0  anon$$obj.o(Region$$Table)
    __aeabi_stdin                            0x20000000   Data           4  stdio_streams.o(.data)
    __aeabi_stdout                           0x20000004   Data           4  stdio_streams.o(.data)
    __aeabi_stderr                           0x20000008   Data           4  stdio_streams.o(.data)
    _stream_list_lock                        0x2000000c   Data           4  streamlock.o(.data)
    SystemCoreClock                          0x20000010   Data           4  system_stm32f4xx.o(.data.SystemCoreClock)
    osRtxInfo                                0x20000014   Data         164  rtx_kernel.o(.data.os)
    uwTickFreq                               0x200000b8   Data           1  stm32f4xx_hal.o(.data.uwTickFreq)
    uwTickPrio                               0x200000bc   Data           4  stm32f4xx_hal.o(.data.uwTickPrio)
    __stdin                                  0x200000c0   Data          84  stdio_streams.o(.bss)
    __stdout                                 0x20000114   Data          84  stdio_streams.o(.bss)
    __stderr                                 0x20000168   Data          84  stdio_streams.o(.bss)
    __libspace_start                         0x200001bc   Data          96  libspace.o(.bss)
    __temporary_stack_top$libspace           0x2000021c   Data           0  libspace.o(.bss)
    TIM_Channel_InitStruct                   0x20000254   Data          28  speaker.o(.bss.TIM_Channel_InitStruct)
    compare                                  0x20000272   Data           1  rfid.o(.bss.compare)
    htim2                                    0x20000274   Data          64  speaker.o(.bss.htim2)
    id                                       0x200002b4   Data           4  rfid.o(.bss.id)
    .bss.os.msgqueue.cb$$Base                0x200084f4   Number         0  rtx_lib.o(.bss.os.msgqueue.cb)
    .bss.os.msgqueue.cb$$Limit               0x20008528   Number         0  rtx_lib.o(.bss.os.msgqueue.cb)
    .bss.os.thread.cb$$Base                  0x20008578   Number         0  rtx_lib.o(.bss.os.thread.cb)
    .bss.os.thread.cb$$Limit                 0x20008600   Number         0  rtx_lib.o(.bss.os.thread.cb)
    tid_speaker                              0x20008a04   Data           4  speaker.o(.bss.tid_speaker)



==============================================================================

Memory Map of the image

  Image Entry point : 0x080001ad

  Load Region LR_IROM1 (Base: 0x08000000, Size: 0x00005358, Max: 0x00200000, ABSOLUTE)

    Execution Region ER_IROM1 (Exec base: 0x08000000, Load base: 0x08000000, Size: 0x00005298, Max: 0x00200000, ABSOLUTE)

    Exec Addr    Load Addr    Size         Type   Attr      Idx    E Section Name        Object

    0x08000000   0x08000000   0x000001ac   Data   RO         1069    RESET               startup_stm32f429xx.o
    0x080001ac   0x080001ac   0x00000008   Code   RO         1644  * !!!main             c_w.l(__main.o)
    0x080001b4   0x080001b4   0x00000034   Code   RO         2000    !!!scatter          c_w.l(__scatter.o)
    0x080001e8   0x080001e8   0x0000001a   Code   RO         2002    !!handler_copy      c_w.l(__scatter_copy.o)
    0x08000202   0x08000202   0x00000002   PAD
    0x08000204   0x08000204   0x0000001c   Code   RO         2004    !!handler_zi        c_w.l(__scatter_zi.o)
    0x08000220   0x08000220   0x00000000   Code   RO         1631    .ARM.Collect$$_printf_percent$$00000000  c_w.l(_printf_percent.o)
    0x08000220   0x08000220   0x00000006   Code   RO         1630    .ARM.Collect$$_printf_percent$$0000000C  c_w.l(_printf_x.o)
    0x08000226   0x08000226   0x00000004   Code   RO         1655    .ARM.Collect$$_printf_percent$$00000017  c_w.l(_printf_percent_end.o)
    0x0800022a   0x0800022a   0x00000002   Code   RO         1803    .ARM.Collect$$libinit$$00000000  c_w.l(libinit.o)
    0x0800022c   0x0800022c   0x00000000   Code   RO         1805    .ARM.Collect$$libinit$$00000002  c_w.l(libinit2.o)
    0x0800022c   0x0800022c   0x00000000   Code   RO         1807    .ARM.Collect$$libinit$$00000004  c_w.l(libinit2.o)
    0x0800022c   0x0800022c   0x00000008   Code   RO         1808    .ARM.Collect$$libinit$$00000005  c_w.l(libinit2.o)
    0x08000234   0x08000234   0x00000000   Code   RO         1810    .ARM.Collect$$libinit$$0000000A  c_w.l(libinit2.o)
    0x08000234   0x08000234   0x00000000   Code   RO         1812    .ARM.Collect$$libinit$$0000000C  c_w.l(libinit2.o)
    0x08000234   0x08000234   0x00000000   Code   RO         1814    .ARM.Collect$$libinit$$0000000E  c_w.l(libinit2.o)
    0x08000234   0x08000234   0x00000000   Code   RO         1817    .ARM.Collect$$libinit$$00000011  c_w.l(libinit2.o)
    0x08000234   0x08000234   0x00000000   Code   RO         1819    .ARM.Collect$$libinit$$00000013  c_w.l(libinit2.o)
    0x08000234   0x08000234   0x00000000   Code   RO         1821    .ARM.Collect$$libinit$$00000015  c_w.l(libinit2.o)
    0x08000234   0x08000234   0x00000000   Code   RO         1823    .ARM.Collect$$libinit$$00000017  c_w.l(libinit2.o)
    0x08000234   0x08000234   0x00000000   Code   RO         1825    .ARM.Collect$$libinit$$00000019  c_w.l(libinit2.o)
    0x08000234   0x08000234   0x00000000   Code   RO         1827    .ARM.Collect$$libinit$$0000001B  c_w.l(libinit2.o)
    0x08000234   0x08000234   0x00000000   Code   RO         1829    .ARM.Collect$$libinit$$0000001D  c_w.l(libinit2.o)
    0x08000234   0x08000234   0x00000000   Code   RO         1831    .ARM.Collect$$libinit$$0000001F  c_w.l(libinit2.o)
    0x08000234   0x08000234   0x00000000   Code   RO         1833    .ARM.Collect$$libinit$$00000021  c_w.l(libinit2.o)
    0x08000234   0x08000234   0x00000000   Code   RO         1835    .ARM.Collect$$libinit$$00000023  c_w.l(libinit2.o)
    0x08000234   0x08000234   0x00000004   Code   RO         1836    .ARM.Collect$$libinit$$00000024  c_w.l(libinit2.o)
    0x08000238   0x08000238   0x00000000   Code   RO         1837    .ARM.Collect$$libinit$$00000025  c_w.l(libinit2.o)
    0x08000238   0x08000238   0x00000000   Code   RO         1841    .ARM.Collect$$libinit$$0000002C  c_w.l(libinit2.o)
    0x08000238   0x08000238   0x00000000   Code   RO         1843    .ARM.Collect$$libinit$$0000002E  c_w.l(libinit2.o)
    0x08000238   0x08000238   0x00000000   Code   RO         1845    .ARM.Collect$$libinit$$00000030  c_w.l(libinit2.o)
    0x08000238   0x08000238   0x00000000   Code   RO         1847    .ARM.Collect$$libinit$$00000032  c_w.l(libinit2.o)
    0x08000238   0x08000238   0x00000002   Code   RO         1848    .ARM.Collect$$libinit$$00000033  c_w.l(libinit2.o)
    0x0800023a   0x0800023a   0x00000002   Code   RO         1981    .ARM.Collect$$libshutdown$$00000000  c_w.l(libshutdown.o)
    0x0800023c   0x0800023c   0x00000000   Code   RO         1850    .ARM.Collect$$libshutdown$$00000002  c_w.l(libshutdown2.o)
    0x0800023c   0x0800023c   0x00000004   Code   RO         1851    .ARM.Collect$$libshutdown$$00000003  c_w.l(libshutdown2.o)
    0x08000240   0x08000240   0x00000000   Code   RO         1852    .ARM.Collect$$libshutdown$$00000004  c_w.l(libshutdown2.o)
    0x08000240   0x08000240   0x00000000   Code   RO         1855    .ARM.Collect$$libshutdown$$00000007  c_w.l(libshutdown2.o)
    0x08000240   0x08000240   0x00000000   Code   RO         1858    .ARM.Collect$$libshutdown$$0000000A  c_w.l(libshutdown2.o)
    0x08000240   0x08000240   0x00000000   Code   RO         1860    .ARM.Collect$$libshutdown$$0000000C  c_w.l(libshutdown2.o)
    0x08000240   0x08000240   0x00000004   Code   RO         1861    .ARM.Collect$$libshutdown$$0000000D  c_w.l(libshutdown2.o)
    0x08000244   0x08000244   0x00000000   Code   RO         1863    .ARM.Collect$$libshutdown$$0000000F  c_w.l(libshutdown2.o)
    0x08000244   0x08000244   0x00000002   Code   RO         1864    .ARM.Collect$$libshutdown$$00000010  c_w.l(libshutdown2.o)
    0x08000246   0x08000246   0x00000000   Code   RO         1646    .ARM.Collect$$rtentry$$00000000  c_w.l(__rtentry.o)
    0x08000246   0x08000246   0x00000000   Code   RO         1671    .ARM.Collect$$rtentry$$00000002  c_w.l(__rtentry2.o)
    0x08000246   0x08000246   0x00000006   Code   RO         1683    .ARM.Collect$$rtentry$$00000004  c_w.l(__rtentry4.o)
    0x0800024c   0x0800024c   0x00000008   Code   RO         1672    .ARM.Collect$$rtentry$$00000008  c_w.l(__rtentry2.o)
    0x08000254   0x08000254   0x00000004   Code   RO         1674    .ARM.Collect$$rtentry$$0000000A  c_w.l(__rtentry2.o)
    0x08000258   0x08000258   0x00000000   Code   RO         1676    .ARM.Collect$$rtentry$$0000000C  c_w.l(__rtentry2.o)
    0x08000258   0x08000258   0x00000008   Code   RO         1677    .ARM.Collect$$rtentry$$0000000D  c_w.l(__rtentry2.o)
    0x08000260   0x08000260   0x00000002   Code   RO         1868    .ARM.Collect$$rtexit$$00000000  c_w.l(rtexit.o)
    0x08000262   0x08000262   0x00000000   Code   RO         1928    .ARM.Collect$$rtexit$$00000002  c_w.l(rtexit2.o)
    0x08000262   0x08000262   0x00000004   Code   RO         1929    .ARM.Collect$$rtexit$$00000003  c_w.l(rtexit2.o)
    0x08000266   0x08000266   0x00000006   Code   RO         1930    .ARM.Collect$$rtexit$$00000004  c_w.l(rtexit2.o)
    0x0800026c   0x0800026c   0x00000040   Code   RO         1070    .text               startup_stm32f429xx.o
    0x080002ac   0x080002ac   0x00000094   Code   RO         1403    .text               RTX_CM3.lib(irq_armv7m.o)
    0x08000340   0x08000340   0x000000f0   Code   RO         1579    .text               c_w.l(lludivv7m.o)
    0x08000430   0x08000430   0x00000018   Code   RO         1583    .text               c_w.l(noretval__2printf.o)
    0x08000448   0x08000448   0x0000004e   Code   RO         1587    .text               c_w.l(_printf_pad.o)
    0x08000496   0x08000496   0x00000002   PAD
    0x08000498   0x08000498   0x00000058   Code   RO         1592    .text               c_w.l(_printf_hex_int.o)
    0x080004f0   0x080004f0   0x00000138   Code   RO         1622    .text               c_w.l(__printf_flags_wp.o)
    0x08000628   0x08000628   0x0000008a   Code   RO         1634    .text               c_w.l(rt_memcpy_v6.o)
    0x080006b2   0x080006b2   0x00000044   Code   RO         1636    .text               c_w.l(rt_memclr.o)
    0x080006f6   0x080006f6   0x0000004e   Code   RO         1638    .text               c_w.l(rt_memclr_w.o)
    0x08000744   0x08000744   0x00000004   PAD
    0x08000748   0x08000748   0x0000007c   Code   RO         1640    .text               c_w.l(strcmpv7em.o)
    0x080007c4   0x080007c4   0x00000006   Code   RO         1642    .text               c_w.l(heapauxi.o)
    0x080007ca   0x080007ca   0x000000b2   Code   RO         1651    .text               c_w.l(_printf_intcommon.o)
    0x0800087c   0x0800087c   0x00000064   Code   RO         1668    .text               c_w.l(rt_memcpy_w.o)
    0x080008e0   0x080008e0   0x00000030   Code   RO         1687    .text               c_w.l(_printf_char_common.o)
    0x08000910   0x08000910   0x000001d6   Code   RO         1691    .text               c_w.l(flsbuf.o)
    0x08000ae6   0x08000ae6   0x00000002   PAD
    0x08000ae8   0x08000ae8   0x000001c8   Code   RO         1697    .text               c_w.l(initio_locked.o)
    0x08000cb0   0x08000cb0   0x0000004a   Code   RO         1701    .text               c_w.l(sys_stackheap_outer.o)
    0x08000cfa   0x08000cfa   0x000000a6   Code   RO         1711    .text               c_w.l(h1_alloc_threads.o)
    0x08000da0   0x08000da0   0x00000076   Code   RO         1713    .text               c_w.l(h1_free_threads.o)
    0x08000e16   0x08000e16   0x00000002   PAD
    0x08000e18   0x08000e18   0x00000040   Code   RO         1767    .text               c_w.l(_printf_char_file_locked.o)
    0x08000e58   0x08000e58   0x000000f0   Code   RO         1771    .text               c_w.l(stdio.o)
    0x08000f48   0x08000f48   0x0000004c   Code   RO         1778    .text               c_w.l(fclose.o)
    0x08000f94   0x08000f94   0x00000040   Code   RO         1780    .text               c_w.l(puts_locked.o)
    0x08000fd4   0x08000fd4   0x00000068   Code   RO         1782    .text               c_w.l(setvbuf_locked.o)
    0x0800103c   0x0800103c   0x0000014c   Code   RO         1784    .text               c_w.l(fopen_locked.o)
    0x08001188   0x08001188   0x00000012   Code   RO         1788    .text               c_w.l(exit.o)
    0x0800119a   0x0800119a   0x0000000e   Code   RO         1794    .text               c_w.l(defsig_rtred_outer.o)
    0x080011a8   0x080011a8   0x00000008   Code   RO         1865    .text               c_w.l(libspace.o)
    0x080011b0   0x080011b0   0x0000000a   Code   RO         1877    .text               c_w.l(rt_heap_descriptor_twolibspace.o)
    0x080011ba   0x080011ba   0x00000004   Code   RO         1879    .text               c_w.l(hguard.o)
    0x080011be   0x080011be   0x0000008a   Code   RO         1881    .text               c_w.l(init_alloc.o)
    0x08001248   0x08001248   0x00000012   Code   RO         1887    .text               c_w.l(h1_init_threads.o)
    0x0800125a   0x0800125a   0x00000002   PAD
    0x0800125c   0x0800125c   0x000000f8   Code   RO         1901    .text               c_w.l(fseek.o)
    0x08001354   0x08001354   0x0000000a   Code   RO         1907    .text               c_w.l(defsig_exit.o)
    0x0800135e   0x0800135e   0x00000002   PAD
    0x08001360   0x08001360   0x00000034   Code   RO         1911    .text               c_w.l(defsig_rtred_inner.o)
    0x08001394   0x08001394   0x0000000c   Code   RO         1921    .text               c_w.l(sys_exit.o)
    0x080013a0   0x080013a0   0x00000000   Code   RO         1937    .text               c_w.l(maybetermalloc2.o)
    0x080013a0   0x080013a0   0x00000052   Code   RO         1940    .text               c_w.l(h1_extend_threads.o)
    0x080013f2   0x080013f2   0x00000042   Code   RO         1942    .text               c_w.l(ftell.o)
    0x08001434   0x08001434   0x00000032   Code   RO         1946    .text               c_w.l(defsig_general.o)
    0x08001466   0x08001466   0x0000000e   Code   RO         1948    .text               c_w.l(defsig_rtmem_outer.o)
    0x08001474   0x08001474   0x0000000e   Code   RO         1959    .text               c_w.l(sys_wrch.o)
    0x08001482   0x08001482   0x00000002   Code   RO         1963    .text               c_w.l(use_no_semi.o)
    0x08001484   0x08001484   0x00000000   Code   RO         1965    .text               c_w.l(indicate_semi.o)
    0x08001484   0x08001484   0x00000004   Code   RO         1971    .text               c_w.l(rt_errno_addr_twolibspace.o)
    0x08001488   0x08001488   0x00000010   Code   RO         1973    .text               c_w.l(term_alloc.o)
    0x08001498   0x08001498   0x00000050   Code   RO         1975    .text               c_w.l(defsig_rtmem_inner.o)
    0x080014e8   0x080014e8   0x0000000a   Code   RO         1984    .text               c_w.l(h1_final_threads.o)
    0x080014f2   0x080014f2   0x00000002   PAD
    0x080014f4   0x080014f4   0x0000003e   Code   RO           41    .text.AuthID        rfid.o
    0x08001532   0x08001532   0x00000002   PAD
    0x08001534   0x08001534   0x00000002   Code   RO           24    .text.BusFault_Handler  stm32f4xx_it.o
    0x08001536   0x08001536   0x00000002   PAD
    0x08001538   0x08001538   0x00000002   Code   RO           28    .text.DebugMon_Handler  stm32f4xx_it.o
    0x0800153a   0x0800153a   0x00000002   PAD
    0x0800153c   0x0800153c   0x00000012   Code   RO          207    .text.Disable_SPI_Clock  spi_stm32f4xx.o
    0x0800154e   0x0800154e   0x00000002   PAD
    0x08001550   0x08001550   0x00000164   Code   RO          197    .text.Enable_GPIO_Clock  spi_stm32f4xx.o
    0x080016b4   0x080016b4   0x00000024   Code   RO          209    .text.Enable_SPI_Clock  spi_stm32f4xx.o
    0x080016d8   0x080016d8   0x00000106   Code   RO          470    .text.HAL_GPIO_DeInit  stm32f4xx_hal_gpio.o
    0x080017de   0x080017de   0x00000002   PAD
    0x080017e0   0x080017e0   0x0000019a   Code   RO          468    .text.HAL_GPIO_Init  stm32f4xx_hal_gpio.o
    0x0800197a   0x0800197a   0x00000002   PAD
    0x0800197c   0x0800197c   0x0000000a   Code   RO          474    .text.HAL_GPIO_WritePin  stm32f4xx_hal_gpio.o
    0x08001986   0x08001986   0x00000002   PAD
    0x08001988   0x08001988   0x0000000e   Code   RO          301    .text.HAL_GetREVID  stm32f4xx_hal.o
    0x08001996   0x08001996   0x00000002   PAD
    0x08001998   0x08001998   0x00000050   Code   RO            2    .text.HAL_GetTick   main.o
    0x080019e8   0x080019e8   0x0000002e   Code   RO          273    .text.HAL_Init      stm32f4xx_hal.o
    0x08001a16   0x08001a16   0x00000002   PAD
    0x08001a18   0x08001a18   0x00000050   Code   RO          275    .text.HAL_InitTick  stm32f4xx_hal.o
    0x08001a68   0x08001a68   0x00000002   Code   RO          277    .text.HAL_MspInit   stm32f4xx_hal.o
    0x08001a6a   0x08001a6a   0x00000002   PAD
    0x08001a6c   0x08001a6c   0x00000008   Code   RO          358    .text.HAL_NVIC_DisableIRQ  stm32f4xx_hal_cortex.o
    0x08001a74   0x08001a74   0x0000001e   Code   RO          346    .text.HAL_NVIC_SetPriority  stm32f4xx_hal_cortex.o
    0x08001a92   0x08001a92   0x00000002   PAD
    0x08001a94   0x08001a94   0x00000008   Code   RO          342    .text.HAL_NVIC_SetPriorityGrouping  stm32f4xx_hal_cortex.o
    0x08001a9c   0x08001a9c   0x00000160   Code   RO          564    .text.HAL_RCC_ClockConfig  stm32f4xx_hal_rcc.o
    0x08001bfc   0x08001bfc   0x0000000c   Code   RO          574    .text.HAL_RCC_GetHCLKFreq  stm32f4xx_hal_rcc.o
    0x08001c08   0x08001c08   0x00000022   Code   RO          576    .text.HAL_RCC_GetPCLK1Freq  stm32f4xx_hal_rcc.o
    0x08001c2a   0x08001c2a   0x00000002   PAD
    0x08001c2c   0x08001c2c   0x0000006a   Code   RO          566    .text.HAL_RCC_GetSysClockFreq  stm32f4xx_hal_rcc.o
    0x08001c96   0x08001c96   0x00000002   PAD
    0x08001c98   0x08001c98   0x00000334   Code   RO          562    .text.HAL_RCC_OscConfig  stm32f4xx_hal_rcc.o
    0x08001fcc   0x08001fcc   0x00000008   Code   RO          366    .text.HAL_SYSTICK_Config  stm32f4xx_hal_cortex.o
    0x08001fd4   0x08001fd4   0x00000056   Code   RO          892    .text.HAL_TIM_OC_ConfigChannel  stm32f4xx_hal_tim.o
    0x0800202a   0x0800202a   0x00000002   PAD
    0x0800202c   0x0800202c   0x00000036   Code   RO          774    .text.HAL_TIM_OC_Init  stm32f4xx_hal_tim.o
    0x08002062   0x08002062   0x00000002   PAD
    0x08002064   0x08002064   0x00000002   Code   RO          776    .text.HAL_TIM_OC_MspInit  stm32f4xx_hal_tim.o
    0x08002066   0x08002066   0x00000002   PAD
    0x08002068   0x08002068   0x0000003c   Code   RO          782    .text.HAL_TIM_OC_Start  stm32f4xx_hal_tim.o
    0x080020a4   0x080020a4   0x0000005e   Code   RO          786    .text.HAL_TIM_OC_Stop  stm32f4xx_hal_tim.o
    0x08002102   0x08002102   0x00000002   PAD
    0x08002104   0x08002104   0x00000002   Code   RO           20    .text.HardFault_Handler  stm32f4xx_it.o
    0x08002106   0x08002106   0x00000002   PAD
    0x08002108   0x08002108   0x0000002e   Code   RO          241    .text.ITM_SendChar  retarget_io.o
    0x08002136   0x08002136   0x00000002   PAD
    0x08002138   0x08002138   0x0000002c   Code   RO           95    .text.Init_Altavoz  speaker.o
    0x08002164   0x08002164   0x0000002c   Code   RO           37    .text.Init_RFID     rfid.o
    0x08002190   0x08002190   0x00000002   Code   RO           22    .text.MemManage_Handler  stm32f4xx_it.o
    0x08002192   0x08002192   0x00000040   Code   RO         1519    .text.MessageQueueGet  RTX_CM3.lib(rtx_msgqueue.o)
    0x080021d2   0x080021d2   0x00000058   Code   RO         1513    .text.MessageQueuePut  RTX_CM3.lib(rtx_msgqueue.o)
    0x0800222a   0x0800222a   0x0000001c   Code   RO         1511    .text.MessageQueueRemove  RTX_CM3.lib(rtx_msgqueue.o)
    0x08002246   0x08002246   0x00000002   PAD
    0x08002248   0x08002248   0x00000002   Code   RO           18    .text.NMI_Handler   stm32f4xx_it.o
    0x0800224a   0x0800224a   0x00000002   PAD
    0x0800224c   0x0800224c   0x0000002c   Code   RO          352    .text.NVIC_EncodePriority  stm32f4xx_hal_cortex.o
    0x08002278   0x08002278   0x00000008   Code   RO         1557    .text.OS_Tick_AcknowledgeIRQ  RTX_CM3.lib(os_systick.o)
    0x08002280   0x08002280   0x00000024   Code   RO         1553    .text.OS_Tick_Enable  RTX_CM3.lib(os_systick.o)
    0x080022a4   0x080022a4   0x00000006   Code   RO         1559    .text.OS_Tick_GetIRQn  RTX_CM3.lib(os_systick.o)
    0x080022aa   0x080022aa   0x00000002   PAD
    0x080022ac   0x080022ac   0x00000040   Code   RO         1551    .text.OS_Tick_Setup  RTX_CM3.lib(os_systick.o)
    0x080022ec   0x080022ec   0x0000000c   Code   RO         1150    .text.OUTLINED_FUNCTION_0  RTX_CM3.lib(rtx_kernel.o)
    0x080022f8   0x080022f8   0x00000006   Code   RO         1292    .text.OUTLINED_FUNCTION_0  RTX_CM3.lib(rtx_thread.o)
    0x080022fe   0x080022fe   0x0000000c   Code   RO         1527    .text.OUTLINED_FUNCTION_0  RTX_CM3.lib(rtx_msgqueue.o)
    0x0800230a   0x0800230a   0x00000006   Code   RO         1152    .text.OUTLINED_FUNCTION_1  RTX_CM3.lib(rtx_kernel.o)
    0x08002310   0x08002310   0x0000006c   Code   RO           61    .text.SPI2_Callback  rfid.o
    0x0800237c   0x0800237c   0x00000008   Code   RO          187    .text.SPI2_Control  spi_stm32f4xx.o
    0x08002384   0x08002384   0x00000008   Code   RO          185    .text.SPI2_GetDataCount  spi_stm32f4xx.o
    0x0800238c   0x0800238c   0x00000008   Code   RO          189    .text.SPI2_GetStatus  spi_stm32f4xx.o
    0x08002394   0x08002394   0x00000008   Code   RO          165    .text.SPI2_IRQHandler  spi_stm32f4xx.o
    0x0800239c   0x0800239c   0x0000000a   Code   RO          173    .text.SPI2_Initialize  spi_stm32f4xx.o
    0x080023a6   0x080023a6   0x00000002   PAD
    0x080023a8   0x080023a8   0x00000008   Code   RO          177    .text.SPI2_PowerControl  spi_stm32f4xx.o
    0x080023b0   0x080023b0   0x00000008   Code   RO          181    .text.SPI2_Receive  spi_stm32f4xx.o
    0x080023b8   0x080023b8   0x00000008   Code   RO          179    .text.SPI2_Send     spi_stm32f4xx.o
    0x080023c0   0x080023c0   0x00000008   Code   RO          183    .text.SPI2_Transfer  spi_stm32f4xx.o
    0x080023c8   0x080023c8   0x0000000a   Code   RO          175    .text.SPI2_Uninitialize  spi_stm32f4xx.o
    0x080023d2   0x080023d2   0x00000002   PAD
    0x080023d4   0x080023d4   0x00000004   Code   RO          171    .text.SPIX_GetCapabilities  spi_stm32f4xx.o
    0x080023d8   0x080023d8   0x0000000a   Code   RO          169    .text.SPIX_GetVersion  spi_stm32f4xx.o
    0x080023e2   0x080023e2   0x00000002   PAD
    0x080023e4   0x080023e4   0x000002d8   Code   RO          203    .text.SPI_Control   spi_stm32f4xx.o
    0x080026bc   0x080026bc   0x0000000c   Code   RO          221    .text.SPI_GetDataCount  spi_stm32f4xx.o
    0x080026c8   0x080026c8   0x00000028   Code   RO          223    .text.SPI_GetStatus  spi_stm32f4xx.o
    0x080026f0   0x080026f0   0x000000f0   Code   RO          167    .text.SPI_IRQHandler  spi_stm32f4xx.o
    0x080027e0   0x080027e0   0x000000c6   Code   RO          195    .text.SPI_Initialize  spi_stm32f4xx.o
    0x080028a6   0x080028a6   0x00000002   PAD
    0x080028a8   0x080028a8   0x00000022   Code   RO          205    .text.SPI_PeripheralReset  spi_stm32f4xx.o
    0x080028ca   0x080028ca   0x00000002   PAD
    0x080028cc   0x080028cc   0x000000c2   Code   RO          201    .text.SPI_PowerControl  spi_stm32f4xx.o
    0x0800298e   0x0800298e   0x00000002   PAD
    0x08002990   0x08002990   0x00000084   Code   RO          217    .text.SPI_Receive   spi_stm32f4xx.o
    0x08002a14   0x08002a14   0x0000005a   Code   RO          191    .text.SPI_RxData    spi_stm32f4xx.o
    0x08002a6e   0x08002a6e   0x00000002   PAD
    0x08002a70   0x08002a70   0x00000084   Code   RO          215    .text.SPI_Send      spi_stm32f4xx.o
    0x08002af4   0x08002af4   0x00000072   Code   RO          219    .text.SPI_Transfer  spi_stm32f4xx.o
    0x08002b66   0x08002b66   0x00000002   PAD
    0x08002b68   0x08002b68   0x0000005c   Code   RO          193    .text.SPI_TxData    spi_stm32f4xx.o
    0x08002bc4   0x08002bc4   0x00000042   Code   RO          199    .text.SPI_Uninitialize  spi_stm32f4xx.o
    0x08002c06   0x08002c06   0x00000002   PAD
    0x08002c08   0x08002c08   0x0000002e   Code   RO          368    .text.SysTick_Config  stm32f4xx_hal_cortex.o
    0x08002c36   0x08002c36   0x00000002   PAD
    0x08002c38   0x08002c38   0x000000a0   Code   RO            6    .text.SystemClock_Config  main.o
    0x08002cd8   0x08002cd8   0x0000007e   Code   RO         1079    .text.SystemCoreClockUpdate  system_stm32f4xx.o
    0x08002d56   0x08002d56   0x00000002   PAD
    0x08002d58   0x08002d58   0x00000010   Code   RO         1077    .text.SystemInit    system_stm32f4xx.o
    0x08002d68   0x08002d68   0x00000124   Code   RO          750    .text.TIM_Base_SetConfig  stm32f4xx_hal_tim.o
    0x08002e8c   0x08002e8c   0x00000024   Code   RO          784    .text.TIM_CCxChannelCmd  stm32f4xx_hal_tim.o
    0x08002eb0   0x08002eb0   0x00000064   Code   RO          894    .text.TIM_OC1_SetConfig  stm32f4xx_hal_tim.o
    0x08002f14   0x08002f14   0x0000006a   Code   RO          896    .text.TIM_OC2_SetConfig  stm32f4xx_hal_tim.o
    0x08002f7e   0x08002f7e   0x00000002   PAD
    0x08002f80   0x08002f80   0x00000068   Code   RO          898    .text.TIM_OC3_SetConfig  stm32f4xx_hal_tim.o
    0x08002fe8   0x08002fe8   0x0000004e   Code   RO          900    .text.TIM_OC4_SetConfig  stm32f4xx_hal_tim.o
    0x08003036   0x08003036   0x00000002   PAD
    0x08003038   0x08003038   0x00000018   Code   RO           59    .text.TM_MFRC522_AntennaOn  rfid.o
    0x08003050   0x08003050   0x0000004e   Code   RO           71    .text.TM_MFRC522_AntiColl  rfid.o
    0x0800309e   0x0800309e   0x00000002   PAD
    0x080030a0   0x080030a0   0x0000005c   Code   RO           79    .text.TM_MFRC522_CalculateCRC  rfid.o
    0x080030fc   0x080030fc   0x0000001c   Code   RO           51    .text.TM_MFRC522_Check  rfid.o
    0x08003118   0x08003118   0x00000016   Code   RO           77    .text.TM_MFRC522_ClearBitMask  rfid.o
    0x0800312e   0x0800312e   0x00000002   PAD
    0x08003130   0x08003130   0x0000002e   Code   RO           73    .text.TM_MFRC522_Hiber  rfid.o
    0x0800315e   0x0800315e   0x00000002   PAD
    0x08003160   0x08003160   0x00000048   Code   RO           45    .text.TM_MFRC522_Init  rfid.o
    0x080031a8   0x080031a8   0x00000066   Code   RO           63    .text.TM_MFRC522_ReadRegister  rfid.o
    0x0800320e   0x0800320e   0x00000002   PAD
    0x08003210   0x08003210   0x00000042   Code   RO           69    .text.TM_MFRC522_Request  rfid.o
    0x08003252   0x08003252   0x00000002   PAD
    0x08003254   0x08003254   0x0000000c   Code   RO           55    .text.TM_MFRC522_Reset  rfid.o
    0x08003260   0x08003260   0x00000076   Code   RO           53    .text.TM_MFRC522_SPI_Init  rfid.o
    0x080032d6   0x080032d6   0x00000002   PAD
    0x080032d8   0x080032d8   0x00000016   Code   RO           65    .text.TM_MFRC522_SetBitMask  rfid.o
    0x080032ee   0x080032ee   0x00000002   PAD
    0x080032f0   0x080032f0   0x000000d0   Code   RO           75    .text.TM_MFRC522_ToCard  rfid.o
    0x080033c0   0x080033c0   0x0000004e   Code   RO           57    .text.TM_MFRC522_WriteRegister  rfid.o
    0x0800340e   0x0800340e   0x00000002   PAD
    0x08003410   0x08003410   0x00000128   Code   RO           39    .text.Th_RFID       rfid.o
    0x08003538   0x08003538   0x00000064   Code   RO         1244    .text.ThreadFlagsCheck  RTX_CM3.lib(rtx_thread.o)
    0x0800359c   0x0800359c   0x00000044   Code   RO         1344    .text.TimerInsert   RTX_CM3.lib(rtx_timer.o)
    0x080035e0   0x080035e0   0x00000028   Code   RO         1352    .text.TimerRemove   RTX_CM3.lib(rtx_timer.o)
    0x08003608   0x08003608   0x00000002   Code   RO           26    .text.UsageFault_Handler  stm32f4xx_it.o
    0x0800360a   0x0800360a   0x00000002   PAD
    0x0800360c   0x0800360c   0x0000000e   Code   RO          211    .text.__NVIC_ClearPendingIRQ  spi_stm32f4xx.o
    0x0800361a   0x0800361a   0x00000002   PAD
    0x0800361c   0x0800361c   0x00000028   Code   RO          360    .text.__NVIC_DisableIRQ  stm32f4xx_hal_cortex.o
    0x08003644   0x08003644   0x0000000e   Code   RO          213    .text.__NVIC_EnableIRQ  spi_stm32f4xx.o
    0x08003652   0x08003652   0x00000002   PAD
    0x08003654   0x08003654   0x00000010   Code   RO          348    .text.__NVIC_GetPriorityGrouping  stm32f4xx_hal_cortex.o
    0x08003664   0x08003664   0x00000022   Code   RO          350    .text.__NVIC_SetPriority  stm32f4xx_hal_cortex.o
    0x08003686   0x08003686   0x00000002   PAD
    0x08003688   0x08003688   0x00000020   Code   RO          344    .text.__NVIC_SetPriorityGrouping  stm32f4xx_hal_cortex.o
    0x080036a8   0x080036a8   0x00000056   Code   RO          120    .text.__user_perthread_libspace  rtx_lib.o
    0x080036fe   0x080036fe   0x00000002   PAD
    0x08003700   0x08003700   0x0000001a   Code   RO          126    .text._mutex_acquire  rtx_lib.o
    0x0800371a   0x0800371a   0x00000002   PAD
    0x0800371c   0x0800371c   0x0000000a   Code   RO          130    .text._mutex_free   rtx_lib.o
    0x08003726   0x08003726   0x00000002   PAD
    0x08003728   0x08003728   0x00000020   Code   RO          124    .text._mutex_initialize  rtx_lib.o
    0x08003748   0x08003748   0x00000016   Code   RO          128    .text._mutex_release  rtx_lib.o
    0x0800375e   0x0800375e   0x00000002   PAD
    0x08003760   0x08003760   0x00000008   Code   RO          118    .text._platform_post_stackheap_init  rtx_lib.o
    0x08003768   0x08003768   0x00000012   Code   RO          247    .text._sys_close    retarget_io.o
    0x0800377a   0x0800377a   0x00000002   PAD
    0x0800377c   0x0800377c   0x00000004   Code   RO          259    .text._sys_flen     retarget_io.o
    0x08003780   0x08003780   0x00000010   Code   RO          255    .text._sys_istty    retarget_io.o
    0x08003790   0x08003790   0x00000064   Code   RO          245    .text._sys_open     retarget_io.o
    0x080037f4   0x080037f4   0x00000006   Code   RO          257    .text._sys_seek     retarget_io.o
    0x080037fa   0x080037fa   0x00000002   PAD
    0x080037fc   0x080037fc   0x0000002e   Code   RO          249    .text._sys_write    retarget_io.o
    0x0800382a   0x0800382a   0x00000002   PAD
    0x0800382c   0x0800382c   0x0000002c   Code   RO          101    .text.correctID     speaker.o
    0x08003858   0x08003858   0x0000006a   Code   RO           43    .text.initMBED_leds  rfid.o
    0x080038c2   0x080038c2   0x00000002   PAD
    0x080038c4   0x080038c4   0x00000020   Code   RO           47    .text.initTim_Meas  rfid.o
    0x080038e4   0x080038e4   0x00000086   Code   RO           99    .text.initTimer2_OC  speaker.o
    0x0800396a   0x0800396a   0x00000002   PAD
    0x0800396c   0x0800396c   0x0000001e   Code   RO            4    .text.main          main.o
    0x0800398a   0x0800398a   0x00000002   PAD
    0x0800398c   0x0800398c   0x00000024   Code   RO         1310    .text.osDelay       RTX_CM3.lib(rtx_delay.o)
    0x080039b0   0x080039b0   0x00000030   Code   RO         1102    .text.osKernelGetState  RTX_CM3.lib(rtx_kernel.o)
    0x080039e0   0x080039e0   0x00000028   Code   RO         1118    .text.osKernelGetTickCount  RTX_CM3.lib(rtx_kernel.o)
    0x08003a08   0x08003a08   0x0000002c   Code   RO         1096    .text.osKernelInitialize  RTX_CM3.lib(rtx_kernel.o)
    0x08003a34   0x08003a34   0x00000024   Code   RO         1106    .text.osKernelStart  RTX_CM3.lib(rtx_kernel.o)
    0x08003a58   0x08003a58   0x00000070   Code   RO         1487    .text.osMessageQueueGet  RTX_CM3.lib(rtx_msgqueue.o)
    0x08003ac8   0x08003ac8   0x00000080   Code   RO         1485    .text.osMessageQueuePut  RTX_CM3.lib(rtx_msgqueue.o)
    0x08003b48   0x08003b48   0x00000024   Code   RO         1376    .text.osMutexAcquire  RTX_CM3.lib(rtx_mutex.o)
    0x08003b6c   0x08003b6c   0x00000024   Code   RO         1382    .text.osMutexDelete  RTX_CM3.lib(rtx_mutex.o)
    0x08003b90   0x08003b90   0x00000024   Code   RO         1372    .text.osMutexNew    RTX_CM3.lib(rtx_mutex.o)
    0x08003bb4   0x08003bb4   0x00000024   Code   RO         1378    .text.osMutexRelease  RTX_CM3.lib(rtx_mutex.o)
    0x08003bd8   0x08003bd8   0x00000002   Code   RO          156    .text.osRtxErrorNotify  rtx_config.o
    0x08003bda   0x08003bda   0x00000002   PAD
    0x08003bdc   0x08003bdc   0x00000002   Code   RO          154    .text.osRtxIdleThread  rtx_config.o
    0x08003bde   0x08003bde   0x00000004   Code   RO         1094    .text.osRtxKernelErrorNotify  RTX_CM3.lib(rtx_kernel.o)
    0x08003be2   0x08003be2   0x00000002   Code   RO         1092    .text.osRtxKernelPreInit  RTX_CM3.lib(rtx_kernel.o)
    0x08003be4   0x08003be4   0x0000006c   Code   RO         1413    .text.osRtxMemoryAlloc  RTX_CM3.lib(rtx_memory.o)
    0x08003c50   0x08003c50   0x00000042   Code   RO         1415    .text.osRtxMemoryFree  RTX_CM3.lib(rtx_memory.o)
    0x08003c92   0x08003c92   0x00000036   Code   RO         1411    .text.osRtxMemoryInit  RTX_CM3.lib(rtx_memory.o)
    0x08003cc8   0x08003cc8   0x0000003a   Code   RO         1427    .text.osRtxMemoryPoolAlloc  RTX_CM3.lib(rtx_mempool.o)
    0x08003d02   0x08003d02   0x0000004a   Code   RO         1429    .text.osRtxMemoryPoolFree  RTX_CM3.lib(rtx_mempool.o)
    0x08003d4c   0x08003d4c   0x00000038   Code   RO         1425    .text.osRtxMemoryPoolInit  RTX_CM3.lib(rtx_mempool.o)
    0x08003d84   0x08003d84   0x000000aa   Code   RO         1509    .text.osRtxMessageQueuePostProcess  RTX_CM3.lib(rtx_msgqueue.o)
    0x08003e2e   0x08003e2e   0x00000002   PAD
    0x08003e30   0x08003e30   0x00000024   Code   RO         1477    .text.osRtxMessageQueueTimerSetup  RTX_CM3.lib(rtx_msgqueue.o)
    0x08003e54   0x08003e54   0x00000048   Code   RO         1368    .text.osRtxMutexOwnerRelease  RTX_CM3.lib(rtx_mutex.o)
    0x08003e9c   0x08003e9c   0x00000042   Code   RO         1370    .text.osRtxMutexOwnerRestore  RTX_CM3.lib(rtx_mutex.o)
    0x08003ede   0x08003ede   0x00000002   PAD
    0x08003ee0   0x08003ee0   0x00000088   Code   RO         1539    .text.osRtxPendSV_Handler  RTX_CM3.lib(rtx_system.o)
    0x08003f68   0x08003f68   0x00000070   Code   RO         1541    .text.osRtxPostProcess  RTX_CM3.lib(rtx_system.o)
    0x08003fd8   0x08003fd8   0x00000034   Code   RO         1184    .text.osRtxThreadBlock  RTX_CM3.lib(rtx_thread.o)
    0x0800400c   0x0800400c   0x0000007c   Code   RO         1192    .text.osRtxThreadDelayInsert  RTX_CM3.lib(rtx_thread.o)
    0x08004088   0x08004088   0x0000003c   Code   RO         1188    .text.osRtxThreadDelayRemove  RTX_CM3.lib(rtx_thread.o)
    0x080040c4   0x080040c4   0x00000048   Code   RO         1174    .text.osRtxThreadDelayTick  RTX_CM3.lib(rtx_thread.o)
    0x0800410c   0x0800410c   0x00000020   Code   RO         1276    .text.osRtxThreadDestroy  RTX_CM3.lib(rtx_thread.o)
    0x0800412c   0x0800412c   0x00000050   Code   RO         1182    .text.osRtxThreadDispatch  RTX_CM3.lib(rtx_thread.o)
    0x0800417c   0x0800417c   0x00000058   Code   RO         1268    .text.osRtxThreadFree  RTX_CM3.lib(rtx_thread.o)
    0x080041d4   0x080041d4   0x0000001e   Code   RO         1274    .text.osRtxThreadJoinWakeup  RTX_CM3.lib(rtx_thread.o)
    0x080041f2   0x080041f2   0x00000012   Code   RO         1166    .text.osRtxThreadListGet  RTX_CM3.lib(rtx_thread.o)
    0x08004204   0x08004204   0x0000002c   Code   RO         1164    .text.osRtxThreadListPut  RTX_CM3.lib(rtx_thread.o)
    0x08004230   0x08004230   0x00000014   Code   RO         1170    .text.osRtxThreadListRemove  RTX_CM3.lib(rtx_thread.o)
    0x08004244   0x08004244   0x0000000c   Code   RO         1176    .text.osRtxThreadListRoot  RTX_CM3.lib(rtx_thread.o)
    0x08004250   0x08004250   0x00000026   Code   RO         1168    .text.osRtxThreadListSort  RTX_CM3.lib(rtx_thread.o)
    0x08004276   0x08004276   0x00000028   Code   RO         1242    .text.osRtxThreadPostProcess  RTX_CM3.lib(rtx_thread.o)
    0x0800429e   0x0800429e   0x00000002   PAD
    0x080042a0   0x080042a0   0x00000014   Code   RO         1172    .text.osRtxThreadReadyPut  RTX_CM3.lib(rtx_thread.o)
    0x080042b4   0x080042b4   0x00000006   Code   RO         1178    .text.osRtxThreadRegPtr  RTX_CM3.lib(rtx_thread.o)
    0x080042ba   0x080042ba   0x00000002   PAD
    0x080042bc   0x080042bc   0x00000038   Code   RO         1194    .text.osRtxThreadStartup  RTX_CM3.lib(rtx_thread.o)
    0x080042f4   0x080042f4   0x0000000c   Code   RO         1180    .text.osRtxThreadSwitch  RTX_CM3.lib(rtx_thread.o)
    0x08004300   0x08004300   0x0000003c   Code   RO         1190    .text.osRtxThreadWaitEnter  RTX_CM3.lib(rtx_thread.o)
    0x0800433c   0x0800433c   0x00000022   Code   RO         1186    .text.osRtxThreadWaitExit  RTX_CM3.lib(rtx_thread.o)
    0x0800435e   0x0800435e   0x00000002   PAD
    0x08004360   0x08004360   0x00000074   Code   RO         1537    .text.osRtxTick_Handler  RTX_CM3.lib(rtx_system.o)
    0x080043d4   0x080043d4   0x00000020   Code   RO         1326    .text.osRtxTimerSetup  RTX_CM3.lib(rtx_timer.o)
    0x080043f4   0x080043f4   0x00000020   Code   RO         1330    .text.osRtxTimerThread  RTX_CM3.lib(rtx_timer.o)
    0x08004414   0x08004414   0x00000070   Code   RO         1328    .text.osRtxTimerTick  RTX_CM3.lib(rtx_timer.o)
    0x08004484   0x08004484   0x0000000c   Code   RO         1226    .text.osThreadExit  RTX_CM3.lib(rtx_thread.o)
    0x08004490   0x08004490   0x00000058   Code   RO         1234    .text.osThreadFlagsSet  RTX_CM3.lib(rtx_thread.o)
    0x080044e8   0x080044e8   0x00000024   Code   RO         1240    .text.osThreadFlagsWait  RTX_CM3.lib(rtx_thread.o)
    0x0800450c   0x0800450c   0x00000028   Code   RO         1202    .text.osThreadGetId  RTX_CM3.lib(rtx_thread.o)
    0x08004534   0x08004534   0x00000024   Code   RO         1198    .text.osThreadNew   RTX_CM3.lib(rtx_thread.o)
    0x08004558   0x08004558   0x00000024   Code   RO         1332    .text.osTimerNew    RTX_CM3.lib(rtx_timer.o)
    0x0800457c   0x0800457c   0x00000024   Code   RO         1336    .text.osTimerStart  RTX_CM3.lib(rtx_timer.o)
    0x080045a0   0x080045a0   0x0000001e   Code   RO          122    .text.os_kernel_is_active  rtx_lib.o
    0x080045be   0x080045be   0x00000002   PAD
    0x080045c0   0x080045c0   0x00000026   Code   RO           97    .text.speaker       speaker.o
    0x080045e6   0x080045e6   0x00000002   PAD
    0x080045e8   0x080045e8   0x00000008   Code   RO          251    .text.stdout_putchar  retarget_io.o
    0x080045f0   0x080045f0   0x00000016   Code   RO         1314    .text.svcRtxDelay   RTX_CM3.lib(rtx_delay.o)
    0x08004606   0x08004606   0x00000002   PAD
    0x08004608   0x08004608   0x00000008   Code   RO         1104    .text.svcRtxKernelGetState  RTX_CM3.lib(rtx_kernel.o)
    0x08004610   0x08004610   0x0000000c   Code   RO         1120    .text.svcRtxKernelGetTickCount  RTX_CM3.lib(rtx_kernel.o)
    0x0800461c   0x0800461c   0x000000fc   Code   RO         1134    .text.svcRtxKernelInitialize  RTX_CM3.lib(rtx_kernel.o)
    0x08004718   0x08004718   0x00000088   Code   RO         1136    .text.svcRtxKernelStart  RTX_CM3.lib(rtx_kernel.o)
    0x080047a0   0x080047a0   0x000000d8   Code   RO         1521    .text.svcRtxMessageQueueGet  RTX_CM3.lib(rtx_msgqueue.o)
    0x08004878   0x08004878   0x00000118   Code   RO         1479    .text.svcRtxMessageQueueNew  RTX_CM3.lib(rtx_msgqueue.o)
    0x08004990   0x08004990   0x000000b0   Code   RO         1517    .text.svcRtxMessageQueuePut  RTX_CM3.lib(rtx_msgqueue.o)
    0x08004a40   0x08004a40   0x00000090   Code   RO         1388    .text.svcRtxMutexAcquire  RTX_CM3.lib(rtx_mutex.o)
    0x08004ad0   0x08004ad0   0x000000ac   Code   RO         1394    .text.svcRtxMutexDelete  RTX_CM3.lib(rtx_mutex.o)
    0x08004b7c   0x08004b7c   0x00000068   Code   RO         1384    .text.svcRtxMutexNew  RTX_CM3.lib(rtx_mutex.o)
    0x08004be4   0x08004be4   0x000000b4   Code   RO         1390    .text.svcRtxMutexRelease  RTX_CM3.lib(rtx_mutex.o)
    0x08004c98   0x08004c98   0x0000004c   Code   RO         1272    .text.svcRtxThreadExit  RTX_CM3.lib(rtx_thread.o)
    0x08004ce4   0x08004ce4   0x00000066   Code   RO         1284    .text.svcRtxThreadFlagsSet  RTX_CM3.lib(rtx_thread.o)
    0x08004d4a   0x08004d4a   0x00000002   PAD
    0x08004d4c   0x08004d4c   0x00000048   Code   RO         1290    .text.svcRtxThreadFlagsWait  RTX_CM3.lib(rtx_thread.o)
    0x08004d94   0x08004d94   0x0000000c   Code   RO         1204    .text.svcRtxThreadGetId  RTX_CM3.lib(rtx_thread.o)
    0x08004da0   0x08004da0   0x000001ec   Code   RO         1196    .text.svcRtxThreadNew  RTX_CM3.lib(rtx_thread.o)
    0x08004f8c   0x08004f8c   0x00000074   Code   RO         1346    .text.svcRtxTimerNew  RTX_CM3.lib(rtx_timer.o)
    0x08005000   0x08005000   0x00000048   Code   RO         1350    .text.svcRtxTimerStart  RTX_CM3.lib(rtx_timer.o)
    0x08005048   0x08005048   0x00000016   Code   RO           49    .text.take_meas     rfid.o
    0x0800505e   0x0800505e   0x00000002   PAD
    0x08005060   0x08005060   0x00000014   Code   RO           67    .text.timMeas_Callback  rfid.o
    0x08005074   0x08005074   0x00000024   Code   RO          103    .text.wrongID       speaker.o
    0x08005098   0x08005098   0x0000000e   Code   RO         1620    i._is_digit         c_w.l(__printf_wp.o)
    0x080050a6   0x080050a6   0x0000001a   Code   RO         1657    i.fputc             c_w.l(fputc.o)
    0x080050c0   0x080050c0   0x00000028   Data   RO         1593    .constdata          c_w.l(_printf_hex_int.o)
    0x080050e8   0x080050e8   0x00000011   Data   RO         1623    .constdata          c_w.l(__printf_flags_wp.o)
    0x080050f9   0x080050f9   0x00000003   PAD
    0x080050fc   0x080050fc   0x000000a8   Data   RO          136    .rodata             rtx_lib.o
    0x080051a4   0x080051a4   0x00000010   Data   RO         1082    .rodata.AHBPrescTable  system_stm32f4xx.o
    0x080051b4   0x080051b4   0x00000008   Data   RO         1083    .rodata.APBPrescTable  system_stm32f4xx.o
    0x080051bc   0x080051bc   0x0000002c   Data   RO          225    .rodata.Driver_SPI2  spi_stm32f4xx.o
    0x080051e8   0x080051e8   0x00000008   Data   RO          264    .rodata.__stderr_name  retarget_io.o
    0x080051f0   0x080051f0   0x00000007   Data   RO          262    .rodata.__stdin_name  retarget_io.o
    0x080051f7   0x080051f7   0x00000008   Data   RO          263    .rodata.__stdout_name  retarget_io.o
    0x080051ff   0x080051ff   0x00000001   PAD
    0x08005200   0x08005200   0x00000004   Data   RO          138    .rodata.osRtxUserSVC  rtx_lib.o
    0x08005204   0x08005204   0x00000024   Data   RO          133    .rodata.os_idle_thread_attr  rtx_lib.o
    0x08005228   0x08005228   0x00000018   Data   RO          135    .rodata.os_timer_mq_attr  rtx_lib.o
    0x08005240   0x08005240   0x00000024   Data   RO          134    .rodata.os_timer_thread_attr  rtx_lib.o
    0x08005264   0x08005264   0x0000000b   Data   RO         1154    .rodata.str1.4      RTX_CM3.lib(rtx_kernel.o)
    0x0800526f   0x0800526f   0x00000008   Data   RO           82    .rodata.valid_cards  rfid.o
    0x08005277   0x08005277   0x00000001   PAD
    0x08005278   0x08005278   0x00000020   Data   RO         1999    Region$$Table       anon$$obj.o


    Execution Region RW_IRAM1 (Exec base: 0x20000000, Load base: 0x08005298, Size: 0x00009008, Max: 0x00030000, ABSOLUTE)

    Exec Addr    Load Addr    Size         Type   Attr      Idx    E Section Name        Object

    0x20000000   0x08005298   0x00000004   Data   RW         1663    .data               c_w.l(stdio_streams.o)
    0x20000004   0x0800529c   0x00000004   Data   RW         1664    .data               c_w.l(stdio_streams.o)
    0x20000008   0x080052a0   0x00000004   Data   RW         1665    .data               c_w.l(stdio_streams.o)
    0x2000000c   0x080052a4   0x00000004   Data   RW         1775    .data               c_w.l(streamlock.o)
    0x20000010   0x080052a8   0x00000004   Data   RW         1081    .data.SystemCoreClock  system_stm32f4xx.o
    0x20000014   0x080052ac   0x000000a4   Data   RW         1155    .data.os            RTX_CM3.lib(rtx_kernel.o)
    0x200000b8   0x08005350   0x00000001   Data   RW          332    .data.uwTickFreq    stm32f4xx_hal.o
    0x200000b9   0x08005351   0x00000003   PAD
    0x200000bc   0x08005354   0x00000004   Data   RW          331    .data.uwTickPrio    stm32f4xx_hal.o
    0x200000c0        -       0x00000054   Zero   RW         1660    .bss                c_w.l(stdio_streams.o)
    0x20000114        -       0x00000054   Zero   RW         1661    .bss                c_w.l(stdio_streams.o)
    0x20000168        -       0x00000054   Zero   RW         1662    .bss                c_w.l(stdio_streams.o)
    0x200001bc        -       0x00000060   Zero   RW         1866    .bss                c_w.l(libspace.o)
    0x2000021c        -       0x00000004   Zero   RW            8    .bss.HAL_GetTick.ticks  main.o
    0x20000220        -       0x00000004   Zero   RW          227    .bss.SPI2_Info.0    spi_stm32f4xx.o
    0x20000224        -       0x00000001   Zero   RW          230    .bss.SPI2_Info.1.0  spi_stm32f4xx.o
    0x20000225   0x08005358   0x00000003   PAD
    0x20000228        -       0x00000001   Zero   RW          231    .bss.SPI2_Info.1.1  spi_stm32f4xx.o
    0x20000229   0x08005358   0x00000001   PAD
    0x2000022a        -       0x00000001   Zero   RW          232    .bss.SPI2_Info.1.2  spi_stm32f4xx.o
    0x2000022b   0x08005358   0x00000001   PAD
    0x2000022c        -       0x00000004   Zero   RW          228    .bss.SPI2_Info.2    spi_stm32f4xx.o
    0x20000230        -       0x00000004   Zero   RW          229    .bss.SPI2_Info.3    spi_stm32f4xx.o
    0x20000234        -       0x0000001c   Zero   RW          226    .bss.SPI2_TransferInfo  spi_stm32f4xx.o
    0x20000250        -       0x00000004   Zero   RW           84    .bss.TID_RFID       rfid.o
    0x20000254        -       0x0000001c   Zero   RW          109    .bss.TIM_Channel_InitStruct  speaker.o
    0x20000270        -       0x00000002   Zero   RW           85    .bss.TM_MFRC522_WriteRegister.tx_data  rfid.o
    0x20000272        -       0x00000001   Zero   RW           83    .bss.compare        rfid.o
    0x20000273   0x08005358   0x00000001   PAD
    0x20000274        -       0x00000040   Zero   RW          108    .bss.htim2          speaker.o
    0x200002b4        -       0x00000004   Zero   RW           81    .bss.id             rfid.o
    0x200002b8        -       0x00000004   Zero   RW           86    .bss.id_timMeas     rfid.o
    0x200002bc   0x08005358   0x00000004   PAD
    0x200002c0        -       0x00008040   Zero   RW          132    .bss.os             rtx_lib.o
    0x20008300        -       0x00000001   Zero   RW         1569    .bss.os             RTX_CM3.lib(os_systick.o)
    0x20008301   0x08005358   0x00000003   PAD
    0x20008304        -       0x000001f0   Zero   RW          139    .bss.os.libspace    rtx_lib.o
    0x200084f4        -       0x00000034   Zero   RW          143    .bss.os.msgqueue.cb  rtx_lib.o
    0x20008528        -       0x00000050   Zero   RW          144    .bss.os.msgqueue.mem  rtx_lib.o
    0x20008578        -       0x00000088   Zero   RW          140    .bss.os.thread.cb   rtx_lib.o
    0x20008600        -       0x00000200   Zero   RW          141    .bss.os.thread.idle.stack  rtx_lib.o
    0x20008800        -       0x00000200   Zero   RW          142    .bss.os.thread.timer.stack  rtx_lib.o
    0x20008a00        -       0x00000001   Zero   RW          145    .bss.os_kernel_is_active.os_kernel_active  rtx_lib.o
    0x20008a01   0x08005358   0x00000003   PAD
    0x20008a04        -       0x00000004   Zero   RW          107    .bss.tid_speaker    speaker.o
    0x20008a08        -       0x00000200   Zero   RW         1068    HEAP                startup_stm32f429xx.o
    0x20008c08        -       0x00000400   Zero   RW         1067    STACK               startup_stm32f429xx.o


==============================================================================

Image component sizes


      Code (inc. data)   RO Data    RW Data    ZI Data      Debug   Object Name

       270          0          0          0          4       3388   main.o
       244         24         23          0          0       3175   retarget_io.o
      1658        148          8          0         15       9640   rfid.o
         4          0          0          0          0        704   rtx_config.o
       214          0        268          0      34621       7348   rtx_lib.o
       296          0          0          0         96       5711   speaker.o
      2608         38         44          0         43      17007   spi_stm32f4xx.o
        64         26        428          0       1536        860   startup_stm32f429xx.o
       142          0          0          5          0       8026   stm32f4xx_hal.o
       266          0          0          0          0      11166   stm32f4xx_hal_cortex.o
       682          0          0          0          0       5444   stm32f4xx_hal_gpio.o
      1324          0          0          0          0       7608   stm32f4xx_hal_rcc.o
      1012          4          0          0          0      38578   stm32f4xx_hal_tim.o
        12          0          0          0          0        775   stm32f4xx_it.o
       142          0         24          4          0       2806   system_stm32f4xx.o

    ----------------------------------------------------------------------
      9056        240        829         12      36328     122236   Object Totals
         0          0         32          0          0          0   (incl. Generated)
       118          0          2          3         13          0   (incl. Padding)

    ----------------------------------------------------------------------

      Code (inc. data)   RO Data    RW Data    ZI Data      Debug   Library Member Name

       148          8          0          0          0        591   irq_armv7m.o
       114         20          0          0          1       3197   os_systick.o
        58          4          0          0          0       2791   rtx_delay.o
       600         52         11        164          0      16501   rtx_kernel.o
       228          0          0          0          0       2537   rtx_memory.o
       188          0          0          0          0      16008   rtx_mempool.o
      1310         24          0          0          0      18657   rtx_msgqueue.o
       882         28          0          0          0       9962   rtx_mutex.o
       364         14          0          0          0       5296   rtx_system.o
      1970         72          0          0          0      31735   rtx_thread.o
       544         28          0          0          0      10397   rtx_timer.o
         8          0          0          0          0         68   __main.o
       312          4         17          0          0         92   __printf_flags_wp.o
        14          0          0          0          0         68   __printf_wp.o
         0          0          0          0          0          0   __rtentry.o
        20          0          0          0          0          0   __rtentry2.o
         6          0          0          0          0          0   __rtentry4.o
        52          8          0          0          0          0   __scatter.o
        26          0          0          0          0          0   __scatter_copy.o
        28          0          0          0          0          0   __scatter_zi.o
        48          6          0          0          0         96   _printf_char_common.o
        64          6          0          0          0         84   _printf_char_file_locked.o
        88          4         40          0          0         88   _printf_hex_int.o
       178          0          0          0          0         88   _printf_intcommon.o
        78          0          0          0          0        108   _printf_pad.o
         0          0          0          0          0          0   _printf_percent.o
         4          0          0          0          0          0   _printf_percent_end.o
         6          0          0          0          0          0   _printf_x.o
        10          0          0          0          0         68   defsig_exit.o
        50          0          0          0          0         88   defsig_general.o
        80         58          0          0          0         76   defsig_rtmem_inner.o
        14          0          0          0          0         80   defsig_rtmem_outer.o
        52         38          0          0          0         76   defsig_rtred_inner.o
        14          0          0          0          0         80   defsig_rtred_outer.o
        18          0          0          0          0         80   exit.o
        76          0          0          0          0         88   fclose.o
       470          0          0          0          0         88   flsbuf.o
       332         10          0          0          0        152   fopen_locked.o
        26          0          0          0          0         68   fputc.o
       248          6          0          0          0         84   fseek.o
        66          0          0          0          0         76   ftell.o
       166          0          0          0          0        144   h1_alloc_threads.o
        82          0          0          0          0        104   h1_extend_threads.o
        10          0          0          0          0         76   h1_final_threads.o
       118          0          0          0          0        108   h1_free_threads.o
        18          0          0          0          0         84   h1_init_threads.o
         6          0          0          0          0        152   heapauxi.o
         4          0          0          0          0        136   hguard.o
         0          0          0          0          0          0   indicate_semi.o
       138          0          0          0          0        168   init_alloc.o
       456         48          0          0          0        116   initio_locked.o
         2          0          0          0          0          0   libinit.o
        14          0          0          0          0          0   libinit2.o
         2          0          0          0          0          0   libshutdown.o
        10          0          0          0          0          0   libshutdown2.o
         8          4          0          0         96         68   libspace.o
       240          0          0          0          0        100   lludivv7m.o
         0          0          0          0          0          0   maybetermalloc2.o
        24          4          0          0          0         84   noretval__2printf.o
        64          6          0          0          0         80   puts_locked.o
         4          0          0          0          0         68   rt_errno_addr_twolibspace.o
        10          0          0          0          0         76   rt_heap_descriptor_twolibspace.o
        68          0          0          0          0         68   rt_memclr.o
        78          0          0          0          0         80   rt_memclr_w.o
       138          0          0          0          0         68   rt_memcpy_v6.o
       100          0          0          0          0         80   rt_memcpy_w.o
         2          0          0          0          0          0   rtexit.o
        10          0          0          0          0          0   rtexit2.o
       104          0          0          0          0         88   setvbuf_locked.o
       240          6          0          0          0        156   stdio.o
         0          0          0         12        252          0   stdio_streams.o
       124          0          0          0          0         88   strcmpv7em.o
         0          0          0          4          0          0   streamlock.o
        12          4          0          0          0         68   sys_exit.o
        74          0          0          0          0         80   sys_stackheap_outer.o
        14          0          0          0          0         76   sys_wrch.o
        16          0          0          0          0         80   term_alloc.o
         2          0          0          0          0         68   use_no_semi.o

    ----------------------------------------------------------------------
     11188        462         71        180        352     122032   Library Totals
        36          0          3          0          3          0   (incl. Padding)

    ----------------------------------------------------------------------

      Code (inc. data)   RO Data    RW Data    ZI Data      Debug   Library Name

      6406        250         11        164          1     117672   RTX_CM3.lib
      4746        212         57         16        348       4360   c_w.l

    ----------------------------------------------------------------------
     11188        462         71        180        352     122032   Library Totals

    ----------------------------------------------------------------------

==============================================================================


      Code (inc. data)   RO Data    RW Data    ZI Data      Debug   

     20244        702        900        192      36680     241608   Grand Totals
     20244        702        900        192      36680     241608   ELF Image Totals
     20244        702        900        192          0          0   ROM Totals

==============================================================================

    Total RO  Size (Code + RO Data)                21144 (  20.65kB)
    Total RW  Size (RW Data + ZI Data)             36872 (  36.01kB)
    Total ROM Size (Code + RO Data + RW Data)      21336 (  20.84kB)

==============================================================================

