Component: ARM Compiler 6.16 Tool: armlink [5dfeaa00]

==============================================================================

Section Cross References

    main.o(.text.HAL_GetTick) refers to rtx_kernel.o(.text.osKernelGetState) for osKernelGetState
    main.o(.text.HAL_GetTick) refers to rtx_kernel.o(.text.osKernelGetTickCount) for osKernelGetTickCount
    main.o(.text.HAL_GetTick) refers to system_stm32f4xx.o(.data.SystemCoreClock) for SystemCoreClock
    main.o(.text.HAL_GetTick) refers to main.o(.bss.HAL_GetTick.ticks) for HAL_GetTick.ticks
    main.o(.ARM.exidx.text.HAL_GetTick) refers to main.o(.text.HAL_GetTick) for [Anonymous Symbol]
    main.o(.text.main) refers to stm32f4xx_hal.o(.text.HAL_Init) for HAL_Init
    main.o(.text.main) refers to main.o(.text.SystemClock_Config) for SystemClock_Config
    main.o(.text.main) refers to system_stm32f4xx.o(.text.SystemCoreClockUpdate) for SystemCoreClockUpdate
    main.o(.text.main) refers to rtx_kernel.o(.text.osKernelInitialize) for osKernelInitialize
    main.o(.text.main) refers to thread.o(.text.Init_Thread) for Init_Thread
    main.o(.text.main) refers to rtx_kernel.o(.text.osKernelStart) for osKernelStart
    main.o(.ARM.exidx.text.main) refers to main.o(.text.main) for [Anonymous Symbol]
    main.o(.text.SystemClock_Config) refers to stm32f4xx_hal_rcc.o(.text.HAL_RCC_OscConfig) for HAL_RCC_OscConfig
    main.o(.text.SystemClock_Config) refers to stm32f4xx_hal_rcc.o(.text.HAL_RCC_ClockConfig) for HAL_RCC_ClockConfig
    main.o(.text.SystemClock_Config) refers to stm32f4xx_hal.o(.text.HAL_GetREVID) for HAL_GetREVID
    main.o(.ARM.exidx.text.SystemClock_Config) refers to main.o(.text.SystemClock_Config) for [Anonymous Symbol]
    stm32f4xx_it.o(.ARM.exidx.text.NMI_Handler) refers to stm32f4xx_it.o(.text.NMI_Handler) for [Anonymous Symbol]
    stm32f4xx_it.o(.ARM.exidx.text.HardFault_Handler) refers to stm32f4xx_it.o(.text.HardFault_Handler) for [Anonymous Symbol]
    stm32f4xx_it.o(.ARM.exidx.text.MemManage_Handler) refers to stm32f4xx_it.o(.text.MemManage_Handler) for [Anonymous Symbol]
    stm32f4xx_it.o(.ARM.exidx.text.BusFault_Handler) refers to stm32f4xx_it.o(.text.BusFault_Handler) for [Anonymous Symbol]
    stm32f4xx_it.o(.ARM.exidx.text.UsageFault_Handler) refers to stm32f4xx_it.o(.text.UsageFault_Handler) for [Anonymous Symbol]
    stm32f4xx_it.o(.ARM.exidx.text.DebugMon_Handler) refers to stm32f4xx_it.o(.text.DebugMon_Handler) for [Anonymous Symbol]
    hcsr04.o(.text.GPIO_HCSR04) refers to stm32f4xx_hal_gpio.o(.text.HAL_GPIO_Init) for HAL_GPIO_Init
    hcsr04.o(.ARM.exidx.text.GPIO_HCSR04) refers to hcsr04.o(.text.GPIO_HCSR04) for [Anonymous Symbol]
    hcsr04.o(.text.IC_TIM4_Initialization) refers to hcsr04.o(.bss.htim4) for htim4
    hcsr04.o(.text.IC_TIM4_Initialization) refers to stm32f4xx_hal_tim.o(.text.HAL_TIM_IC_Init) for HAL_TIM_IC_Init
    hcsr04.o(.text.IC_TIM4_Initialization) refers to stm32f4xx_hal_tim.o(.text.HAL_TIM_IC_ConfigChannel) for HAL_TIM_IC_ConfigChannel
    hcsr04.o(.text.IC_TIM4_Initialization) refers to stm32f4xx_hal_tim.o(.text.HAL_TIM_IC_Start) for HAL_TIM_IC_Start
    hcsr04.o(.ARM.exidx.text.IC_TIM4_Initialization) refers to hcsr04.o(.text.IC_TIM4_Initialization) for [Anonymous Symbol]
    thread.o(.text) refers (Special) to _printf_f.o(.ARM.Collect$$_printf_percent$$00000003) for _printf_f
    thread.o(.text) refers (Special) to printf1.o(x$fpl$printf1) for _printf_fp_dec
    thread.o(.text) refers (Special) to _printf_percent.o(.ARM.Collect$$_printf_percent$$00000000) for _printf_percent
    thread.o(.text.Init_Thread) refers (Special) to _printf_f.o(.ARM.Collect$$_printf_percent$$00000003) for _printf_f
    thread.o(.text.Init_Thread) refers (Special) to printf1.o(x$fpl$printf1) for _printf_fp_dec
    thread.o(.text.Init_Thread) refers (Special) to _printf_percent.o(.ARM.Collect$$_printf_percent$$00000000) for _printf_percent
    thread.o(.text.Init_Thread) refers to thread.o(.text.Thread) for Thread
    thread.o(.text.Init_Thread) refers to rtx_thread.o(.text.osThreadNew) for osThreadNew
    thread.o(.text.Init_Thread) refers to thread.o(.bss.tid_Thread) for tid_Thread
    thread.o(.ARM.exidx.text.Init_Thread) refers (Special) to _printf_f.o(.ARM.Collect$$_printf_percent$$00000003) for _printf_f
    thread.o(.ARM.exidx.text.Init_Thread) refers (Special) to printf1.o(x$fpl$printf1) for _printf_fp_dec
    thread.o(.ARM.exidx.text.Init_Thread) refers (Special) to _printf_percent.o(.ARM.Collect$$_printf_percent$$00000000) for _printf_percent
    thread.o(.ARM.exidx.text.Init_Thread) refers to thread.o(.text.Init_Thread) for [Anonymous Symbol]
    thread.o(.text.Thread) refers (Special) to _printf_f.o(.ARM.Collect$$_printf_percent$$00000003) for _printf_f
    thread.o(.text.Thread) refers (Special) to printf1.o(x$fpl$printf1) for _printf_fp_dec
    thread.o(.text.Thread) refers (Special) to _printf_percent.o(.ARM.Collect$$_printf_percent$$00000000) for _printf_percent
[...]
    __rt_lib_init_lc_ctype_1                 0x0800023b   Thumb Code     0  libinit2.o(.ARM.Collect$$libinit$$00000013)
    __rt_lib_init_lc_monetary_1              0x0800023b   Thumb Code     0  libinit2.o(.ARM.Collect$$libinit$$00000015)
    __rt_lib_init_lc_numeric_2               0x0800023b   Thumb Code     0  libinit2.o(.ARM.Collect$$libinit$$00000016)
    __rt_lib_init_atexit_1                   0x08000245   Thumb Code     0  libinit2.o(.ARM.Collect$$libinit$$0000001B)
    __rt_lib_init_clock_1                    0x08000245   Thumb Code     0  libinit2.o(.ARM.Collect$$libinit$$00000021)
    __rt_lib_init_fp_trap_1                  0x08000245   Thumb Code     0  libinit2.o(.ARM.Collect$$libinit$$0000001F)
    __rt_lib_init_getenv_1                   0x08000245   Thumb Code     0  libinit2.o(.ARM.Collect$$libinit$$00000023)
    __rt_lib_init_lc_numeric_1               0x08000245   Thumb Code     0  libinit2.o(.ARM.Collect$$libinit$$00000017)
    __rt_lib_init_lc_time_1                  0x08000245   Thumb Code     0  libinit2.o(.ARM.Collect$$libinit$$00000019)
    __rt_lib_init_signal_1                   0x08000245   Thumb Code     0  libinit2.o(.ARM.Collect$$libinit$$0000001D)
    __rt_lib_init_stdio_2                    0x08000245   Thumb Code     0  libinit2.o(.ARM.Collect$$libinit$$00000024)
    __rt_lib_init_alloca_1                   0x08000249   Thumb Code     0  libinit2.o(.ARM.Collect$$libinit$$0000002E)
    __rt_lib_init_argv_1                     0x08000249   Thumb Code     0  libinit2.o(.ARM.Collect$$libinit$$0000002C)
    __rt_lib_init_cpp_1                      0x08000249   Thumb Code     0  libinit2.o(.ARM.Collect$$libinit$$00000032)
    __rt_lib_init_exceptions_1               0x08000249   Thumb Code     0  libinit2.o(.ARM.Collect$$libinit$$00000030)
    __rt_lib_init_return                     0x08000249   Thumb Code     0  libinit2.o(.ARM.Collect$$libinit$$00000033)
    __rt_lib_init_stdio_1                    0x08000249   Thumb Code     0  libinit2.o(.ARM.Collect$$libinit$$00000025)
    __rt_lib_shutdown                        0x0800024b   Thumb Code     0  libshutdown.o(.ARM.Collect$$libshutdown$$00000000)
    __rt_lib_shutdown_cpp_1                  0x0800024d   Thumb Code     0  libshutdown2.o(.ARM.Collect$$libshutdown$$00000002)
    __rt_lib_shutdown_stdio_2                0x0800024d   Thumb Code     0  libshutdown2.o(.ARM.Collect$$libshutdown$$00000003)
    __rt_lib_shutdown_fp_trap_1              0x08000251   Thumb Code     0  libshutdown2.o(.ARM.Collect$$libshutdown$$00000007)
    __rt_lib_shutdown_heap_2                 0x08000251   Thumb Code     0  libshutdown2.o(.ARM.Collect$$libshutdown$$0000000D)
    __rt_lib_shutdown_signal_1               0x08000251   Thumb Code     0  libshutdown2.o(.ARM.Collect$$libshutdown$$0000000A)
    __rt_lib_shutdown_stdio_1                0x08000251   Thumb Code     0  libshutdown2.o(.ARM.Collect$$libshutdown$$00000004)
    __rt_lib_shutdown_user_alloc_1           0x08000251   Thumb Code     0  libshutdown2.o(.ARM.Collect$$libshutdown$$0000000C)
    __rt_lib_shutdown_heap_1                 0x08000255   Thumb Code     0  libshutdown2.o(.ARM.Collect$$libshutdown$$0000000F)
    __rt_lib_shutdown_return                 0x08000255   Thumb Code     0  libshutdown2.o(.ARM.Collect$$libshutdown$$00000010)
    __rt_entry                               0x08000257   Thumb Code     0  __rtentry.o(.ARM.Collect$$rtentry$$00000000)
    __rt_entry_presh_1                       0x08000257   Thumb Code     0  __rtentry2.o(.ARM.Collect$$rtentry$$00000002)
    __rt_entry_sh                            0x08000257   Thumb Code     0  __rtentry4.o(.ARM.Collect$$rtentry$$00000004)
    __rt_entry_postsh_1                      0x0800025d   Thumb Code     0  __rtentry2.o(.ARM.Collect$$rtentry$$00000008)
    __rt_entry_li                            0x08000265   Thumb Code     0  __rtentry2.o(.ARM.Collect$$rtentry$$0000000A)
    __rt_entry_main                          0x08000269   Thumb Code     0  __rtentry2.o(.ARM.Collect$$rtentry$$0000000D)
    __rt_entry_postli_1                      0x08000269   Thumb Code     0  __rtentry2.o(.ARM.Collect$$rtentry$$0000000C)
    __rt_exit                                0x08000271   Thumb Code     0  rtexit.o(.ARM.Collect$$rtexit$$00000000)
    __rt_exit_ls                             0x08000273   Thumb Code     0  rtexit2.o(.ARM.Collect$$rtexit$$00000003)
    __rt_exit_prels_1                        0x08000273   Thumb Code     0  rtexit2.o(.ARM.Collect$$rtexit$$00000002)
    __rt_exit_exit                           0x08000277   Thumb Code     0  rtexit2.o(.ARM.Collect$$rtexit$$00000004)
    Reset_Handler                            0x0800027d   Thumb Code     8  startup_stm32f429xx.o(.text)
    ADC_IRQHandler                           0x08000297   Thumb Code     0  startup_stm32f429xx.o(.text)
    CAN1_RX0_IRQHandler                      0x08000297   Thumb Code     0  startup_stm32f429xx.o(.text)
    CAN1_RX1_IRQHandler                      0x08000297   Thumb Code     0  startup_stm32f429xx.o(.text)
    CAN1_SCE_IRQHandler                      0x08000297   Thumb Code     0  startup_stm32f429xx.o(.text)
    CAN1_TX_IRQHandler                       0x08000297   Thumb Code     0  startup_stm32f429xx.o(.text)
    CAN2_RX0_IRQHandler                      0x08000297   Thumb Code     0  startup_stm32f429xx.o(.text)
    CAN2_RX1_IRQHandler                      0x08000297   Thumb Code     0  startup_stm32f429xx.o(.text)
    CAN2_SCE_IRQHandler                      0x08000297   Thumb Code     0  startup_stm32f429xx.o(.text)
    CAN2_TX_IRQHandler                       0x08000297   Thumb Code     0  startup_stm32f429xx.o(.text)
    DCMI_IRQHandler                          0x08000297   Thumb Code     0  startup_stm32f429xx.o(.text)
    DMA1_Stream0_IRQHandler                  0x08000297   Thumb Code     0  startup_stm32f429xx.o(.text)
    DMA1_Stream1_IRQHandler                  0x08000297   Thumb Code     0  startup_stm32f429xx.o(.text)
    DMA1_Stream2_IRQHandler                  0x08000297   Thumb Code     0  startup_stm32f429xx.o(.text)
    DMA1_Stream3_IRQHandler                  0x08000297   Thumb Code     0  startup_stm32f429xx.o(.text)
    DMA1_Stream4_IRQHandler                  0x08000297   Thumb Code     0  startup_stm32f429xx.o(.text)
    DMA1_Stream5_IRQHandler                  0x08000297   Thumb Code     0  startup_stm32f429xx.o(.text)
    DMA1_Stream6_IRQHandler                  0x08000297   Thumb Code     0  startup_stm32f429xx.o(.text)
    DMA1_Stream7_IRQHandler                  0x08000297   Thumb Code     0  startup_stm32f429xx.o(.text)
    DMA2D_IRQHandler                         0x08000297   Thumb Code     0  startup_stm32f429xx.o(.text)
    DMA2_Stream0_IRQHandler                  0x08000297   Thumb Code     0  startup_stm32f429xx.o(.text)
    DMA2_Stream1_IRQHandler                  0x08000297   Thumb Code     0  startup_stm32f429xx.o(.text)
    DMA2_Stream2_IRQHandler                  0x08000297   Thumb Code     0  startup_stm32f429xx.o(.text)
    DMA2_Stream3_IRQHandler                  0x08000297   Thumb Code     0  startup_stm32f429xx.o(.text)
    DMA2_Stream4_IRQHandler                  0x08000297   Thumb Code     0  startup_stm32f429xx.o(.text)
    DMA2_Stream5_IRQHandler                  0x08000297   Thumb Code     0  startup_stm32f429xx.o(.text)
    DMA2_Stream6_IRQHandler                  0x08000297   Thumb Code     0  startup_stm32f429xx.o(.text)
    DMA2_Stream7_IRQHandler                  0x08000297   Thumb Code     0  startup_stm32f429xx.o(.text)
    ETH_IRQHandler                           0x08000297   Thumb Code     0  startup_stm32f429xx.o(.text)
    ETH_WKUP_IRQHandler                      0x08000297   Thumb Code     0  startup_stm32f429xx.o(.text)
    EXTI0_IRQHandler                         0x08000297   Thumb Code     0  startup_stm32f429xx.o(.text)
    EXTI15_10_IRQHandler                     0x08000297   Thumb Code     0  startup_stm32f429xx.o(.text)
    EXTI1_IRQHandler                         0x08000297   Thumb Code     0  startup_stm32f429xx.o(.text)
    EXTI2_IRQHandler                         0x08000297   Thumb Code     0  startup_stm32f429xx.o(.text)
    EXTI3_IRQHandler                         0x08000297   Thumb Code     0  startup_stm32f429xx.o(.text)
    EXTI4_IRQHandler                         0x08000297   Thumb Code     0  startup_stm32f429xx.o(.text)
    EXTI9_5_IRQHandler                       0x08000297   Thumb Code     0  startup_stm32f429xx.o(.text)
    FLASH_IRQHandler                         0x08000297   Thumb Code     0  startup_stm32f429xx.o(.text)
    FMC_IRQHandler                           0x08000297   Thumb Code     0  startup_stm32f429xx.o(.text)
    FPU_IRQHandler                           0x08000297   Thumb Code     0  startup_stm32f429xx.o(.text)
    HASH_RNG_IRQHandler                      0x08000297   Thumb Code     0  startup_stm32f429xx.o(.text)
    I2C1_ER_IRQHandler                       0x08000297   Thumb Code     0  startup_stm32f429xx.o(.text)
    I2C1_EV_IRQHandler                       0x08000297   Thumb Code     0  startup_stm32f429xx.o(.text)
    I2C2_ER_IRQHandler                       0x08000297   Thumb Code     0  startup_stm32f429xx.o(.text)
    I2C2_EV_IRQHandler                       0x08000297   Thumb Code     0  startup_stm32f429xx.o(.text)
    I2C3_ER_IRQHandler                       0x08000297   Thumb Code     0  startup_stm32f429xx.o(.text)
    I2C3_EV_IRQHandler                       0x08000297   Thumb Code     0  startup_stm32f429xx.o(.text)
    LTDC_ER_IRQHandler                       0x08000297   Thumb Code     0  startup_stm32f429xx.o(.text)
    LTDC_IRQHandler                          0x08000297   Thumb Code     0  startup_stm32f429xx.o(.text)
    OTG_FS_IRQHandler                        0x08000297   Thumb Code     0  startup_stm32f429xx.o(.text)
    OTG_FS_WKUP_IRQHandler                   0x08000297   Thumb Code     0  startup_stm32f429xx.o(.text)
    OTG_HS_EP1_IN_IRQHandler                 0x08000297   Thumb Code     0  startup_stm32f429xx.o(.text)
    OTG_HS_EP1_OUT_IRQHandler                0x08000297   Thumb Code     0  startup_stm32f429xx.o(.text)
    OTG_HS_IRQHandler                        0x08000297   Thumb Code     0  startup_stm32f429xx.o(.text)
    OTG_HS_WKUP_IRQHandler                   0x08000297   Thumb Code     0  startup_stm32f429xx.o(.text)
    PVD_IRQHandler                           0x08000297   Thumb Code     0  startup_stm32f429xx.o(.text)
    RCC_IRQHandler                           0x08000297   Thumb Code     0  startup_stm32f429xx.o(.text)
    RTC_Alarm_IRQHandler                     0x08000297   Thumb Code     0  startup_stm32f429xx.o(.text)
    RTC_WKUP_IRQHandler                      0x08000297   Thumb Code     0  startup_stm32f429xx.o(.text)
    SAI1_IRQHandler                          0x08000297   Thumb Code     0  startup_stm32f429xx.o(.text)
    SDIO_IRQHandler                          0x08000297   Thumb Code     0  startup_stm32f429xx.o(.text)
    SPI1_IRQHandler                          0x08000297   Thumb Code     0  startup_stm32f429xx.o(.text)
    SPI2_IRQHandler                          0x08000297   Thumb Code     0  startup_stm32f429xx.o(.text)
    SPI3_IRQHandler                          0x08000297   Thumb Code     0  startup_stm32f429xx.o(.text)
    SPI4_IRQHandler                          0x08000297   Thumb Code     0  startup_stm32f429xx.o(.text)
    SPI5_IRQHandler                          0x08000297   Thumb Code     0  startup_stm32f429xx.o(.text)
    SPI6_IRQHandler                          0x08000297   Thumb Code     0  startup_stm32f429xx.o(.text)
    TAMP_STAMP_IRQHandler                    0x08000297   Thumb Code     0  startup_stm32f429xx.o(.text)
    TIM1_BRK_TIM9_IRQHandler                 0x08000297   Thumb Code     0  startup_stm32f429xx.o(.text)
    TIM1_CC_IRQHandler                       0x08000297   Thumb Code     0  startup_stm32f429xx.o(.text)
    TIM1_TRG_COM_TIM11_IRQHandler            0x08000297   Thumb Code     0  startup_stm32f429xx.o(.text)
    TIM1_UP_TIM10_IRQHandler                 0x08000297   Thumb Code     0  startup_stm32f429xx.o(.text)
    TIM2_IRQHandler                          0x08000297   Thumb Code     0  startup_stm32f429xx.o(.text)
    TIM3_IRQHandler                          0x08000297   Thumb Code     0  startup_stm32f429xx.o(.text)
    TIM4_IRQHandler                          0x08000297   Thumb Code     0  startup_stm32f429xx.o(.text)
    TIM5_IRQHandler                          0x08000297   Thumb Code     0  startup_stm32f429xx.o(.text)
    TIM6_DAC_IRQHandler                      0x08000297   Thumb Code     0  startup_stm32f429xx.o(.text)
    TIM7_IRQHandler                          0x08000297   Thumb Code     0  startup_stm32f429xx.o(.text)
    TIM8_BRK_TIM12_IRQHandler                0x08000297   Thumb Code     0  startup_stm32f429xx.o(.text)
    TIM8_CC_IRQHandler                       0x08000297   Thumb Code     0  startup_stm32f429xx.o(.text)
    TIM8_TRG_COM_TIM14_IRQHandler            0x08000297   Thumb Code     0  startup_stm32f429xx.o(.text)
    TIM8_UP_TIM13_IRQHandler                 0x08000297   Thumb Code     0  startup_stm32f429xx.o(.text)
    UART4_IRQHandler                         0x08000297   Thumb Code     0  startup_stm32f429xx.o(.text)
    UART5_IRQHandler                         0x08000297   Thumb Code     0  startup_stm32f429xx.o(.text)
    UART7_IRQHandler                         0x08000297   Thumb Code     0  startup_stm32f429xx.o(.text)
    UART8_IRQHandler                         0x08000297   Thumb Code     0  startup_stm32f429xx.o(.text)
    USART1_IRQHandler                        0x08000297   Thumb Code     0  startup_stm32f429xx.o(.text)
    USART2_IRQHandler                        0x08000297   Thumb Code     0  startup_stm32f429xx.o(.text)
    USART3_IRQHandler                        0x08000297   Thumb Code     0  startup_stm32f429xx.o(.text)
    USART6_IRQHandler                        0x08000297   Thumb Code     0  startup_stm32f429xx.o(.text)
    WWDG_IRQHandler                          0x08000297   Thumb Code     0  startup_stm32f429xx.o(.text)
    __user_initial_stackheap                 0x08000299   Thumb Code     0  startup_stm32f429xx.o(.text)
    SVC_Handler                              0x080002bd   Thumb Code   108  irq_armv7m.o(.text)
    PendSV_Handler                           0x08000329   Thumb Code    16  irq_armv7m.o(.text)
    SysTick_Handler                          0x08000339   Thumb Code    16  irq_armv7m.o(.text)
    __aeabi_uldivmod                         0x08000351   Thumb Code     0  lludivv7m.o(.text)
    _ll_udiv                                 0x08000351   Thumb Code   240  lludivv7m.o(.text)
    __2printf                                0x08000441   Thumb Code    20  noretval__2printf.o(.text)
    __printf                                 0x08000459   Thumb Code   270  __printf_wp.o(.text)
    __aeabi_memcpy                           0x08000567   Thumb Code     0  rt_memcpy_v6.o(.text)
    __rt_memcpy                              0x08000567   Thumb Code   138  rt_memcpy_v6.o(.text)
    _memcpy_lastbytes                        0x080005cd   Thumb Code     0  rt_memcpy_v6.o(.text)
    __aeabi_memclr                           0x080005f1   Thumb Code     0  rt_memclr.o(.text)
    __rt_memclr                              0x080005f1   Thumb Code     0  rt_memclr.o(.text)
    _memset                                  0x080005f5   Thumb Code    64  rt_memclr.o(.text)
    __aeabi_memclr4                          0x08000635   Thumb Code     0  rt_memclr_w.o(.text)
    __aeabi_memclr8                          0x08000635   Thumb Code     0  rt_memclr_w.o(.text)
    __rt_memclr_w                            0x08000635   Thumb Code     0  rt_memclr_w.o(.text)
    _memset_w                                0x08000639   Thumb Code    74  rt_memclr_w.o(.text)
    strcmp                                   0x08000689   Thumb Code   124  strcmpv7em.o(.text)
    __use_two_region_memory                  0x08000705   Thumb Code     2  heapauxi.o(.text)
    __rt_heap_escrow                         0x08000707   Thumb Code     2  heapauxi.o(.text)
    __rt_heap_expand                         0x08000709   Thumb Code     2  heapauxi.o(.text)
    _printf_fp_dec_real                      0x080008bb   Thumb Code   620  _printf_fp_dec.o(.text)
    __aeabi_memcpy4                          0x08000b27   Thumb Code     0  rt_memcpy_w.o(.text)
    __aeabi_memcpy8                          0x08000b27   Thumb Code     0  rt_memcpy_w.o(.text)
    __rt_memcpy_w                            0x08000b27   Thumb Code   100  rt_memcpy_w.o(.text)
    _memcpy_lastbytes_aligned                0x08000b6f   Thumb Code     0  rt_memcpy_w.o(.text)
    __rt_locale                              0x08000b8b   Thumb Code    10  rt_locale_twolibspace.o(.text)
    _ll_udiv10                               0x08000b95   Thumb Code   138  lludiv10.o(.text)
    _printf_char_common                      0x08000c2b   Thumb Code    32  _printf_char_common.o(.text)
    _printf_fp_infnan                        0x08000c51   Thumb Code   112  _printf_fp_infnan.o(.text)
    _btod_etento                             0x08000cd1   Thumb Code   224  bigflt0.o(.text)
    __flsbuf                                 0x08000db5   Thumb Code   470  flsbuf.o(.text)
    __flsbuf_byte                            0x08000db5   Thumb Code     0  flsbuf.o(.text)
    __flsbuf_wide                            0x08000db5   Thumb Code     0  flsbuf.o(.text)
    _initio                                  0x08000f8d   Thumb Code   240  initio_locked.o(.text)
    _terminateio                             0x0800107d   Thumb Code   168  initio_locked.o(.text)
    __user_libspace                          0x08001155   Thumb Code     8  libspace.o(.text)
    __user_perproc_libspace                  0x08001155   Thumb Code     0  libspace.o(.text)
    __user_setup_stackheap                   0x0800115d   Thumb Code    74  sys_stackheap_outer.o(.text)
    malloc_internal$concurrent               0x080011b7   Thumb Code   130  h1_alloc_threads.o(.text)
    malloc                                   0x08001239   Thumb Code    20  h1_alloc_threads.o(.text)
    free_internal$concurrent                 0x0800124d   Thumb Code    98  h1_free_threads.o(.text)
    free                                     0x080012af   Thumb Code    20  h1_free_threads.o(.text)
    _printf_char_file                        0x080012c5   Thumb Code    58  _printf_char_file_locked.o(.text)
    _seterr                                  0x08001305   Thumb Code    20  stdio.o(.text)
    _writebuf                                0x08001319   Thumb Code    84  stdio.o(.text)
    _fflush                                  0x0800136d   Thumb Code    70  stdio.o(.text)
    _deferredlazyseek                        0x080013b3   Thumb Code    60  stdio.o(.text)
    _fclose_internal                         0x080013f5   Thumb Code    76  fclose.o(.text)
    fclose                                   0x080013f5   Thumb Code     0  fclose.o(.text)
    puts                                     0x08001441   Thumb Code    58  puts_locked.o(.text)
    setvbuf                                  0x08001481   Thumb Code   104  setvbuf_locked.o(.text)
    freopen                                  0x0800159d   Thumb Code    42  fopen_locked.o(.text)
    _fopen$locked                            0x080015c7   Thumb Code   100  fopen_locked.o(.text)
    exit                                     0x08001635   Thumb Code    18  exit.o(.text)
    __rt_SIGRTRED                            0x08001647   Thumb Code    14  defsig_rtred_outer.o(.text)
    __rt_heap_descriptor                     0x08001655   Thumb Code    10  rt_heap_descriptor_twolibspace.o(.text)
    __use_no_heap                            0x0800165f   Thumb Code     2  hguard.o(.text)
    __heap$guard                             0x08001661   Thumb Code     2  hguard.o(.text)
    _terminate_user_alloc                    0x08001663   Thumb Code     2  init_alloc.o(.text)
    _init_user_alloc                         0x08001665   Thumb Code     2  init_alloc.o(.text)
    __Heap_Full                              0x08001667   Thumb Code    34  init_alloc.o(.text)
    __Heap_Broken                            0x08001689   Thumb Code     6  init_alloc.o(.text)
    _init_alloc                              0x0800168f   Thumb Code    94  init_alloc.o(.text)
    __Heap_Initialize                        0x080016ed   Thumb Code    14  h1_init_threads.o(.text)
    __Heap_DescSize                          0x080016fb   Thumb Code     4  h1_init_threads.o(.text)
    _fseek                                   0x08001701   Thumb Code   242  fseek.o(.text)
    fseek                                    0x08001701   Thumb Code     0  fseek.o(.text)
    __sig_exit                               0x080017f9   Thumb Code    10  defsig_exit.o(.text)
    __rt_SIGRTRED_inner                      0x08001805   Thumb Code    14  defsig_rtred_inner.o(.text)
    _sys_exit                                0x08001839   Thumb Code     8  sys_exit.o(.text)
    _maybe_terminate_alloc                   0x08001845   Thumb Code     0  maybetermalloc2.o(.text)
    __Heap_ProvideMemory                     0x08001853   Thumb Code    68  h1_extend_threads.o(.text)
    _ftell_internal                          0x08001897   Thumb Code    66  ftell.o(.text)
    ftell                                    0x08001897   Thumb Code     0  ftell.o(.text)
    __default_signal_display                 0x080018d9   Thumb Code    50  defsig_general.o(.text)
    __rt_SIGRTMEM                            0x0800190b   Thumb Code    14  defsig_rtmem_outer.o(.text)
    _ttywrch                                 0x08001919   Thumb Code    14  sys_wrch.o(.text)
    __I$use$semihosting                      0x08001927   Thumb Code     0  use_no_semi.o(.text)
    __use_no_semihosting_swi                 0x08001927   Thumb Code     2  use_no_semi.o(.text)
    __aeabi_errno_addr                       0x08001929   Thumb Code     4  rt_errno_addr_twolibspace.o(.text)
    __errno$twolibspace                      0x08001929   Thumb Code     0  rt_errno_addr_twolibspace.o(.text)
    __rt_errno_addr$twolibspace              0x08001929   Thumb Code     0  rt_errno_addr_twolibspace.o(.text)
    __semihosting_library_function           0x08001929   Thumb Code     0  indicate_semi.o(.text)
    _terminate_alloc                         0x0800192d   Thumb Code    16  term_alloc.o(.text)
    __rt_SIGRTMEM_inner                      0x0800193d   Thumb Code    22  defsig_rtmem_inner.o(.text)
    __Heap_Finalize                          0x0800198d   Thumb Code    10  h1_final_threads.o(.text)
    BusFault_Handler                         0x08001999   Thumb Code     2  stm32f4xx_it.o(.text.BusFault_Handler)
    DebugMon_Handler                         0x0800199d   Thumb Code     2  stm32f4xx_it.o(.text.DebugMon_Handler)
    GPIO_HCSR04                              0x080019a1   Thumb Code   122  hcsr04.o(.text.GPIO_HCSR04)
    HAL_GPIO_Init                            0x08001a1d   Thumb Code   410  stm32f4xx_hal_gpio.o(.text.HAL_GPIO_Init)
    HAL_GPIO_ReadPin                         0x08001bb9   Thumb Code    10  stm32f4xx_hal_gpio.o(.text.HAL_GPIO_ReadPin)
    HAL_GPIO_WritePin                        0x08001bc5   Thumb Code    10  stm32f4xx_hal_gpio.o(.text.HAL_GPIO_WritePin)
    HAL_GetREVID                             0x08001bd1   Thumb Code    14  stm32f4xx_hal.o(.text.HAL_GetREVID)
    HAL_GetTick                              0x08001be1   Thumb Code    80  main.o(.text.HAL_GetTick)
    HAL_Init                                 0x08001c31   Thumb Code    46  stm32f4xx_hal.o(.text.HAL_Init)
    HAL_InitTick                             0x08001c61   Thumb Code    80  stm32f4xx_hal.o(.text.HAL_InitTick)
    HAL_MspInit                              0x08001cb1   Thumb Code     2  stm32f4xx_hal.o(.text.HAL_MspInit)
    HAL_NVIC_SetPriority                     0x08001cb5   Thumb Code    30  stm32f4xx_hal_cortex.o(.text.HAL_NVIC_SetPriority)
    HAL_NVIC_SetPriorityGrouping             0x08001cd5   Thumb Code     8  stm32f4xx_hal_cortex.o(.text.HAL_NVIC_SetPriorityGrouping)
    HAL_RCC_ClockConfig                      0x08001cdd   Thumb Code   352  stm32f4xx_hal_rcc.o(.text.HAL_RCC_ClockConfig)
    HAL_RCC_GetSysClockFreq                  0x08001e3d   Thumb Code   106  stm32f4xx_hal_rcc.o(.text.HAL_RCC_GetSysClockFreq)
    HAL_RCC_OscConfig                        0x08001ea9   Thumb Code   820  stm32f4xx_hal_rcc.o(.text.HAL_RCC_OscConfig)
    HAL_SYSTICK_Config                       0x080021dd   Thumb Code     8  stm32f4xx_hal_cortex.o(.text.HAL_SYSTICK_Config)
    HAL_TIM_Base_DeInit                      0x080021e5   Thumb Code    60  stm32f4xx_hal_tim.o(.text.HAL_TIM_Base_DeInit)
    HAL_TIM_Base_Init                        0x08002221   Thumb Code    54  stm32f4xx_hal_tim.o(.text.HAL_TIM_Base_Init)
    HAL_TIM_Base_MspDeInit                   0x08002259   Thumb Code     2  stm32f4xx_hal_tim.o(.text.HAL_TIM_Base_MspDeInit)
    HAL_TIM_Base_MspInit                     0x0800225d   Thumb Code     2  stm32f4xx_hal_tim.o(.text.HAL_TIM_Base_MspInit)
    HAL_TIM_Base_Start                       0x08002261   Thumb Code    38  stm32f4xx_hal_tim.o(.text.HAL_TIM_Base_Start)
    HAL_TIM_Base_Stop                        0x08002289   Thumb Code    48  stm32f4xx_hal_tim.o(.text.HAL_TIM_Base_Stop)
    HAL_TIM_IC_ConfigChannel                 0x080022b9   Thumb Code   156  stm32f4xx_hal_tim.o(.text.HAL_TIM_IC_ConfigChannel)
    HAL_TIM_IC_Init                          0x08002355   Thumb Code    54  stm32f4xx_hal_tim.o(.text.HAL_TIM_IC_Init)
    HAL_TIM_IC_MspInit                       0x0800238d   Thumb Code     2  stm32f4xx_hal_tim.o(.text.HAL_TIM_IC_MspInit)
    HAL_TIM_IC_Start                         0x08002391   Thumb Code    36  stm32f4xx_hal_tim.o(.text.HAL_TIM_IC_Start)
    HardFault_Handler                        0x080023b5   Thumb Code     2  stm32f4xx_it.o(.text.HardFault_Handler)
    IC_TIM4_Initialization                   0x080023b9   Thumb Code   102  hcsr04.o(.text.IC_TIM4_Initialization)
    ITM_SendChar                             0x08002421   Thumb Code    46  retarget_io.o(.text.ITM_SendChar)
    Init_HCSR04                              0x08002451   Thumb Code    54  thread.o(.text.Init_HCSR04)
    Init_Thread                              0x08002489   Thumb Code    44  thread.o(.text.Init_Thread)
    MemManage_Handler                        0x080024b5   Thumb Code     2  stm32f4xx_it.o(.text.MemManage_Handler)
    NMI_Handler                              0x0800256d   Thumb Code     2  stm32f4xx_it.o(.text.NMI_Handler)
    OS_Tick_AcknowledgeIRQ                   0x0800259d   Thumb Code     8  os_systick.o(.text.OS_Tick_AcknowledgeIRQ)
    OS_Tick_Enable                           0x080025a5   Thumb Code    32  os_systick.o(.text.OS_Tick_Enable)
    OS_Tick_GetIRQn                          0x080025c9   Thumb Code     6  os_systick.o(.text.OS_Tick_GetIRQn)
    OS_Tick_Setup                            0x080025d1   Thumb Code    48  os_systick.o(.text.OS_Tick_Setup)
    SystemCoreClockUpdate                    0x08002701   Thumb Code   126  system_stm32f4xx.o(.text.SystemCoreClockUpdate)
    SystemInit                               0x08002781   Thumb Code    16  system_stm32f4xx.o(.text.SystemInit)
    TIM_Base_SetConfig                       0x08002791   Thumb Code   292  stm32f4xx_hal_tim.o(.text.TIM_Base_SetConfig)
    TIM_CCxChannelCmd                        0x080028b5   Thumb Code    36  stm32f4xx_hal_tim.o(.text.TIM_CCxChannelCmd)
    TIM_TI1_SetConfig                        0x080028d9   Thumb Code   168  stm32f4xx_hal_tim.o(.text.TIM_TI1_SetConfig)
    Thread                                   0x08002a2d   Thumb Code    84  thread.o(.text.Thread)
    UsageFault_Handler                       0x08002b65   Thumb Code     2  stm32f4xx_it.o(.text.UsageFault_Handler)
    __user_perthread_libspace                0x08002bbd   Thumb Code    86  rtx_lib.o(.text.__user_perthread_libspace)
    _mutex_acquire                           0x08002c15   Thumb Code    26  rtx_lib.o(.text._mutex_acquire)
    _mutex_free                              0x08002c31   Thumb Code    10  rtx_lib.o(.text._mutex_free)
    _mutex_initialize                        0x08002c3d   Thumb Code    32  rtx_lib.o(.text._mutex_initialize)
    _mutex_release                           0x08002c5d   Thumb Code    22  rtx_lib.o(.text._mutex_release)
    _platform_post_stackheap_init            0x08002c75   Thumb Code     8  rtx_lib.o(.text._platform_post_stackheap_init)
    _sys_close                               0x08002c7d   Thumb Code    18  retarget_io.o(.text._sys_close)
    _sys_flen                                0x08002c91   Thumb Code     4  retarget_io.o(.text._sys_flen)
    _sys_istty                               0x08002c95   Thumb Code    16  retarget_io.o(.text._sys_istty)
    _sys_open                                0x08002ca5   Thumb Code    76  retarget_io.o(.text._sys_open)
    _sys_seek                                0x08002d09   Thumb Code     6  retarget_io.o(.text._sys_seek)
    _sys_write                               0x08002d11   Thumb Code    46  retarget_io.o(.text._sys_write)
    delay                                    0x08002d41   Thumb Code   110  thread.o(.text.delay)
    getMeasure                               0x08002db1   Thumb Code   226  thread.o(.text.getMeasure)
    initMBED_leds                            0x08002e95   Thumb Code   106  leds.o(.text.initMBED_leds)
    ledsON                                   0x08002f01   Thumb Code   206  leds.o(.text.ledsON)
    main                                     0x08002fd1   Thumb Code    26  main.o(.text.main)
    osDelay                                  0x08002fed   Thumb Code    32  rtx_delay.o(.text.osDelay)
    osKernelGetState                         0x08003011   Thumb Code    40  rtx_kernel.o(.text.osKernelGetState)
    osKernelGetTickCount                     0x0800303d   Thumb Code    32  rtx_kernel.o(.text.osKernelGetTickCount)
    osKernelInitialize                       0x08003065   Thumb Code    40  rtx_kernel.o(.text.osKernelInitialize)
    osKernelStart                            0x08003091   Thumb Code    32  rtx_kernel.o(.text.osKernelStart)
    osMessageQueueGet                        0x080030b5   Thumb Code   108  rtx_msgqueue.o(.text.osMessageQueueGet)
    osMessageQueuePut                        0x08003125   Thumb Code   124  rtx_msgqueue.o(.text.osMessageQueuePut)
    osMutexAcquire                           0x080031a5   Thumb Code    32  rtx_mutex.o(.text.osMutexAcquire)
    osMutexDelete                            0x080031c9   Thumb Code    32  rtx_mutex.o(.text.osMutexDelete)
    osMutexNew                               0x080031ed   Thumb Code    32  rtx_mutex.o(.text.osMutexNew)
    osMutexRelease                           0x08003211   Thumb Code    32  rtx_mutex.o(.text.osMutexRelease)
    osRtxErrorNotify                         0x08003235   Thumb Code     2  rtx_config.o(.text.osRtxErrorNotify)
    osRtxIdleThread                          0x08003239   Thumb Code     2  rtx_config.o(.text.osRtxIdleThread)
    osRtxKernelErrorNotify                   0x0800323b   Thumb Code     4  rtx_kernel.o(.text.osRtxKernelErrorNotify)
    osRtxKernelPreInit                       0x0800323f   Thumb Code     2  rtx_kernel.o(.text.osRtxKernelPreInit)
    osRtxMemoryAlloc                         0x08003241   Thumb Code   108  rtx_memory.o(.text.osRtxMemoryAlloc)
    osRtxMemoryFree                          0x080032ad   Thumb Code    66  rtx_memory.o(.text.osRtxMemoryFree)
    osRtxMemoryInit                          0x080032ef   Thumb Code    54  rtx_memory.o(.text.osRtxMemoryInit)
    osRtxMemoryPoolAlloc                     0x08003325   Thumb Code    58  rtx_mempool.o(.text.osRtxMemoryPoolAlloc)
    osRtxMemoryPoolFree                      0x0800335f   Thumb Code    74  rtx_mempool.o(.text.osRtxMemoryPoolFree)
    osRtxMemoryPoolInit                      0x080033a9   Thumb Code    56  rtx_mempool.o(.text.osRtxMemoryPoolInit)
    osRtxMessageQueueTimerSetup              0x0800348d   Thumb Code    32  rtx_msgqueue.o(.text.osRtxMessageQueueTimerSetup)
    osRtxMutexOwnerRelease                   0x080034b1   Thumb Code    72  rtx_mutex.o(.text.osRtxMutexOwnerRelease)
    osRtxMutexOwnerRestore                   0x080034f9   Thumb Code    66  rtx_mutex.o(.text.osRtxMutexOwnerRestore)
    osRtxPendSV_Handler                      0x0800353d   Thumb Code   136  rtx_system.o(.text.osRtxPendSV_Handler)
    osRtxPostProcess                         0x080035c5   Thumb Code   108  rtx_system.o(.text.osRtxPostProcess)
    osRtxThreadDelayTick                     0x08003721   Thumb Code    72  rtx_thread.o(.text.osRtxThreadDelayTick)
    osRtxThreadDispatch                      0x08003789   Thumb Code    80  rtx_thread.o(.text.osRtxThreadDispatch)
    osRtxThreadListGet                       0x0800384f   Thumb Code    18  rtx_thread.o(.text.osRtxThreadListGet)
    osRtxThreadListPut                       0x08003861   Thumb Code    44  rtx_thread.o(.text.osRtxThreadListPut)
    osRtxThreadListRemove                    0x0800388d   Thumb Code    20  rtx_thread.o(.text.osRtxThreadListRemove)
    osRtxThreadListSort                      0x080038ad   Thumb Code    38  rtx_thread.o(.text.osRtxThreadListSort)
    osRtxThreadReadyPut                      0x080038fd   Thumb Code    16  rtx_thread.o(.text.osRtxThreadReadyPut)
    osRtxThreadRegPtr                        0x08003911   Thumb Code     6  rtx_thread.o(.text.osRtxThreadRegPtr)
    osRtxThreadStartup                       0x08003919   Thumb Code    48  rtx_thread.o(.text.osRtxThreadStartup)
    osRtxThreadSwitch                        0x0800394d   Thumb Code    12  rtx_thread.o(.text.osRtxThreadSwitch)
    osRtxThreadWaitEnter                     0x08003959   Thumb Code    56  rtx_thread.o(.text.osRtxThreadWaitEnter)
    osRtxThreadWaitExit                      0x08003995   Thumb Code    34  rtx_thread.o(.text.osRtxThreadWaitExit)
    osRtxTick_Handler                        0x080039b9   Thumb Code   116  rtx_system.o(.text.osRtxTick_Handler)
    osRtxTimerSetup                          0x08003a2d   Thumb Code    24  rtx_timer.o(.text.osRtxTimerSetup)
    osRtxTimerThread                         0x08003a4d   Thumb Code    32  rtx_timer.o(.text.osRtxTimerThread)
    osThreadExit                             0x08003add   Thumb Code     8  rtx_thread.o(.text.osThreadExit)
    osThreadGetId                            0x08003ae9   Thumb Code    32  rtx_thread.o(.text.osThreadGetId)
    osThreadNew                              0x08003b11   Thumb Code    32  rtx_thread.o(.text.osThreadNew)
    _btod_d2e                                0x08004449   Thumb Code    62  btod.o(CL$$btod_d2e)
    _d2e_denorm_low                          0x08004487   Thumb Code    70  btod.o(CL$$btod_d2e_denorm_low)
    _d2e_norm_op1                            0x080044cd   Thumb Code    96  btod.o(CL$$btod_d2e_norm_op1)
    __btod_div_common                        0x0800452d   Thumb Code   696  btod.o(CL$$btod_div_common)
    _e2e                                     0x08004865   Thumb Code   220  btod.o(CL$$btod_e2e)
    _btod_ediv                               0x08004941   Thumb Code    42  btod.o(CL$$btod_ediv)
    _btod_emul                               0x0800496b   Thumb Code    42  btod.o(CL$$btod_emul)
    __btod_mult_common                       0x08004995   Thumb Code   580  btod.o(CL$$btod_mult_common)
    __ARM_fpclassify                         0x08004bd9   Thumb Code    40  fpclassify.o(i.__ARM_fpclassify)
    _is_digit                                0x08004c01   Thumb Code    14  __printf_wp.o(i._is_digit)
    _fputc$unlocked                          0x08004c0f   Thumb Code    26  fputc.o(i.fputc)
    _get_lc_numeric                          0x08004c29   Thumb Code    44  lc_numeric_c.o(locale$$code)
    __fpl_dretinf                            0x08004c55   Thumb Code    12  dretinf.o(x$fpl$dretinf)
    __aeabi_f2d                              0x08004c61   Thumb Code     0  f2d.o(x$fpl$f2d)
    _f2d                                     0x08004c61   Thumb Code    86  f2d.o(x$fpl$f2d)
    __aeabi_fadd                             0x08004cb9   Thumb Code     0  faddsub_clz.o(x$fpl$fadd)
    _fadd                                    0x08004cb9   Thumb Code   196  faddsub_clz.o(x$fpl$fadd)
    __aeabi_fcmpeq                           0x08004d7d   Thumb Code     0  fcmp.o(x$fpl$fcmp)
    _feq                                     0x08004d7d   Thumb Code    14  fcmp.o(x$fpl$fcmp)
    _fneq                                    0x08004d8b   Thumb Code    14  fcmp.o(x$fpl$fcmp)
    __aeabi_fcmpgt                           0x08004d99   Thumb Code     0  fcmp.o(x$fpl$fcmp)
    _fgr                                     0x08004d99   Thumb Code    14  fcmp.o(x$fpl$fcmp)
    __aeabi_fcmpge                           0x08004da7   Thumb Code     0  fcmp.o(x$fpl$fcmp)
    _fgeq                                    0x08004da7   Thumb Code    14  fcmp.o(x$fpl$fcmp)
    __aeabi_fcmple                           0x08004db5   Thumb Code     0  fcmp.o(x$fpl$fcmp)
    _fleq                                    0x08004db5   Thumb Code    14  fcmp.o(x$fpl$fcmp)
    __aeabi_fcmplt                           0x08004dc3   Thumb Code     0  fcmp.o(x$fpl$fcmp)
    _fls                                     0x08004dc3   Thumb Code    14  fcmp.o(x$fpl$fcmp)
    __fpl_fcmp_Inf                           0x08004dd1   Thumb Code    24  fcmpi.o(x$fpl$fcmpinf)
    __aeabi_fdiv                             0x08004de9   Thumb Code     0  fdiv.o(x$fpl$fdiv)
    _fdiv                                    0x08004de9   Thumb Code   384  fdiv.o(x$fpl$fdiv)
    __aeabi_cfcmpeq                          0x08004f6d   Thumb Code     0  feqf.o(x$fpl$feqf)
    _fcmpeq                                  0x08004f6d   Thumb Code   104  feqf.o(x$fpl$feqf)
    __aeabi_ui2f                             0x08004fd5   Thumb Code     0  fflt_clz.o(x$fpl$ffltu)
    _ffltu                                   0x08004fd5   Thumb Code    38  fflt_clz.o(x$fpl$ffltu)
    _fcmpge                                  0x08004ffd   Thumb Code   104  fgeqf.o(x$fpl$fgeqf)
    __aeabi_cfcmple                          0x08005065   Thumb Code     0  fleqf.o(x$fpl$fleqf)
    _fcmple                                  0x08005065   Thumb Code   104  fleqf.o(x$fpl$fleqf)
    __fpl_fcmple_InfNaN                      0x080050b7   Thumb Code     0  fleqf.o(x$fpl$fleqf)
    __aeabi_fmul                             0x080050cd   Thumb Code     0  fmul.o(x$fpl$fmul)
    _fmul                                    0x080050cd   Thumb Code   258  fmul.o(x$fpl$fmul)
    __fpl_fnaninf                            0x080051cf   Thumb Code   140  fnaninf.o(x$fpl$fnaninf)
    __fpl_fretinf                            0x0800525b   Thumb Code    10  fretinf.o(x$fpl$fretinf)
    __aeabi_fsub                             0x08005265   Thumb Code     0  faddsub_clz.o(x$fpl$fsub)
    _fsub                                    0x08005265   Thumb Code   234  faddsub_clz.o(x$fpl$fsub)
    _printf_fp_dec                           0x0800534f   Thumb Code     4  printf1.o(x$fpl$printf1)
    __I$use$fp                               0x08005352   Number         0  usenofp.o(x$fpl$usenofp)
    osRtxConfig                              0x080053e8   Data         112  rtx_lib.o(.rodata)
    os_cb_sections                           0x08005458   Data          56  rtx_lib.o(.rodata)
    AHBPrescTable                            0x08005490   Data          16  system_stm32f4xx.o(.rodata.AHBPrescTable)
    __stderr_name                            0x080054a0   Data           8  retarget_io.o(.rodata.__stderr_name)
    __stdin_name                             0x080054a8   Data           7  retarget_io.o(.rodata.__stdin_name)
    __stdout_name                            0x080054af   Data           8  retarget_io.o(.rodata.__stdout_name)
    osRtxUserSVC                             0x080054b8   Data           4  rtx_lib.o(.rodata.osRtxUserSVC)
    Region$$Table$$Base                      0x08005528   Number         0  anon$$obj.o(Region$$Table)
    Region$$Table$$Limit                     0x08005548   Number         0  anon$$obj.o(Region$$Table)
    __aeabi_stdin                            0x20000000   Data           4  stdio_streams.o(.data)
    __aeabi_stdout                           0x20000004   Data           4  stdio_streams.o(.data)
    __aeabi_stderr                           0x20000008   Data           4  stdio_streams.o(.data)
    _stream_list_lock                        0x2000000c   Data           4  streamlock.o(.data)
    SystemCoreClock                          0x20000010   Data           4  system_stm32f4xx.o(.data.SystemCoreClock)
    osRtxInfo                                0x20000014   Data         164  rtx_kernel.o(.data.os)
    uwTickFreq                               0x200000b8   Data           1  stm32f4xx_hal.o(.data.uwTickFreq)
    uwTickPrio                               0x200000bc   Data           4  stm32f4xx_hal.o(.data.uwTickPrio)
    __stdin                                  0x200000c0   Data          84  stdio_streams.o(.bss)
    __stdout                                 0x20000114   Data          84  stdio_streams.o(.bss)
    __stderr                                 0x20000168   Data          84  stdio_streams.o(.bss)
    __libspace_start                         0x200001bc   Data          96  libspace.o(.bss)
    __temporary_stack_top$libspace           0x2000021c   Data           0  libspace.o(.bss)
    htim4                                    0x20000220   Data          64  hcsr04.o(.bss.htim4)
    .bss.os.msgqueue.cb$$Base                0x20008494   Number         0  rtx_lib.o(.bss.os.msgqueue.cb)
    .bss.os.msgqueue.cb$$Limit               0x200084c8   Number         0  rtx_lib.o(.bss.os.msgqueue.cb)
    .bss.os.thread.cb$$Base                  0x20008518   Number         0  rtx_lib.o(.bss.os.thread.cb)
    .bss.os.thread.cb$$Limit                 0x200085a0   Number         0  rtx_lib.o(.bss.os.thread.cb)
    quantity                                 0x200089a4   Data           4  thread.o(.bss.quantity)
    tid_Thread                               0x200089a8   Data           4  thread.o(.bss.tid_Thread)
    tim7                                     0x200089ac   Data          64  thread.o(.bss.tim7)



==============================================================================

Memory Map of the image

  Image Entry point : 0x080001ad

  Load Region LR_IROM1 (Base: 0x08000000, Size: 0x00005628, Max: 0x00200000, ABSOLUTE)

    Execution Region ER_IROM1 (Exec base: 0x08000000, Load base: 0x08000000, Size: 0x00005564, Max: 0x00200000, ABSOLUTE)

    Exec Addr    Load Addr    Size         Type   Attr      Idx    E Section Name        Object

    0x08000000   0x08000000   0x000001ac   Data   RO          833    RESET               startup_stm32f429xx.o
    0x080001ac   0x080001ac   0x00000008   Code   RO         1385  * !!!main             c_w.l(__main.o)
    0x080001b4   0x080001b4   0x00000034   Code   RO         1831    !!!scatter          c_w.l(__scatter.o)
    0x080001e8   0x080001e8   0x0000001a   Code   RO         1833    !!handler_copy      c_w.l(__scatter_copy.o)
    0x08000202   0x08000202   0x00000002   PAD
    0x08000204   0x08000204   0x0000001c   Code   RO         1835    !!handler_zi        c_w.l(__scatter_zi.o)
    0x08000220   0x08000220   0x00000000   Code   RO         1372    .ARM.Collect$$_printf_percent$$00000000  c_w.l(_printf_percent.o)
    0x08000220   0x08000220   0x00000006   Code   RO         1371    .ARM.Collect$$_printf_percent$$00000003  c_w.l(_printf_f.o)
    0x08000226   0x08000226   0x00000004   Code   RO         1422    .ARM.Collect$$_printf_percent$$00000017  c_w.l(_printf_percent_end.o)
    0x0800022a   0x0800022a   0x00000002   Code   RO         1635    .ARM.Collect$$libinit$$00000000  c_w.l(libinit.o)
    0x0800022c   0x0800022c   0x00000000   Code   RO         1637    .ARM.Collect$$libinit$$00000002  c_w.l(libinit2.o)
    0x0800022c   0x0800022c   0x00000000   Code   RO         1639    .ARM.Collect$$libinit$$00000004  c_w.l(libinit2.o)
    0x0800022c   0x0800022c   0x00000008   Code   RO         1640    .ARM.Collect$$libinit$$00000005  c_w.l(libinit2.o)
    0x08000234   0x08000234   0x00000000   Code   RO         1642    .ARM.Collect$$libinit$$0000000A  c_w.l(libinit2.o)
    0x08000234   0x08000234   0x00000000   Code   RO         1644    .ARM.Collect$$libinit$$0000000C  c_w.l(libinit2.o)
    0x08000234   0x08000234   0x00000000   Code   RO         1646    .ARM.Collect$$libinit$$0000000E  c_w.l(libinit2.o)
    0x08000234   0x08000234   0x00000006   Code   RO         1647    .ARM.Collect$$libinit$$0000000F  c_w.l(libinit2.o)
    0x0800023a   0x0800023a   0x00000000   Code   RO         1649    .ARM.Collect$$libinit$$00000011  c_w.l(libinit2.o)
    0x0800023a   0x0800023a   0x00000000   Code   RO         1651    .ARM.Collect$$libinit$$00000013  c_w.l(libinit2.o)
    0x0800023a   0x0800023a   0x00000000   Code   RO         1653    .ARM.Collect$$libinit$$00000015  c_w.l(libinit2.o)
    0x0800023a   0x0800023a   0x0000000a   Code   RO         1654    .ARM.Collect$$libinit$$00000016  c_w.l(libinit2.o)
    0x08000244   0x08000244   0x00000000   Code   RO         1655    .ARM.Collect$$libinit$$00000017  c_w.l(libinit2.o)
    0x08000244   0x08000244   0x00000000   Code   RO         1657    .ARM.Collect$$libinit$$00000019  c_w.l(libinit2.o)
    0x08000244   0x08000244   0x00000000   Code   RO         1659    .ARM.Collect$$libinit$$0000001B  c_w.l(libinit2.o)
    0x08000244   0x08000244   0x00000000   Code   RO         1661    .ARM.Collect$$libinit$$0000001D  c_w.l(libinit2.o)
    0x08000244   0x08000244   0x00000000   Code   RO         1663    .ARM.Collect$$libinit$$0000001F  c_w.l(libinit2.o)
    0x08000244   0x08000244   0x00000000   Code   RO         1665    .ARM.Collect$$libinit$$00000021  c_w.l(libinit2.o)
    0x08000244   0x08000244   0x00000000   Code   RO         1667    .ARM.Collect$$libinit$$00000023  c_w.l(libinit2.o)
    0x08000244   0x08000244   0x00000004   Code   RO         1668    .ARM.Collect$$libinit$$00000024  c_w.l(libinit2.o)
    0x08000248   0x08000248   0x00000000   Code   RO         1669    .ARM.Collect$$libinit$$00000025  c_w.l(libinit2.o)
    0x08000248   0x08000248   0x00000000   Code   RO         1673    .ARM.Collect$$libinit$$0000002C  c_w.l(libinit2.o)
    0x08000248   0x08000248   0x00000000   Code   RO         1675    .ARM.Collect$$libinit$$0000002E  c_w.l(libinit2.o)
    0x08000248   0x08000248   0x00000000   Code   RO         1677    .ARM.Collect$$libinit$$00000030  c_w.l(libinit2.o)
    0x08000248   0x08000248   0x00000000   Code   RO         1679    .ARM.Collect$$libinit$$00000032  c_w.l(libinit2.o)
    0x08000248   0x08000248   0x00000002   Code   RO         1680    .ARM.Collect$$libinit$$00000033  c_w.l(libinit2.o)
    0x0800024a   0x0800024a   0x00000002   Code   RO         1812    .ARM.Collect$$libshutdown$$00000000  c_w.l(libshutdown.o)
    0x0800024c   0x0800024c   0x00000000   Code   RO         1682    .ARM.Collect$$libshutdown$$00000002  c_w.l(libshutdown2.o)
    0x0800024c   0x0800024c   0x00000004   Code   RO         1683    .ARM.Collect$$libshutdown$$00000003  c_w.l(libshutdown2.o)
    0x08000250   0x08000250   0x00000000   Code   RO         1684    .ARM.Collect$$libshutdown$$00000004  c_w.l(libshutdown2.o)
    0x08000250   0x08000250   0x00000000   Code   RO         1687    .ARM.Collect$$libshutdown$$00000007  c_w.l(libshutdown2.o)
    0x08000250   0x08000250   0x00000000   Code   RO         1690    .ARM.Collect$$libshutdown$$0000000A  c_w.l(libshutdown2.o)
    0x08000250   0x08000250   0x00000000   Code   RO         1692    .ARM.Collect$$libshutdown$$0000000C  c_w.l(libshutdown2.o)
    0x08000250   0x08000250   0x00000004   Code   RO         1693    .ARM.Collect$$libshutdown$$0000000D  c_w.l(libshutdown2.o)
    0x08000254   0x08000254   0x00000000   Code   RO         1695    .ARM.Collect$$libshutdown$$0000000F  c_w.l(libshutdown2.o)
    0x08000254   0x08000254   0x00000002   Code   RO         1696    .ARM.Collect$$libshutdown$$00000010  c_w.l(libshutdown2.o)
    0x08000256   0x08000256   0x00000000   Code   RO         1411    .ARM.Collect$$rtentry$$00000000  c_w.l(__rtentry.o)
    0x08000256   0x08000256   0x00000000   Code   RO         1451    .ARM.Collect$$rtentry$$00000002  c_w.l(__rtentry2.o)
    0x08000256   0x08000256   0x00000006   Code   RO         1463    .ARM.Collect$$rtentry$$00000004  c_w.l(__rtentry4.o)
    0x0800025c   0x0800025c   0x00000008   Code   RO         1452    .ARM.Collect$$rtentry$$00000008  c_w.l(__rtentry2.o)
    0x08000264   0x08000264   0x00000004   Code   RO         1454    .ARM.Collect$$rtentry$$0000000A  c_w.l(__rtentry2.o)
    0x08000268   0x08000268   0x00000000   Code   RO         1456    .ARM.Collect$$rtentry$$0000000C  c_w.l(__rtentry2.o)
    0x08000268   0x08000268   0x00000008   Code   RO         1457    .ARM.Collect$$rtentry$$0000000D  c_w.l(__rtentry2.o)
    0x08000270   0x08000270   0x00000002   Code   RO         1697    .ARM.Collect$$rtexit$$00000000  c_w.l(rtexit.o)
    0x08000272   0x08000272   0x00000000   Code   RO         1759    .ARM.Collect$$rtexit$$00000002  c_w.l(rtexit2.o)
    0x08000272   0x08000272   0x00000004   Code   RO         1760    .ARM.Collect$$rtexit$$00000003  c_w.l(rtexit2.o)
    0x08000276   0x08000276   0x00000006   Code   RO         1761    .ARM.Collect$$rtexit$$00000004  c_w.l(rtexit2.o)
    0x0800027c   0x0800027c   0x00000040   Code   RO          834    .text               startup_stm32f429xx.o
    0x080002bc   0x080002bc   0x00000094   Code   RO         1167    .text               RTX_CM3.lib(irq_armv7m.o)
    0x08000350   0x08000350   0x000000f0   Code   RO         1343    .text               c_w.l(lludivv7m.o)
    0x08000440   0x08000440   0x00000018   Code   RO         1347    .text               c_w.l(noretval__2printf.o)
    0x08000458   0x08000458   0x0000010e   Code   RO         1359    .text               c_w.l(__printf_wp.o)
    0x08000566   0x08000566   0x0000008a   Code   RO         1375    .text               c_w.l(rt_memcpy_v6.o)
    0x080005f0   0x080005f0   0x00000044   Code   RO         1377    .text               c_w.l(rt_memclr.o)
    0x08000634   0x08000634   0x0000004e   Code   RO         1379    .text               c_w.l(rt_memclr_w.o)
    0x08000682   0x08000682   0x00000006   PAD
    0x08000688   0x08000688   0x0000007c   Code   RO         1381    .text               c_w.l(strcmpv7em.o)
    0x08000704   0x08000704   0x00000006   Code   RO         1383    .text               c_w.l(heapauxi.o)
    0x0800070a   0x0800070a   0x0000041c   Code   RO         1416    .text               c_w.l(_printf_fp_dec.o)
    0x08000b26   0x08000b26   0x00000064   Code   RO         1435    .text               c_w.l(rt_memcpy_w.o)
    0x08000b8a   0x08000b8a   0x0000000a   Code   RO         1472    .text               c_w.l(rt_locale_twolibspace.o)
    0x08000b94   0x08000b94   0x0000008a   Code   RO         1474    .text               c_w.l(lludiv10.o)
    0x08000c1e   0x08000c1e   0x00000002   PAD
    0x08000c20   0x08000c20   0x00000030   Code   RO         1476    .text               c_w.l(_printf_char_common.o)
    0x08000c50   0x08000c50   0x00000080   Code   RO         1478    .text               c_w.l(_printf_fp_infnan.o)
    0x08000cd0   0x08000cd0   0x000000e4   Code   RO         1480    .text               c_w.l(bigflt0.o)
    0x08000db4   0x08000db4   0x000001d6   Code   RO         1509    .text               c_w.l(flsbuf.o)
    0x08000f8a   0x08000f8a   0x00000002   PAD
    0x08000f8c   0x08000f8c   0x000001c8   Code   RO         1515    .text               c_w.l(initio_locked.o)
    0x08001154   0x08001154   0x00000008   Code   RO         1528    .text               c_w.l(libspace.o)
    0x0800115c   0x0800115c   0x0000004a   Code   RO         1531    .text               c_w.l(sys_stackheap_outer.o)
    0x080011a6   0x080011a6   0x000000a6   Code   RO         1541    .text               c_w.l(h1_alloc_threads.o)
    0x0800124c   0x0800124c   0x00000076   Code   RO         1543    .text               c_w.l(h1_free_threads.o)
    0x080012c2   0x080012c2   0x00000002   PAD
    0x080012c4   0x080012c4   0x00000040   Code   RO         1597    .text               c_w.l(_printf_char_file_locked.o)
    0x08001304   0x08001304   0x000000f0   Code   RO         1603    .text               c_w.l(stdio.o)
    0x080013f4   0x080013f4   0x0000004c   Code   RO         1610    .text               c_w.l(fclose.o)
    0x08001440   0x08001440   0x00000040   Code   RO         1612    .text               c_w.l(puts_locked.o)
    0x08001480   0x08001480   0x00000068   Code   RO         1614    .text               c_w.l(setvbuf_locked.o)
    0x080014e8   0x080014e8   0x0000014c   Code   RO         1616    .text               c_w.l(fopen_locked.o)
    0x08001634   0x08001634   0x00000012   Code   RO         1620    .text               c_w.l(exit.o)
    0x08001646   0x08001646   0x0000000e   Code   RO         1626    .text               c_w.l(defsig_rtred_outer.o)
    0x08001654   0x08001654   0x0000000a   Code   RO         1706    .text               c_w.l(rt_heap_descriptor_twolibspace.o)
    0x0800165e   0x0800165e   0x00000004   Code   RO         1708    .text               c_w.l(hguard.o)
    0x08001662   0x08001662   0x0000008a   Code   RO         1710    .text               c_w.l(init_alloc.o)
    0x080016ec   0x080016ec   0x00000012   Code   RO         1716    .text               c_w.l(h1_init_threads.o)
    0x080016fe   0x080016fe   0x00000002   PAD
    0x08001700   0x08001700   0x000000f8   Code   RO         1732    .text               c_w.l(fseek.o)
    0x080017f8   0x080017f8   0x0000000a   Code   RO         1738    .text               c_w.l(defsig_exit.o)
    0x08001802   0x08001802   0x00000002   PAD
    0x08001804   0x08001804   0x00000034   Code   RO         1742    .text               c_w.l(defsig_rtred_inner.o)
    0x08001838   0x08001838   0x0000000c   Code   RO         1752    .text               c_w.l(sys_exit.o)
    0x08001844   0x08001844   0x00000000   Code   RO         1768    .text               c_w.l(maybetermalloc2.o)
    0x08001844   0x08001844   0x00000052   Code   RO         1771    .text               c_w.l(h1_extend_threads.o)
    0x08001896   0x08001896   0x00000042   Code   RO         1773    .text               c_w.l(ftell.o)
    0x080018d8   0x080018d8   0x00000032   Code   RO         1777    .text               c_w.l(defsig_general.o)
    0x0800190a   0x0800190a   0x0000000e   Code   RO         1779    .text               c_w.l(defsig_rtmem_outer.o)
    0x08001918   0x08001918   0x0000000e   Code   RO         1790    .text               c_w.l(sys_wrch.o)
    0x08001926   0x08001926   0x00000002   Code   RO         1794    .text               c_w.l(use_no_semi.o)
    0x08001928   0x08001928   0x00000000   Code   RO         1796    .text               c_w.l(indicate_semi.o)
    0x08001928   0x08001928   0x00000004   Code   RO         1802    .text               c_w.l(rt_errno_addr_twolibspace.o)
    0x0800192c   0x0800192c   0x00000010   Code   RO         1804    .text               c_w.l(term_alloc.o)
    0x0800193c   0x0800193c   0x00000050   Code   RO         1806    .text               c_w.l(defsig_rtmem_inner.o)
    0x0800198c   0x0800198c   0x0000000a   Code   RO         1815    .text               c_w.l(h1_final_threads.o)
    0x08001996   0x08001996   0x00000002   PAD
    0x08001998   0x08001998   0x00000002   Code   RO           24    .text.BusFault_Handler  stm32f4xx_it.o
    0x0800199a   0x0800199a   0x00000002   PAD
    0x0800199c   0x0800199c   0x00000002   Code   RO           28    .text.DebugMon_Handler  stm32f4xx_it.o
    0x0800199e   0x0800199e   0x00000002   PAD
    0x080019a0   0x080019a0   0x0000007a   Code   RO           37    .text.GPIO_HCSR04   hcsr04.o
    0x08001a1a   0x08001a1a   0x00000002   PAD
    0x08001a1c   0x08001a1c   0x0000019a   Code   RO          358    .text.HAL_GPIO_Init  stm32f4xx_hal_gpio.o
    0x08001bb6   0x08001bb6   0x00000002   PAD
    0x08001bb8   0x08001bb8   0x0000000a   Code   RO          362    .text.HAL_GPIO_ReadPin  stm32f4xx_hal_gpio.o
    0x08001bc2   0x08001bc2   0x00000002   PAD
    0x08001bc4   0x08001bc4   0x0000000a   Code   RO          364    .text.HAL_GPIO_WritePin  stm32f4xx_hal_gpio.o
    0x08001bce   0x08001bce   0x00000002   PAD
    0x08001bd0   0x08001bd0   0x0000000e   Code   RO          191    .text.HAL_GetREVID  stm32f4xx_hal.o
    0x08001bde   0x08001bde   0x00000002   PAD
    0x08001be0   0x08001be0   0x00000050   Code   RO            2    .text.HAL_GetTick   main.o
    0x08001c30   0x08001c30   0x0000002e   Code   RO          163    .text.HAL_Init      stm32f4xx_hal.o
    0x08001c5e   0x08001c5e   0x00000002   PAD
    0x08001c60   0x08001c60   0x00000050   Code   RO          165    .text.HAL_InitTick  stm32f4xx_hal.o
    0x08001cb0   0x08001cb0   0x00000002   Code   RO          167    .text.HAL_MspInit   stm32f4xx_hal.o
    0x08001cb2   0x08001cb2   0x00000002   PAD
    0x08001cb4   0x08001cb4   0x0000001e   Code   RO          236    .text.HAL_NVIC_SetPriority  stm32f4xx_hal_cortex.o
    0x08001cd2   0x08001cd2   0x00000002   PAD
    0x08001cd4   0x08001cd4   0x00000008   Code   RO          232    .text.HAL_NVIC_SetPriorityGrouping  stm32f4xx_hal_cortex.o
    0x08001cdc   0x08001cdc   0x00000160   Code   RO          454    .text.HAL_RCC_ClockConfig  stm32f4xx_hal_rcc.o
    0x08001e3c   0x08001e3c   0x0000006a   Code   RO          456    .text.HAL_RCC_GetSysClockFreq  stm32f4xx_hal_rcc.o
    0x08001ea6   0x08001ea6   0x00000002   PAD
    0x08001ea8   0x08001ea8   0x00000334   Code   RO          452    .text.HAL_RCC_OscConfig  stm32f4xx_hal_rcc.o
    0x080021dc   0x080021dc   0x00000008   Code   RO          256    .text.HAL_SYSTICK_Config  stm32f4xx_hal_cortex.o
    0x080021e4   0x080021e4   0x0000003c   Code   RO          516    .text.HAL_TIM_Base_DeInit  stm32f4xx_hal_tim.o
    0x08002220   0x08002220   0x00000036   Code   RO          510    .text.HAL_TIM_Base_Init  stm32f4xx_hal_tim.o
    0x08002256   0x08002256   0x00000002   PAD
    0x08002258   0x08002258   0x00000002   Code   RO          518    .text.HAL_TIM_Base_MspDeInit  stm32f4xx_hal_tim.o
    0x0800225a   0x0800225a   0x00000002   PAD
    0x0800225c   0x0800225c   0x00000002   Code   RO          512    .text.HAL_TIM_Base_MspInit  stm32f4xx_hal_tim.o
    0x0800225e   0x0800225e   0x00000002   PAD
    0x08002260   0x08002260   0x00000026   Code   RO          520    .text.HAL_TIM_Base_Start  stm32f4xx_hal_tim.o
    0x08002286   0x08002286   0x00000002   PAD
    0x08002288   0x08002288   0x00000030   Code   RO          522    .text.HAL_TIM_Base_Stop  stm32f4xx_hal_tim.o
    0x080022b8   0x080022b8   0x0000009c   Code   RO          666    .text.HAL_TIM_IC_ConfigChannel  stm32f4xx_hal_tim.o
    0x08002354   0x08002354   0x00000036   Code   RO          584    .text.HAL_TIM_IC_Init  stm32f4xx_hal_tim.o
    0x0800238a   0x0800238a   0x00000002   PAD
    0x0800238c   0x0800238c   0x00000002   Code   RO          586    .text.HAL_TIM_IC_MspInit  stm32f4xx_hal_tim.o
    0x0800238e   0x0800238e   0x00000002   PAD
    0x08002390   0x08002390   0x00000024   Code   RO          592    .text.HAL_TIM_IC_Start  stm32f4xx_hal_tim.o
    0x080023b4   0x080023b4   0x00000002   Code   RO           20    .text.HardFault_Handler  stm32f4xx_it.o
    0x080023b6   0x080023b6   0x00000002   PAD
    0x080023b8   0x080023b8   0x00000066   Code   RO           39    .text.IC_TIM4_Initialization  hcsr04.o
    0x0800241e   0x0800241e   0x00000002   PAD
    0x08002420   0x08002420   0x0000002e   Code   RO          129    .text.ITM_SendChar  retarget_io.o
    0x0800244e   0x0800244e   0x00000002   PAD
    0x08002450   0x08002450   0x00000036   Code   RO           55    .text.Init_HCSR04   thread.o
    0x08002486   0x08002486   0x00000002   PAD
    0x08002488   0x08002488   0x0000002c   Code   RO           49    .text.Init_Thread   thread.o
    0x080024b4   0x080024b4   0x00000002   Code   RO           22    .text.MemManage_Handler  stm32f4xx_it.o
    0x080024b6   0x080024b6   0x00000040   Code   RO         1283    .text.MessageQueueGet  RTX_CM3.lib(rtx_msgqueue.o)
    0x080024f6   0x080024f6   0x00000058   Code   RO         1277    .text.MessageQueuePut  RTX_CM3.lib(rtx_msgqueue.o)
    0x0800254e   0x0800254e   0x0000001c   Code   RO         1275    .text.MessageQueueRemove  RTX_CM3.lib(rtx_msgqueue.o)
    0x0800256a   0x0800256a   0x00000002   PAD
    0x0800256c   0x0800256c   0x00000002   Code   RO           18    .text.NMI_Handler   stm32f4xx_it.o
    0x0800256e   0x0800256e   0x00000002   PAD
    0x08002570   0x08002570   0x0000002c   Code   RO          242    .text.NVIC_EncodePriority  stm32f4xx_hal_cortex.o
    0x0800259c   0x0800259c   0x00000008   Code   RO         1321    .text.OS_Tick_AcknowledgeIRQ  RTX_CM3.lib(os_systick.o)
    0x080025a4   0x080025a4   0x00000024   Code   RO         1317    .text.OS_Tick_Enable  RTX_CM3.lib(os_systick.o)
    0x080025c8   0x080025c8   0x00000006   Code   RO         1323    .text.OS_Tick_GetIRQn  RTX_CM3.lib(os_systick.o)
    0x080025ce   0x080025ce   0x00000002   PAD
    0x080025d0   0x080025d0   0x00000040   Code   RO         1315    .text.OS_Tick_Setup  RTX_CM3.lib(os_systick.o)
    0x08002610   0x08002610   0x0000000c   Code   RO          914    .text.OUTLINED_FUNCTION_0  RTX_CM3.lib(rtx_kernel.o)
    0x0800261c   0x0800261c   0x0000000c   Code   RO         1291    .text.OUTLINED_FUNCTION_0  RTX_CM3.lib(rtx_msgqueue.o)
    0x08002628   0x08002628   0x00000006   Code   RO          916    .text.OUTLINED_FUNCTION_1  RTX_CM3.lib(rtx_kernel.o)
    0x0800262e   0x0800262e   0x00000002   PAD
    0x08002630   0x08002630   0x0000002e   Code   RO          258    .text.SysTick_Config  stm32f4xx_hal_cortex.o
    0x0800265e   0x0800265e   0x00000002   PAD
    0x08002660   0x08002660   0x000000a0   Code   RO            6    .text.SystemClock_Config  main.o
    0x08002700   0x08002700   0x0000007e   Code   RO          843    .text.SystemCoreClockUpdate  system_stm32f4xx.o
    0x0800277e   0x0800277e   0x00000002   PAD
    0x08002780   0x08002780   0x00000010   Code   RO          841    .text.SystemInit    system_stm32f4xx.o
    0x08002790   0x08002790   0x00000124   Code   RO          514    .text.TIM_Base_SetConfig  stm32f4xx_hal_tim.o
    0x080028b4   0x080028b4   0x00000024   Code   RO          548    .text.TIM_CCxChannelCmd  stm32f4xx_hal_tim.o
    0x080028d8   0x080028d8   0x000000a8   Code   RO          668    .text.TIM_TI1_SetConfig  stm32f4xx_hal_tim.o
    0x08002980   0x08002980   0x0000003c   Code   RO          670    .text.TIM_TI2_SetConfig  stm32f4xx_hal_tim.o
    0x080029bc   0x080029bc   0x00000034   Code   RO          672    .text.TIM_TI3_SetConfig  stm32f4xx_hal_tim.o
    0x080029f0   0x080029f0   0x0000003c   Code   RO          674    .text.TIM_TI4_SetConfig  stm32f4xx_hal_tim.o
    0x08002a2c   0x08002a2c   0x0000008c   Code   RO           51    .text.Thread        thread.o
    0x08002ab8   0x08002ab8   0x00000064   Code   RO         1008    .text.ThreadFlagsCheck  RTX_CM3.lib(rtx_thread.o)
    0x08002b1c   0x08002b1c   0x00000048   Code   RO         1108    .text.TimerInsert   RTX_CM3.lib(rtx_timer.o)
    0x08002b64   0x08002b64   0x00000002   Code   RO           26    .text.UsageFault_Handler  stm32f4xx_it.o
    0x08002b66   0x08002b66   0x00000002   PAD
    0x08002b68   0x08002b68   0x00000010   Code   RO          238    .text.__NVIC_GetPriorityGrouping  stm32f4xx_hal_cortex.o
    0x08002b78   0x08002b78   0x00000022   Code   RO          240    .text.__NVIC_SetPriority  stm32f4xx_hal_cortex.o
    0x08002b9a   0x08002b9a   0x00000002   PAD
    0x08002b9c   0x08002b9c   0x00000020   Code   RO          234    .text.__NVIC_SetPriorityGrouping  stm32f4xx_hal_cortex.o
    0x08002bbc   0x08002bbc   0x00000056   Code   RO           84    .text.__user_perthread_libspace  rtx_lib.o
    0x08002c12   0x08002c12   0x00000002   PAD
    0x08002c14   0x08002c14   0x0000001a   Code   RO           90    .text._mutex_acquire  rtx_lib.o
    0x08002c2e   0x08002c2e   0x00000002   PAD
    0x08002c30   0x08002c30   0x0000000a   Code   RO           94    .text._mutex_free   rtx_lib.o
    0x08002c3a   0x08002c3a   0x00000002   PAD
    0x08002c3c   0x08002c3c   0x00000020   Code   RO           88    .text._mutex_initialize  rtx_lib.o
    0x08002c5c   0x08002c5c   0x00000016   Code   RO           92    .text._mutex_release  rtx_lib.o
    0x08002c72   0x08002c72   0x00000002   PAD
    0x08002c74   0x08002c74   0x00000008   Code   RO           82    .text._platform_post_stackheap_init  rtx_lib.o
    0x08002c7c   0x08002c7c   0x00000012   Code   RO          135    .text._sys_close    retarget_io.o
    0x08002c8e   0x08002c8e   0x00000002   PAD
    0x08002c90   0x08002c90   0x00000004   Code   RO          149    .text._sys_flen     retarget_io.o
    0x08002c94   0x08002c94   0x00000010   Code   RO          145    .text._sys_istty    retarget_io.o
    0x08002ca4   0x08002ca4   0x00000064   Code   RO          133    .text._sys_open     retarget_io.o
    0x08002d08   0x08002d08   0x00000006   Code   RO          147    .text._sys_seek     retarget_io.o
    0x08002d0e   0x08002d0e   0x00000002   PAD
    0x08002d10   0x08002d10   0x0000002e   Code   RO          137    .text._sys_write    retarget_io.o
    0x08002d3e   0x08002d3e   0x00000002   PAD
    0x08002d40   0x08002d40   0x0000006e   Code   RO           57    .text.delay         thread.o
    0x08002dae   0x08002dae   0x00000002   PAD
    0x08002db0   0x08002db0   0x000000e2   Code   RO           53    .text.getMeasure    thread.o
    0x08002e92   0x08002e92   0x00000002   PAD
    0x08002e94   0x08002e94   0x0000006a   Code   RO           70    .text.initMBED_leds  leds.o
    0x08002efe   0x08002efe   0x00000002   PAD
    0x08002f00   0x08002f00   0x000000ce   Code   RO           72    .text.ledsON        leds.o
    0x08002fce   0x08002fce   0x00000002   PAD
    0x08002fd0   0x08002fd0   0x0000001a   Code   RO            4    .text.main          main.o
    0x08002fea   0x08002fea   0x00000002   PAD
    0x08002fec   0x08002fec   0x00000024   Code   RO         1074    .text.osDelay       RTX_CM3.lib(rtx_delay.o)
    0x08003010   0x08003010   0x0000002c   Code   RO          866    .text.osKernelGetState  RTX_CM3.lib(rtx_kernel.o)
    0x0800303c   0x0800303c   0x00000028   Code   RO          882    .text.osKernelGetTickCount  RTX_CM3.lib(rtx_kernel.o)
    0x08003064   0x08003064   0x0000002c   Code   RO          860    .text.osKernelInitialize  RTX_CM3.lib(rtx_kernel.o)
    0x08003090   0x08003090   0x00000024   Code   RO          870    .text.osKernelStart  RTX_CM3.lib(rtx_kernel.o)
    0x080030b4   0x080030b4   0x00000070   Code   RO         1251    .text.osMessageQueueGet  RTX_CM3.lib(rtx_msgqueue.o)
    0x08003124   0x08003124   0x00000080   Code   RO         1249    .text.osMessageQueuePut  RTX_CM3.lib(rtx_msgqueue.o)
    0x080031a4   0x080031a4   0x00000024   Code   RO         1140    .text.osMutexAcquire  RTX_CM3.lib(rtx_mutex.o)
    0x080031c8   0x080031c8   0x00000024   Code   RO         1146    .text.osMutexDelete  RTX_CM3.lib(rtx_mutex.o)
    0x080031ec   0x080031ec   0x00000024   Code   RO         1136    .text.osMutexNew    RTX_CM3.lib(rtx_mutex.o)
    0x08003210   0x08003210   0x00000024   Code   RO         1142    .text.osMutexRelease  RTX_CM3.lib(rtx_mutex.o)
    0x08003234   0x08003234   0x00000002   Code   RO          120    .text.osRtxErrorNotify  rtx_config.o
    0x08003236   0x08003236   0x00000002   PAD
    0x08003238   0x08003238   0x00000002   Code   RO          118    .text.osRtxIdleThread  rtx_config.o
    0x0800323a   0x0800323a   0x00000004   Code   RO          858    .text.osRtxKernelErrorNotify  RTX_CM3.lib(rtx_kernel.o)
    0x0800323e   0x0800323e   0x00000002   Code   RO          856    .text.osRtxKernelPreInit  RTX_CM3.lib(rtx_kernel.o)
    0x08003240   0x08003240   0x0000006c   Code   RO         1177    .text.osRtxMemoryAlloc  RTX_CM3.lib(rtx_memory.o)
    0x080032ac   0x080032ac   0x00000042   Code   RO         1179    .text.osRtxMemoryFree  RTX_CM3.lib(rtx_memory.o)
    0x080032ee   0x080032ee   0x00000036   Code   RO         1175    .text.osRtxMemoryInit  RTX_CM3.lib(rtx_memory.o)
    0x08003324   0x08003324   0x0000003a   Code   RO         1191    .text.osRtxMemoryPoolAlloc  RTX_CM3.lib(rtx_mempool.o)
    0x0800335e   0x0800335e   0x0000004a   Code   RO         1193    .text.osRtxMemoryPoolFree  RTX_CM3.lib(rtx_mempool.o)
    0x080033a8   0x080033a8   0x00000038   Code   RO         1189    .text.osRtxMemoryPoolInit  RTX_CM3.lib(rtx_mempool.o)
    0x080033e0   0x080033e0   0x000000aa   Code   RO         1273    .text.osRtxMessageQueuePostProcess  RTX_CM3.lib(rtx_msgqueue.o)
    0x0800348a   0x0800348a   0x00000002   PAD
    0x0800348c   0x0800348c   0x00000024   Code   RO         1241    .text.osRtxMessageQueueTimerSetup  RTX_CM3.lib(rtx_msgqueue.o)
    0x080034b0   0x080034b0   0x00000048   Code   RO         1132    .text.osRtxMutexOwnerRelease  RTX_CM3.lib(rtx_mutex.o)
    0x080034f8   0x080034f8   0x00000042   Code   RO         1134    .text.osRtxMutexOwnerRestore  RTX_CM3.lib(rtx_mutex.o)
    0x0800353a   0x0800353a   0x00000002   PAD
    0x0800353c   0x0800353c   0x00000088   Code   RO         1303    .text.osRtxPendSV_Handler  RTX_CM3.lib(rtx_system.o)
    0x080035c4   0x080035c4   0x00000070   Code   RO         1305    .text.osRtxPostProcess  RTX_CM3.lib(rtx_system.o)
    0x08003634   0x08003634   0x00000034   Code   RO          948    .text.osRtxThreadBlock  RTX_CM3.lib(rtx_thread.o)
    0x08003668   0x08003668   0x0000007c   Code   RO          956    .text.osRtxThreadDelayInsert  RTX_CM3.lib(rtx_thread.o)
    0x080036e4   0x080036e4   0x0000003c   Code   RO          952    .text.osRtxThreadDelayRemove  RTX_CM3.lib(rtx_thread.o)
    0x08003720   0x08003720   0x00000048   Code   RO          938    .text.osRtxThreadDelayTick  RTX_CM3.lib(rtx_thread.o)
    0x08003768   0x08003768   0x00000020   Code   RO         1040    .text.osRtxThreadDestroy  RTX_CM3.lib(rtx_thread.o)
    0x08003788   0x08003788   0x00000050   Code   RO          946    .text.osRtxThreadDispatch  RTX_CM3.lib(rtx_thread.o)
    0x080037d8   0x080037d8   0x00000058   Code   RO         1032    .text.osRtxThreadFree  RTX_CM3.lib(rtx_thread.o)
    0x08003830   0x08003830   0x0000001e   Code   RO         1038    .text.osRtxThreadJoinWakeup  RTX_CM3.lib(rtx_thread.o)
    0x0800384e   0x0800384e   0x00000012   Code   RO          930    .text.osRtxThreadListGet  RTX_CM3.lib(rtx_thread.o)
    0x08003860   0x08003860   0x0000002c   Code   RO          928    .text.osRtxThreadListPut  RTX_CM3.lib(rtx_thread.o)
    0x0800388c   0x0800388c   0x00000014   Code   RO          934    .text.osRtxThreadListRemove  RTX_CM3.lib(rtx_thread.o)
    0x080038a0   0x080038a0   0x0000000c   Code   RO          940    .text.osRtxThreadListRoot  RTX_CM3.lib(rtx_thread.o)
    0x080038ac   0x080038ac   0x00000026   Code   RO          932    .text.osRtxThreadListSort  RTX_CM3.lib(rtx_thread.o)
    0x080038d2   0x080038d2   0x00000028   Code   RO         1006    .text.osRtxThreadPostProcess  RTX_CM3.lib(rtx_thread.o)
    0x080038fa   0x080038fa   0x00000002   PAD
    0x080038fc   0x080038fc   0x00000014   Code   RO          936    .text.osRtxThreadReadyPut  RTX_CM3.lib(rtx_thread.o)
    0x08003910   0x08003910   0x00000006   Code   RO          942    .text.osRtxThreadRegPtr  RTX_CM3.lib(rtx_thread.o)
    0x08003916   0x08003916   0x00000002   PAD
    0x08003918   0x08003918   0x00000034   Code   RO          958    .text.osRtxThreadStartup  RTX_CM3.lib(rtx_thread.o)
    0x0800394c   0x0800394c   0x0000000c   Code   RO          944    .text.osRtxThreadSwitch  RTX_CM3.lib(rtx_thread.o)
    0x08003958   0x08003958   0x0000003c   Code   RO          954    .text.osRtxThreadWaitEnter  RTX_CM3.lib(rtx_thread.o)
    0x08003994   0x08003994   0x00000022   Code   RO          950    .text.osRtxThreadWaitExit  RTX_CM3.lib(rtx_thread.o)
    0x080039b6   0x080039b6   0x00000002   PAD
    0x080039b8   0x080039b8   0x00000074   Code   RO         1301    .text.osRtxTick_Handler  RTX_CM3.lib(rtx_system.o)
    0x08003a2c   0x08003a2c   0x00000020   Code   RO         1090    .text.osRtxTimerSetup  RTX_CM3.lib(rtx_timer.o)
    0x08003a4c   0x08003a4c   0x00000020   Code   RO         1094    .text.osRtxTimerThread  RTX_CM3.lib(rtx_timer.o)
    0x08003a6c   0x08003a6c   0x00000070   Code   RO         1092    .text.osRtxTimerTick  RTX_CM3.lib(rtx_timer.o)
    0x08003adc   0x08003adc   0x0000000c   Code   RO          990    .text.osThreadExit  RTX_CM3.lib(rtx_thread.o)
    0x08003ae8   0x08003ae8   0x00000028   Code   RO          966    .text.osThreadGetId  RTX_CM3.lib(rtx_thread.o)
    0x08003b10   0x08003b10   0x00000024   Code   RO          962    .text.osThreadNew   RTX_CM3.lib(rtx_thread.o)
    0x08003b34   0x08003b34   0x0000001e   Code   RO           86    .text.os_kernel_is_active  rtx_lib.o
    0x08003b52   0x08003b52   0x00000002   PAD
    0x08003b54   0x08003b54   0x00000008   Code   RO          139    .text.stdout_putchar  retarget_io.o
    0x08003b5c   0x08003b5c   0x00000016   Code   RO         1078    .text.svcRtxDelay   RTX_CM3.lib(rtx_delay.o)
    0x08003b72   0x08003b72   0x00000002   PAD
    0x08003b74   0x08003b74   0x00000008   Code   RO          868    .text.svcRtxKernelGetState  RTX_CM3.lib(rtx_kernel.o)
    0x08003b7c   0x08003b7c   0x0000000c   Code   RO          884    .text.svcRtxKernelGetTickCount  RTX_CM3.lib(rtx_kernel.o)
    0x08003b88   0x08003b88   0x00000100   Code   RO          898    .text.svcRtxKernelInitialize  RTX_CM3.lib(rtx_kernel.o)
    0x08003c88   0x08003c88   0x00000088   Code   RO          900    .text.svcRtxKernelStart  RTX_CM3.lib(rtx_kernel.o)
    0x08003d10   0x08003d10   0x000000d8   Code   RO         1285    .text.svcRtxMessageQueueGet  RTX_CM3.lib(rtx_msgqueue.o)
    0x08003de8   0x08003de8   0x00000118   Code   RO         1243    .text.svcRtxMessageQueueNew  RTX_CM3.lib(rtx_msgqueue.o)
    0x08003f00   0x08003f00   0x000000b0   Code   RO         1281    .text.svcRtxMessageQueuePut  RTX_CM3.lib(rtx_msgqueue.o)
    0x08003fb0   0x08003fb0   0x00000090   Code   RO         1152    .text.svcRtxMutexAcquire  RTX_CM3.lib(rtx_mutex.o)
    0x08004040   0x08004040   0x000000ac   Code   RO         1158    .text.svcRtxMutexDelete  RTX_CM3.lib(rtx_mutex.o)
    0x080040ec   0x080040ec   0x00000068   Code   RO         1148    .text.svcRtxMutexNew  RTX_CM3.lib(rtx_mutex.o)
    0x08004154   0x08004154   0x000000b4   Code   RO         1154    .text.svcRtxMutexRelease  RTX_CM3.lib(rtx_mutex.o)
    0x08004208   0x08004208   0x00000048   Code   RO         1036    .text.svcRtxThreadExit  RTX_CM3.lib(rtx_thread.o)
    0x08004250   0x08004250   0x0000000c   Code   RO          968    .text.svcRtxThreadGetId  RTX_CM3.lib(rtx_thread.o)
    0x0800425c   0x0800425c   0x000001ec   Code   RO          960    .text.svcRtxThreadNew  RTX_CM3.lib(rtx_thread.o)
    0x08004448   0x08004448   0x0000003e   Code   RO         1483    CL$$btod_d2e        c_w.l(btod.o)
    0x08004486   0x08004486   0x00000046   Code   RO         1485    CL$$btod_d2e_denorm_low  c_w.l(btod.o)
    0x080044cc   0x080044cc   0x00000060   Code   RO         1484    CL$$btod_d2e_norm_op1  c_w.l(btod.o)
    0x0800452c   0x0800452c   0x00000338   Code   RO         1493    CL$$btod_div_common  c_w.l(btod.o)
    0x08004864   0x08004864   0x000000dc   Code   RO         1490    CL$$btod_e2e        c_w.l(btod.o)
    0x08004940   0x08004940   0x0000002a   Code   RO         1487    CL$$btod_ediv       c_w.l(btod.o)
    0x0800496a   0x0800496a   0x0000002a   Code   RO         1486    CL$$btod_emul       c_w.l(btod.o)
    0x08004994   0x08004994   0x00000244   Code   RO         1492    CL$$btod_mult_common  c_w.l(btod.o)
    0x08004bd8   0x08004bd8   0x00000028   Code   RO         1526    i.__ARM_fpclassify  m_ws.l(fpclassify.o)
    0x08004c00   0x08004c00   0x0000000e   Code   RO         1361    i._is_digit         c_w.l(__printf_wp.o)
    0x08004c0e   0x08004c0e   0x0000001a   Code   RO         1424    i.fputc             c_w.l(fputc.o)
    0x08004c28   0x08004c28   0x0000002c   Code   RO         1518    locale$$code        c_w.l(lc_numeric_c.o)
    0x08004c54   0x08004c54   0x0000000c   Code   RO         1437    x$fpl$dretinf       fz_ws.l(dretinf.o)
    0x08004c60   0x08004c60   0x00000056   Code   RO         1387    x$fpl$f2d           fz_ws.l(f2d.o)
    0x08004cb6   0x08004cb6   0x00000002   PAD
    0x08004cb8   0x08004cb8   0x000000c4   Code   RO         1389    x$fpl$fadd          fz_ws.l(faddsub_clz.o)
    0x08004d7c   0x08004d7c   0x00000054   Code   RO         1395    x$fpl$fcmp          fz_ws.l(fcmp.o)
    0x08004dd0   0x08004dd0   0x00000018   Code   RO         1522    x$fpl$fcmpinf       fz_ws.l(fcmpi.o)
    0x08004de8   0x08004de8   0x00000184   Code   RO         1398    x$fpl$fdiv          fz_ws.l(fdiv.o)
    0x08004f6c   0x08004f6c   0x00000068   Code   RO         1439    x$fpl$feqf          fz_ws.l(feqf.o)
    0x08004fd4   0x08004fd4   0x00000026   Code   RO         1401    x$fpl$ffltu         fz_ws.l(fflt_clz.o)
    0x08004ffa   0x08004ffa   0x00000002   PAD
    0x08004ffc   0x08004ffc   0x00000068   Code   RO         1441    x$fpl$fgeqf         fz_ws.l(fgeqf.o)
    0x08005064   0x08005064   0x00000068   Code   RO         1443    x$fpl$fleqf         fz_ws.l(fleqf.o)
    0x080050cc   0x080050cc   0x00000102   Code   RO         1407    x$fpl$fmul          fz_ws.l(fmul.o)
    0x080051ce   0x080051ce   0x0000008c   Code   RO         1445    x$fpl$fnaninf       fz_ws.l(fnaninf.o)
    0x0800525a   0x0800525a   0x0000000a   Code   RO         1447    x$fpl$fretinf       fz_ws.l(fretinf.o)
    0x08005264   0x08005264   0x000000ea   Code   RO         1391    x$fpl$fsub          fz_ws.l(faddsub_clz.o)
    0x0800534e   0x0800534e   0x00000004   Code   RO         1409    x$fpl$printf1       fz_ws.l(printf1.o)
    0x08005352   0x08005352   0x00000000   Code   RO         1449    x$fpl$usenofp       fz_ws.l(usenofp.o)
    0x08005352   0x08005352   0x00000002   PAD
    0x08005354   0x08005354   0x00000094   Data   RO         1481    .constdata          c_w.l(bigflt0.o)
    0x080053e8   0x080053e8   0x000000a8   Data   RO          100    .rodata             rtx_lib.o
    0x08005490   0x08005490   0x00000010   Data   RO          846    .rodata.AHBPrescTable  system_stm32f4xx.o
    0x080054a0   0x080054a0   0x00000008   Data   RO          154    .rodata.__stderr_name  retarget_io.o
    0x080054a8   0x080054a8   0x00000007   Data   RO          152    .rodata.__stdin_name  retarget_io.o
    0x080054af   0x080054af   0x00000008   Data   RO          153    .rodata.__stdout_name  retarget_io.o
    0x080054b7   0x080054b7   0x00000001   PAD
    0x080054b8   0x080054b8   0x00000004   Data   RO          102    .rodata.osRtxUserSVC  rtx_lib.o
    0x080054bc   0x080054bc   0x00000024   Data   RO           97    .rodata.os_idle_thread_attr  rtx_lib.o
    0x080054e0   0x080054e0   0x00000018   Data   RO           99    .rodata.os_timer_mq_attr  rtx_lib.o
    0x080054f8   0x080054f8   0x00000024   Data   RO           98    .rodata.os_timer_thread_attr  rtx_lib.o
    0x0800551c   0x0800551c   0x0000000b   Data   RO          918    .rodata.str1.4      RTX_CM3.lib(rtx_kernel.o)
    0x08005527   0x08005527   0x00000001   PAD
    0x08005528   0x08005528   0x00000020   Data   RO         1830    Region$$Table       anon$$obj.o
    0x08005548   0x08005548   0x0000001c   Data   RO         1517    locale$$data        c_w.l(lc_numeric_c.o)


    Execution Region RW_IRAM1 (Exec base: 0x20000000, Load base: 0x08005568, Size: 0x00008ff0, Max: 0x00030000, ABSOLUTE)

    Exec Addr    Load Addr    Size         Type   Attr      Idx    E Section Name        Object

    0x20000000   0x08005568   0x00000004   Data   RW         1430    .data               c_w.l(stdio_streams.o)
    0x20000004   0x0800556c   0x00000004   Data   RW         1431    .data               c_w.l(stdio_streams.o)
    0x20000008   0x08005570   0x00000004   Data   RW         1432    .data               c_w.l(stdio_streams.o)
    0x2000000c   0x08005574   0x00000004   Data   RW         1607    .data               c_w.l(streamlock.o)
    0x20000010   0x08005578   0x00000004   Data   RW          845    .data.SystemCoreClock  system_stm32f4xx.o
    0x20000014   0x0800557c   0x000000a4   Data   RW          919    .data.os            RTX_CM3.lib(rtx_kernel.o)
    0x200000b8   0x08005620   0x00000001   Data   RW          222    .data.uwTickFreq    stm32f4xx_hal.o
    0x200000b9   0x08005621   0x00000003   PAD
    0x200000bc   0x08005624   0x00000004   Data   RW          221    .data.uwTickPrio    stm32f4xx_hal.o
    0x200000c0        -       0x00000054   Zero   RW         1427    .bss                c_w.l(stdio_streams.o)
    0x20000114        -       0x00000054   Zero   RW         1428    .bss                c_w.l(stdio_streams.o)
    0x20000168        -       0x00000054   Zero   RW         1429    .bss                c_w.l(stdio_streams.o)
    0x200001bc        -       0x00000060   Zero   RW         1529    .bss                c_w.l(libspace.o)
    0x2000021c        -       0x00000004   Zero   RW            8    .bss.HAL_GetTick.ticks  main.o
    0x20000220        -       0x00000040   Zero   RW           41    .bss.htim4          hcsr04.o
    0x20000260        -       0x00008040   Zero   RW           96    .bss.os             rtx_lib.o
    0x200082a0        -       0x00000001   Zero   RW         1333    .bss.os             RTX_CM3.lib(os_systick.o)
    0x200082a1   0x08005628   0x00000003   PAD
    0x200082a4        -       0x000001f0   Zero   RW          103    .bss.os.libspace    rtx_lib.o
    0x20008494        -       0x00000034   Zero   RW          107    .bss.os.msgqueue.cb  rtx_lib.o
    0x200084c8        -       0x00000050   Zero   RW          108    .bss.os.msgqueue.mem  rtx_lib.o
    0x20008518        -       0x00000088   Zero   RW          104    .bss.os.thread.cb   rtx_lib.o
    0x200085a0        -       0x00000200   Zero   RW          105    .bss.os.thread.idle.stack  rtx_lib.o
    0x200087a0        -       0x00000200   Zero   RW          106    .bss.os.thread.timer.stack  rtx_lib.o
    0x200089a0        -       0x00000001   Zero   RW          109    .bss.os_kernel_is_active.os_kernel_active  rtx_lib.o
    0x200089a1   0x08005628   0x00000003   PAD
    0x200089a4        -       0x00000004   Zero   RW           59    .bss.quantity       thread.o
    0x200089a8        -       0x00000004   Zero   RW           60    .bss.tid_Thread     thread.o
    0x200089ac        -       0x00000040   Zero   RW           61    .bss.tim7           thread.o
    0x200089ec   0x08005628   0x00000004   PAD
    0x200089f0        -       0x00000200   Zero   RW          832    HEAP                startup_stm32f429xx.o
    0x20008bf0        -       0x00000400   Zero   RW          831    STACK               startup_stm32f429xx.o


==============================================================================

Image component sizes


      Code (inc. data)   RO Data    RW Data    ZI Data      Debug   Object Name

       224          0          0          0         64       5000   hcsr04.o
       312          0          0          0          0       2449   leds.o
       266          0          0          0          4       3406   main.o
       244         24         23          0          0       3466   retarget_io.o
         4          0          0          0          0        725   rtx_config.o
       214          0        268          0      34621       7369   rtx_lib.o
        64         26        428          0       1536        880   startup_stm32f429xx.o
       142          0          0          5          0       8047   stm32f4xx_hal.o
       218          0          0          0          0      11187   stm32f4xx_hal_cortex.o
       430          0          0          0          0       5465   stm32f4xx_hal_gpio.o
      1278          0          0          0          0       7629   stm32f4xx_hal_rcc.o
      1120          0          0          0          0      38599   stm32f4xx_hal_tim.o
        12          0          0          0          0        796   stm32f4xx_it.o
       142          0         16          4          0       2827   system_stm32f4xx.o
       574         56          0          0         72       5893   thread.o

    ----------------------------------------------------------------------
      5324        106        768         12      36304     103738   Object Totals
         0          0         32          0          0          0   (incl. Generated)
        80          0          1          3          7          0   (incl. Padding)

    ----------------------------------------------------------------------

      Code (inc. data)   RO Data    RW Data    ZI Data      Debug   Library Member Name

       148          8          0          0          0        591   irq_armv7m.o
       114         20          0          0          1       3197   os_systick.o
        58          4          0          0          0       2791   rtx_delay.o
       600         52         11        164          0      16501   rtx_kernel.o
       228          0          0          0          0       2537   rtx_memory.o
       188          0          0          0          0      16008   rtx_mempool.o
      1310         24          0          0          0      18657   rtx_msgqueue.o
       882         28          0          0          0       9962   rtx_mutex.o
       364         14          0          0          0       5296   rtx_system.o
      1658         56          0          0          0      31735   rtx_thread.o
       248         16          0          0          0      10397   rtx_timer.o
         8          0          0          0          0         68   __main.o
       284          0          0          0          0        156   __printf_wp.o
         0          0          0          0          0          0   __rtentry.o
        20          0          0          0          0          0   __rtentry2.o
         6          0          0          0          0          0   __rtentry4.o
        52          8          0          0          0          0   __scatter.o
        26          0          0          0          0          0   __scatter_copy.o
        28          0          0          0          0          0   __scatter_zi.o
        48          6          0          0          0         96   _printf_char_common.o
        64          6          0          0          0         84   _printf_char_file_locked.o
         6          0          0          0          0          0   _printf_f.o
      1052          0          0          0          0        148   _printf_fp_dec.o
       128         16          0          0          0         84   _printf_fp_infnan.o
         0          0          0          0          0          0   _printf_percent.o
         4          0          0          0          0          0   _printf_percent_end.o
       228          4        148          0          0         96   bigflt0.o
      1936        128          0          0          0        668   btod.o
        10          0          0          0          0         68   defsig_exit.o
        50          0          0          0          0         88   defsig_general.o
        80         58          0          0          0         76   defsig_rtmem_inner.o
        14          0          0          0          0         80   defsig_rtmem_outer.o
        52         38          0          0          0         76   defsig_rtred_inner.o
        14          0          0          0          0         80   defsig_rtred_outer.o
        18          0          0          0          0         80   exit.o
        76          0          0          0          0         88   fclose.o
       470          0          0          0          0         88   flsbuf.o
       332         10          0          0          0        152   fopen_locked.o
        26          0          0          0          0         68   fputc.o
       248          6          0          0          0         84   fseek.o
        66          0          0          0          0         76   ftell.o
       166          0          0          0          0        144   h1_alloc_threads.o
        82          0          0          0          0        104   h1_extend_threads.o
        10          0          0          0          0         76   h1_final_threads.o
       118          0          0          0          0        108   h1_free_threads.o
        18          0          0          0          0         84   h1_init_threads.o
         6          0          0          0          0        152   heapauxi.o
         4          0          0          0          0        136   hguard.o
         0          0          0          0          0          0   indicate_semi.o
       138          0          0          0          0        168   init_alloc.o
       456         48          0          0          0        116   initio_locked.o
        44         10         28          0          0         76   lc_numeric_c.o
         2          0          0          0          0          0   libinit.o
        30          0          0          0          0          0   libinit2.o
         2          0          0          0          0          0   libshutdown.o
        10          0          0          0          0          0   libshutdown2.o
         8          4          0          0         96         68   libspace.o
       138          0          0          0          0         80   lludiv10.o
       240          0          0          0          0        100   lludivv7m.o
         0          0          0          0          0          0   maybetermalloc2.o
        24          4          0          0          0         84   noretval__2printf.o
        64          6          0          0          0         80   puts_locked.o
         4          0          0          0          0         68   rt_errno_addr_twolibspace.o
        10          0          0          0          0         76   rt_heap_descriptor_twolibspace.o
        10          0          0          0          0         76   rt_locale_twolibspace.o
        68          0          0          0          0         68   rt_memclr.o
        78          0          0          0          0         80   rt_memclr_w.o
       138          0          0          0          0         68   rt_memcpy_v6.o
       100          0          0          0          0         80   rt_memcpy_w.o
         2          0          0          0          0          0   rtexit.o
        10          0          0          0          0          0   rtexit2.o
       104          0          0          0          0         88   setvbuf_locked.o
       240          6          0          0          0        156   stdio.o
         0          0          0         12        252          0   stdio_streams.o
       124          0          0          0          0         88   strcmpv7em.o
         0          0          0          4          0          0   streamlock.o
        12          4          0          0          0         68   sys_exit.o
        74          0          0          0          0         80   sys_stackheap_outer.o
        14          0          0          0          0         76   sys_wrch.o
        16          0          0          0          0         80   term_alloc.o
         2          0          0          0          0         68   use_no_semi.o
        12          0          0          0          0         68   dretinf.o
        86          4          0          0          0         84   f2d.o
       430          8          0          0          0        168   faddsub_clz.o
        84          0          0          0          0        196   fcmp.o
        24          0          0          0          0         68   fcmpi.o
       388         76          0          0          0         96   fdiv.o
       104          4          0          0          0         84   feqf.o
        38          0          0          0          0         68   fflt_clz.o
       104          4          0          0          0         84   fgeqf.o
       104          4          0          0          0         84   fleqf.o
       258          4          0          0          0         84   fmul.o
       140          4          0          0          0         84   fnaninf.o
        10          0          0          0          0         68   fretinf.o
         4          0          0          0          0         68   printf1.o
         0          0          0          0          0          0   usenofp.o
        40          0          0          0          0         68   fpclassify.o

    ----------------------------------------------------------------------
     15580        692        188        180        352     124344   Library Totals
        44          0          1          0          3          0   (incl. Padding)

    ----------------------------------------------------------------------

      Code (inc. data)   RO Data    RW Data    ZI Data      Debug   Library Name

      5798        222         11        164          1     117672   RTX_CM3.lib
      7912        362        176         16        348       5300   c_w.l
      1786        108          0          0          0       1304   fz_ws.l
        40          0          0          0          0         68   m_ws.l

    ----------------------------------------------------------------------
     15580        692        188        180        352     124344   Library Totals

    ----------------------------------------------------------------------

==============================================================================


      Code (inc. data)   RO Data    RW Data    ZI Data      Debug   

     20904        798        956        192      36656     224018   Grand Totals
     20904        798        956        192      36656     224018   ELF Image Totals
     20904        798        956        192          0          0   ROM Totals

==============================================================================

    Total RO  Size (Code + RO Data)                21860 (  21.35kB)
    Total RW  Size (RW Data + ZI Data)             36848 (  35.98kB)
    Total ROM Size (Code + RO Data + RW Data)      22052 (  21.54kB)

==============================================================================

